Archive member included to satisfy reference by file (symbol)

app/libapp.a(main.c.obj)      (--whole-archive)
app/libapp.a(stepper_driver.c.obj)
                              (--whole-archive)
zephyr/libzephyr.a(validate_libc.c.obj)
                              (--whole-archive)
zephyr/libzephyr.a(heap.c.obj)
                              (--whole-archive)
zephyr/libzephyr.a(cbprintf_packaged.c.obj)
                              (--whole-archive)
zephyr/libzephyr.a(clock.c.obj)
                              (--whole-archive)
zephyr/libzephyr.a(printk.c.obj)
                              (--whole-archive)
zephyr/libzephyr.a(sem.c.obj)
                              (--whole-archive)
zephyr/libzephyr.a(thread_entry.c.obj)
                              (--whole-archive)
zephyr/libzephyr.a(cbprintf_complete.c.obj)
                              (--whole-archive)
zephyr/libzephyr.a(assert.c.obj)
                              (--whole-archive)
zephyr/libzephyr.a(mpsc_pbuf.c.obj)
                              (--whole-archive)
zephyr/libzephyr.a(dec.c.obj)
                              (--whole-archive)
zephyr/libzephyr.a(hex.c.obj)
                              (--whole-archive)
zephyr/libzephyr.a(rb.c.obj)  (--whole-archive)
zephyr/libzephyr.a(timeutil.c.obj)
                              (--whole-archive)
zephyr/libzephyr.a(bitarray.c.obj)
                              (--whole-archive)
zephyr/libzephyr.a(bitmask.c.obj)
                              (--whole-archive)
zephyr/libzephyr.a(ring_buffer.c.obj)
                              (--whole-archive)
zephyr/libzephyr.a(last_section_id.c.obj)
                              (--whole-archive)
zephyr/libzephyr.a(configs.c.obj)
                              (--whole-archive)
zephyr/libzephyr.a(stm32cube_hal.c.obj)
                              (--whole-archive)
zephyr/libzephyr.a(soc_config.c.obj)
                              (--whole-archive)
zephyr/libzephyr.a(stm32_cache.c.obj)
                              (--whole-archive)
zephyr/libzephyr.a(stm32_backup_domain.c.obj)
                              (--whole-archive)
zephyr/libzephyr.a(soc.c.obj)
                              (--whole-archive)
zephyr/libzephyr.a(log_core.c.obj)
                              (--whole-archive)
zephyr/libzephyr.a(log_mgmt.c.obj)
                              (--whole-archive)
zephyr/libzephyr.a(log_cache.c.obj)
                              (--whole-archive)
zephyr/libzephyr.a(log_msg.c.obj)
                              (--whole-archive)
zephyr/libzephyr.a(log_output.c.obj)
                              (--whole-archive)
zephyr/libzephyr.a(log_backend_uart.c.obj)
                              (--whole-archive)
zephyr/libzephyr.a(mem_attr.c.obj)
                              (--whole-archive)
zephyr/libzephyr.a(tracing_none.c.obj)
                              (--whole-archive)
zephyr/arch/common/libarch__common.a(sw_isr_common.c.obj)
                              (--whole-archive)
zephyr/arch/common/libarch__common.a(init.c.obj)
                              (--whole-archive)
zephyr/arch/common/libarch__common.a(xip.c.obj)
                              (--whole-archive)
zephyr/arch/arch/arm/core/libarch__arm__core.a(fatal.c.obj)
                              (--whole-archive)
zephyr/arch/arch/arm/core/libarch__arm__core.a(nmi.c.obj)
                              (--whole-archive)
zephyr/arch/arch/arm/core/libarch__arm__core.a(nmi_on_reset.S.obj)
                              (--whole-archive)
zephyr/arch/arch/arm/core/libarch__arm__core.a(tls.c.obj)
                              (--whole-archive)
zephyr/arch/arch/arm/core/cortex_m/libarch__arm__core__cortex_m.a(exc_exit.c.obj)
                              (--whole-archive)
zephyr/arch/arch/arm/core/cortex_m/libarch__arm__core__cortex_m.a(fault.c.obj)
                              (--whole-archive)
zephyr/arch/arch/arm/core/cortex_m/libarch__arm__core__cortex_m.a(fault_s.S.obj)
                              (--whole-archive)
zephyr/arch/arch/arm/core/cortex_m/libarch__arm__core__cortex_m.a(fpu.c.obj)
                              (--whole-archive)
zephyr/arch/arch/arm/core/cortex_m/libarch__arm__core__cortex_m.a(reset.S.obj)
                              (--whole-archive)
zephyr/arch/arch/arm/core/cortex_m/libarch__arm__core__cortex_m.a(scb.c.obj)
                              (--whole-archive)
zephyr/arch/arch/arm/core/cortex_m/libarch__arm__core__cortex_m.a(thread_abort.c.obj)
                              (--whole-archive)
zephyr/arch/arch/arm/core/cortex_m/libarch__arm__core__cortex_m.a(vector_table.S.obj)
                              (--whole-archive)
zephyr/arch/arch/arm/core/cortex_m/libarch__arm__core__cortex_m.a(swap_helper.S.obj)
                              (--whole-archive)
zephyr/arch/arch/arm/core/cortex_m/libarch__arm__core__cortex_m.a(irq_manage.c.obj)
                              (--whole-archive)
zephyr/arch/arch/arm/core/cortex_m/libarch__arm__core__cortex_m.a(prep_c.c.obj)
[...]
Memory Configuration

Name             Origin             Length             Attributes
FLASH            0x0000000008000000 0x0000000000200000 xr
RAM              0x0000000020020000 0x0000000000060000 xw
QSPI_PLACEHOLDER 0x0000000090000000 0x0000000010000000 rw
SRAM0            0x0000000020020000 0x0000000000060000 rw
DTCM             0x0000000020000000 0x0000000000020000 rw
IDT_LIST         0x00000000ffff7fff 0x0000000000008000 xw
*default*        0x0000000000000000 0xffffffffffffffff

Linker script and memory map

                0x0000000008004efc                vfprintf = __d_vfprintf
                0x0000000000000000                vfscanf = __d_vfscanf
LOAD zephyr/CMakeFiles/zephyr_final.dir/misc/empty_file.c.obj
LOAD zephyr/CMakeFiles/zephyr_final.dir/isr_tables.c.obj
LOAD zephyr/CMakeFiles/offsets.dir/./arch/arm/core/offsets/offsets.c.obj
LOAD app/libapp.a
LOAD zephyr/libzephyr.a
LOAD zephyr/arch/common/libarch__common.a
LOAD zephyr/arch/arch/arm/core/libarch__arm__core.a
LOAD zephyr/arch/arch/arm/core/cortex_m/libarch__arm__core__cortex_m.a
LOAD zephyr/arch/arch/arm/core/mpu/libarch__arm__core__mpu.a
LOAD zephyr/lib/libc/picolibc/liblib__libc__picolibc.a
LOAD zephyr/lib/libc/common/liblib__libc__common.a
LOAD zephyr/drivers/interrupt_controller/libdrivers__interrupt_controller.a
LOAD zephyr/drivers/clock_control/libdrivers__clock_control.a
LOAD zephyr/drivers/console/libdrivers__console.a
LOAD zephyr/drivers/gpio/libdrivers__gpio.a
LOAD zephyr/drivers/pinctrl/libdrivers__pinctrl.a
LOAD zephyr/drivers/reset/libdrivers__reset.a
LOAD zephyr/drivers/serial/libdrivers__serial.a
LOAD zephyr/drivers/timer/libdrivers__timer.a
LOAD modules/hal_stm32/stm32cube/lib..__modules__hal__stm32__stm32cube.a
LOAD zephyr/kernel/libkernel.a
LOAD zephyr/arch/common/libisr_tables.a
LOAD c:\users\urvih\zephyr-sdk-0.17.4\arm-zephyr-eabi\bin\../lib/gcc/../../picolibc/arm-zephyr-eabi/lib/thumb/v7e-m/nofp\libc.a
LOAD c:/users/urvih/zephyr-sdk-0.17.4/arm-zephyr-eabi/bin/../lib/gcc/arm-zephyr-eabi/12.2.0/thumb/v7e-m/nofp\libgcc.a
                0x0000000000000020                _region_min_align = 0x20

.rel.plt        0x0000000008000000        0x0
 *(SORT_BY_ALIGNMENT(.rel.plt))
                [!provide]                        PROVIDE (__rel_iplt_start = .)
 *(SORT_BY_ALIGNMENT(.rel.iplt))
 .rel.iplt      0x0000000008000000        0x0 zephyr/CMakeFiles/zephyr_final.dir/isr_tables.c.obj
                [!provide]                        PROVIDE (__rel_iplt_end = .)

.rela.plt       0x0000000000000000        0x0
 *(SORT_BY_ALIGNMENT(.rela.plt))
                [!provide]                        PROVIDE (__rela_iplt_start = .)
 *(SORT_BY_ALIGNMENT(.rela.iplt))
                [!provide]                        PROVIDE (__rela_iplt_end = .)

.rel.dyn
 *(SORT_BY_ALIGNMENT(.rel.*))

.rela.dyn
 *(SORT_BY_ALIGNMENT(.rela.*))

/DISCARD/
 *(SORT_BY_ALIGNMENT(.plt))

/DISCARD/
 *(SORT_BY_ALIGNMENT(.iplt))
                0x0000000008000000                __rom_region_start = 0x8000000

rom_start       0x0000000008000000      0x1f8
                0x0000000008000000                __rom_start_address = .
 FILL mask 0x00
                0x0000000008000000                . = (. + (0x0 - (. - __rom_start_address)))
                0x0000000008000000                . = ALIGN (0x4)
                0x0000000008000000                . = ALIGN (0x80)
                0x0000000008000000                . = ALIGN (0x200)
                0x0000000008000000                _vector_start = .
 *(SORT_BY_ALIGNMENT(.exc_vector_table))
 *(SORT_BY_ALIGNMENT(.exc_vector_table.*))
 .exc_vector_table._vector_table_section
                0x0000000008000000       0x40 zephyr/arch/arch/arm/core/cortex_m/libarch__arm__core__cortex_m.a(vector_table.S.obj)
                0x0000000008000000                _vector_table
 *(SORT_BY_ALIGNMENT(.vectors))
                0x00000000080001f8                _vector_end = .
                0x0000000008000040                . = ALIGN (0x4)
 *(SORT_BY_ALIGNMENT(.gnu.linkonce.irq_vector_table*))
 .gnu.linkonce.irq_vector_table
                0x0000000008000040      0x1b8 zephyr/CMakeFiles/zephyr_final.dir/isr_tables.c.obj
                0x0000000008000040                _irq_vector_table
                0x00000000080001f8                _vector_end = .

text            0x00000000080001f8     0x76ac
                0x00000000080001f8                __text_region_start = .
 *(SORT_BY_ALIGNMENT(.text))
 .text          0x00000000080001f8      0x378 c:/users/urvih/zephyr-sdk-0.17.4/arm-zephyr-eabi/bin/../lib/gcc/arm-zephyr-eabi/12.2.0/thumb/v7e-m/nofp\libgcc.a(_arm_addsubdf3.o)
                0x00000000080001f8                __aeabi_drsub
                0x0000000008000200                __aeabi_dsub
                0x0000000008000200                __subdf3
                0x0000000008000204                __aeabi_dadd
                0x0000000008000204                __adddf3
                0x000000000800047c                __floatunsidf
                0x000000000800047c                __aeabi_ui2d
                0x000000000800049c                __floatsidf
                0x000000000800049c                __aeabi_i2d
                0x00000000080004c0                __aeabi_f2d
                0x00000000080004c0                __extendsfdf2
                0x0000000008000504                __floatundidf
                0x0000000008000504                __aeabi_ul2d
                0x0000000008000514                __floatdidf
                0x0000000008000514                __aeabi_l2d
 .text          0x0000000008000570      0x21c c:/users/urvih/zephyr-sdk-0.17.4/arm-zephyr-eabi/bin/../lib/gcc/arm-zephyr-eabi/12.2.0/thumb/v7e-m/nofp\libgcc.a(_arm_addsubsf3.o)
                0x0000000008000570                __aeabi_frsub
                0x0000000008000578                __subsf3
                0x0000000008000578                __aeabi_fsub
                0x000000000800057c                __aeabi_fadd
                0x000000000800057c                __addsf3
                0x00000000080006dc                __aeabi_ui2f
                0x00000000080006dc                __floatunsisf
                0x00000000080006e4                __aeabi_i2f
                0x00000000080006e4                __floatsisf
                0x0000000008000700                __aeabi_ul2f
                0x0000000008000700                __floatundisf
                0x0000000008000710                __aeabi_l2f
                0x0000000008000710                __floatdisf
 .text          0x000000000800078c      0x2a0 c:/users/urvih/zephyr-sdk-0.17.4/arm-zephyr-eabi/bin/../lib/gcc/arm-zephyr-eabi/12.2.0/thumb/v7e-m/nofp\libgcc.a(_arm_muldivsf3.o)
                0x000000000800078c                __mulsf3
                0x000000000800078c                __aeabi_fmul
                0x00000000080008f4                __aeabi_fdiv
                0x00000000080008f4                __divsf3
 .text          0x0000000008000a2c       0xec c:/users/urvih/zephyr-sdk-0.17.4/arm-zephyr-eabi/bin/../lib/gcc/arm-zephyr-eabi/12.2.0/thumb/v7e-m/nofp\libgcc.a(_arm_cmpsf2.o)
                0x0000000008000a2c                __gesf2
                0x0000000008000a2c                __gtsf2
                0x0000000008000a34                __lesf2
                0x0000000008000a34                __ltsf2
                0x0000000008000a3c                __nesf2
                0x0000000008000a3c                __eqsf2
                0x0000000008000a3c                __cmpsf2
                0x0000000008000a9c                __aeabi_cfrcmple
                0x0000000008000aa4                __aeabi_cfcmpeq
                0x0000000008000aa4                __aeabi_cfcmple
                0x0000000008000ab4                __aeabi_fcmpeq
                0x0000000008000ac8                __aeabi_fcmplt
                0x0000000008000adc                __aeabi_fcmple
                0x0000000008000af0                __aeabi_fcmpge
                0x0000000008000b04                __aeabi_fcmpgt
 .text          0x0000000008000b18       0x4c c:/users/urvih/zephyr-sdk-0.17.4/arm-zephyr-eabi/bin/../lib/gcc/arm-zephyr-eabi/12.2.0/thumb/v7e-m/nofp\libgcc.a(_arm_fixsfsi.o)
                0x0000000008000b18                __aeabi_f2iz
                0x0000000008000b18                __fixsfsi
 .text          0x0000000008000b64       0x30 c:/users/urvih/zephyr-sdk-0.17.4/arm-zephyr-eabi/bin/../lib/gcc/arm-zephyr-eabi/12.2.0/thumb/v7e-m/nofp\libgcc.a(_aeabi_uldivmod.o)
                0x0000000008000b64                __aeabi_uldivmod
 .text          0x0000000008000b94        0x4 c:/users/urvih/zephyr-sdk-0.17.4/arm-zephyr-eabi/bin/../lib/gcc/arm-zephyr-eabi/12.2.0/thumb/v7e-m/nofp\libgcc.a(_dvmd_tls.o)
                0x0000000008000b94                __aeabi_idiv0
                0x0000000008000b94                __aeabi_ldiv0
 .text          0x0000000008000b98       0x10 c:\users\urvih\zephyr-sdk-0.17.4\arm-zephyr-eabi\bin\../lib/gcc/../../picolibc/arm-zephyr-eabi/lib/thumb/v7e-m/nofp\libc.a(strlen.S.o)
                0x0000000008000b98                strlen
 .text          0x0000000008000ba8      0x2a0 c:/users/urvih/zephyr-sdk-0.17.4/arm-zephyr-eabi/bin/../lib/gcc/arm-zephyr-eabi/12.2.0/thumb/v7e-m/nofp\libgcc.a(_udivmoddi4.o)
                0x0000000008000ba8                __udivmoddi4
 *(SORT_BY_ALIGNMENT(.text.*))
 .text.main     0x0000000008000e48       0xb4 app/libapp.a(main.c.obj)
                0x0000000008000e48                main
 .text.stepper_init
                0x0000000008000efc       0x9c app/libapp.a(stepper_driver.c.obj)
                0x0000000008000efc                stepper_init
 .text.stepper_move_deg
                0x0000000008000f98      0x11c app/libapp.a(stepper_driver.c.obj)
                0x0000000008000f98                stepper_move_deg
 .text.cbvprintf_package
                0x00000000080010b4      0x3a4 zephyr/libzephyr.a(cbprintf_packaged.c.obj)
                0x00000000080010b4                cbvprintf_package
 .text.cbprintf_package_convert
                0x0000000008001458      0x3cc zephyr/libzephyr.a(cbprintf_packaged.c.obj)
                0x0000000008001458                cbprintf_package_convert
 .text.__printk_hook_install
                0x0000000008001824        0xc zephyr/libzephyr.a(printk.c.obj)
                0x0000000008001824                __printk_hook_install
 .text.z_thread_entry
                0x0000000008001830       0x34 zephyr/libzephyr.a(thread_entry.c.obj)
                0x0000000008001830                z_thread_entry
 .text.st_stm32_common_config
                0x0000000008001864       0x14 zephyr/libzephyr.a(soc_config.c.obj)
 .text.soc_early_init_hook
                0x0000000008001878       0x28 zephyr/libzephyr.a(soc.c.obj)
                0x0000000008001878                soc_early_init_hook
 .text.activate_foreach_backend
                0x00000000080018a0       0x64 zephyr/libzephyr.a(log_core.c.obj)
 .text.enable_logger
                0x0000000008001904       0x5c zephyr/libzephyr.a(log_core.c.obj)
 .text.log_process_thread_timer_expiry_fn
                0x0000000008001960        0xc zephyr/libzephyr.a(log_core.c.obj)
 .text.z_log_init
                0x000000000800196c       0x94 zephyr/libzephyr.a(log_core.c.obj)
 .text.log_format_func_t_get
                0x0000000008001a00        0xc zephyr/libzephyr.a(log_core.c.obj)
                0x0000000008001a00                log_format_func_t_get
 .text.log_set_timestamp_func
                0x0000000008001a0c       0x20 zephyr/libzephyr.a(log_core.c.obj)
                0x0000000008001a0c                log_set_timestamp_func
 .text.z_log_notify_backend_enabled
                0x0000000008001a2c       0x1c zephyr/libzephyr.a(log_core.c.obj)
                0x0000000008001a2c                z_log_notify_backend_enabled
 .text.z_log_dropped
                0x0000000008001a48       0x44 zephyr/libzephyr.a(log_core.c.obj)
                0x0000000008001a48                z_log_dropped
 .text.z_log_dropped_read_and_clear
                0x0000000008001a8c       0x20 zephyr/libzephyr.a(log_core.c.obj)
                0x0000000008001a8c                z_log_dropped_read_and_clear
 .text.dropped_notify
                0x0000000008001aac       0x30 zephyr/libzephyr.a(log_core.c.obj)
                0x0000000008001aac                dropped_notify
 .text.z_log_msg_init
                0x0000000008001adc       0x20 zephyr/libzephyr.a(log_core.c.obj)
                0x0000000008001adc                z_log_msg_init
 .text.log_core_init
                0x0000000008001afc       0x50 zephyr/libzephyr.a(log_core.c.obj)
                0x0000000008001afc                log_core_init
 .text.z_log_msg_alloc
                0x0000000008001b4c       0x10 zephyr/libzephyr.a(log_core.c.obj)
                0x0000000008001b4c                z_log_msg_alloc
 .text.z_log_msg_local_claim
                0x0000000008001b5c        0xc zephyr/libzephyr.a(log_core.c.obj)
                0x0000000008001b5c                z_log_msg_local_claim
 .text.z_log_msg_free
                0x0000000008001b68       0x10 zephyr/libzephyr.a(log_core.c.obj)
                0x0000000008001b68                z_log_msg_free
 .text.z_log_msg_pending
                0x0000000008001b78        0xc zephyr/libzephyr.a(log_core.c.obj)
                0x0000000008001b78                z_log_msg_pending
 .text.z_impl_log_process
                0x0000000008001b84       0xb4 zephyr/libzephyr.a(log_core.c.obj)
                0x0000000008001b84                z_impl_log_process
 .text.z_impl_log_panic
                0x0000000008001c38       0x44 zephyr/libzephyr.a(log_core.c.obj)
                0x0000000008001c38                z_impl_log_panic
 .text.log_process_thread_func
                0x0000000008001c7c       0xa4 zephyr/libzephyr.a(log_core.c.obj)
 .text.z_log_msg_post_finalize
                0x0000000008001d20       0x78 zephyr/libzephyr.a(log_core.c.obj)
 .text.z_log_msg_commit
                0x0000000008001d98       0x24 zephyr/libzephyr.a(log_core.c.obj)
                0x0000000008001d98                z_log_msg_commit
 .text.log_source_name_get
                0x0000000008001dbc       0x1c zephyr/libzephyr.a(log_mgmt.c.obj)
                0x0000000008001dbc                log_source_name_get
 .text.z_impl_z_log_msg_static_create
                0x0000000008001dd8      0x108 zephyr/libzephyr.a(log_msg.c.obj)
                0x0000000008001dd8                z_impl_z_log_msg_static_create
 .text.z_log_msg_runtime_vcreate
                0x0000000008001ee0       0xa0 zephyr/libzephyr.a(log_msg.c.obj)
                0x0000000008001ee0                z_log_msg_runtime_vcreate
 .text.log_msg_get_source_id
                0x0000000008001f80       0x18 zephyr/libzephyr.a(log_msg.c.obj)
                0x0000000008001f80                log_msg_get_source_id
 .text.print_formatted
                0x0000000008001f98       0x24 zephyr/libzephyr.a(log_output.c.obj)
 .text.newline_print
                0x0000000008001fbc       0x1c zephyr/libzephyr.a(log_output.c.obj)
 .text.log_output_process
                0x0000000008001fd8      0x2d4 zephyr/libzephyr.a(log_output.c.obj)
                0x0000000008001fd8                log_output_process
 .text.log_output_dropped_process
                0x00000000080022ac       0x58 zephyr/libzephyr.a(log_output.c.obj)
                0x00000000080022ac                log_output_dropped_process
 .text.log_output_timestamp_freq_set
                0x0000000008002304       0x2c zephyr/libzephyr.a(log_output.c.obj)
                0x0000000008002304                log_output_timestamp_freq_set
 .text.char_out
                0x0000000008002330       0x24 zephyr/libzephyr.a(log_backend_uart.c.obj)
 .text.mem_attr_get_regions
                0x0000000008002354        0xc zephyr/libzephyr.a(mem_attr.c.obj)
                0x0000000008002354                mem_attr_get_regions
 .text.arch_bss_zero
                0x0000000008002360       0x2c zephyr/arch/common/libarch__common.a(init.c.obj)
                0x0000000008002360                arch_bss_zero
 .text.arch_data_copy
                0x000000000800238c       0x50 zephyr/arch/common/libarch__common.a(xip.c.obj)
                0x000000000800238c                arch_data_copy
 .text.z_arm_fatal_error
                0x00000000080023dc       0xb8 zephyr/arch/arch/arm/core/libarch__arm__core.a(fatal.c.obj)
                0x00000000080023dc                z_arm_fatal_error
 .text.z_SysNmiOnReset
                0x0000000008002494        0x8 zephyr/arch/arch/arm/core/libarch__arm__core.a(nmi_on_reset.S.obj)
                0x0000000008002494                z_SysNmiOnReset
 .text.arch_tls_stack_setup
                0x000000000800249c       0x40 zephyr/arch/arch/arm/core/libarch__arm__core.a(tls.c.obj)
                0x000000000800249c                arch_tls_stack_setup
 .text._HandlerModeExit
                0x00000000080024dc       0x20 zephyr/arch/arch/arm/core/cortex_m/libarch__arm__core__cortex_m.a(exc_exit.c.obj)
                0x00000000080024dc                z_arm_int_exit
                0x00000000080024dc                z_arm_exc_exit
 .text.bus_fault.constprop.0
                0x00000000080024fc       0xd0 zephyr/arch/arch/arm/core/cortex_m/libarch__arm__core__cortex_m.a(fault.c.obj)
 .text.usage_fault.constprop.0
                0x00000000080025cc       0xa8 zephyr/arch/arch/arm/core/cortex_m/libarch__arm__core__cortex_m.a(fault.c.obj)
 .text.mem_manage_fault
                0x0000000008002674      0x104 zephyr/arch/arch/arm/core/cortex_m/libarch__arm__core__cortex_m.a(fault.c.obj)
 .text.z_arm_fault
                0x0000000008002778      0x1d4 zephyr/arch/arch/arm/core/cortex_m/libarch__arm__core__cortex_m.a(fault.c.obj)
                0x0000000008002778                z_arm_fault
 .text.z_arm_fault_init
                0x000000000800294c       0x18 zephyr/arch/arch/arm/core/cortex_m/libarch__arm__core__cortex_m.a(fault.c.obj)
                0x000000000800294c                z_arm_fault_init
 .text.__fault  0x0000000008002964       0x14 zephyr/arch/arch/arm/core/cortex_m/libarch__arm__core__cortex_m.a(fault_s.S.obj)
                0x0000000008002964                z_arm_usage_fault
                0x0000000008002964                z_arm_mpu_fault
                0x0000000008002964                z_arm_exc_spurious
                0x0000000008002964                z_arm_debug_monitor
                0x0000000008002964                z_arm_hard_fault
                0x0000000008002964                z_arm_bus_fault
 .text._reset_section
                0x0000000008002978       0x34 zephyr/arch/arch/arm/core/cortex_m/libarch__arm__core__cortex_m.a(reset.S.obj)
                0x0000000008002978                __start
                0x0000000008002978                z_arm_reset
 .text.z_impl_k_thread_abort
                0x00000000080029ac       0x2c zephyr/arch/arch/arm/core/cortex_m/libarch__arm__core__cortex_m.a(thread_abort.c.obj)
                0x00000000080029ac                z_impl_k_thread_abort
 .text.z_arm_pendsv
                0x00000000080029d8       0x60 zephyr/arch/arch/arm/core/cortex_m/libarch__arm__core__cortex_m.a(swap_helper.S.obj)
                0x00000000080029d8                z_arm_pendsv
 .text.z_arm_svc
                0x0000000008002a38       0x24 zephyr/arch/arch/arm/core/cortex_m/libarch__arm__core__cortex_m.a(swap_helper.S.obj)
                0x0000000008002a38                z_arm_svc
 .text.arm_irq_enable
                0x0000000008002a5c       0x1c zephyr/arch/arch/arm/core/cortex_m/libarch__arm__core__cortex_m.a(irq_manage.c.obj)
                0x0000000008002a5c                arm_irq_enable
 .text.arm_irq_priority_set
                0x0000000008002a78       0x2c zephyr/arch/arch/arm/core/cortex_m/libarch__arm__core__cortex_m.a(irq_manage.c.obj)
                0x0000000008002a78                arm_irq_priority_set
 .text.relocate_vector_table
                0x0000000008002aa4       0x1c zephyr/arch/arch/arm/core/cortex_m/libarch__arm__core__cortex_m.a(prep_c.c.obj)
                0x0000000008002aa4                relocate_vector_table
 .text.z_prep_c
                0x0000000008002ac0       0x38 zephyr/arch/arch/arm/core/cortex_m/libarch__arm__core__cortex_m.a(prep_c.c.obj)
                0x0000000008002ac0                z_prep_c
 .text.arch_new_thread
                0x0000000008002af8       0x2c zephyr/arch/arch/arm/core/cortex_m/libarch__arm__core__cortex_m.a(thread.c.obj)
                0x0000000008002af8                arch_new_thread
 .text.z_check_thread_stack_fail
                0x0000000008002b24       0x2c zephyr/arch/arch/arm/core/cortex_m/libarch__arm__core__cortex_m.a(thread.c.obj)
                0x0000000008002b24                z_check_thread_stack_fail
 .text.arch_switch_to_main_thread
                0x0000000008002b50       0x3c zephyr/arch/arch/arm/core/cortex_m/libarch__arm__core__cortex_m.a(thread.c.obj)
                0x0000000008002b50                arch_switch_to_main_thread
 .text.z_arm_cpu_idle_init
                0x0000000008002b8c        0xc zephyr/arch/arch/arm/core/cortex_m/libarch__arm__core__cortex_m.a(cpu_idle.c.obj)
                0x0000000008002b8c                z_arm_cpu_idle_init
 .text.z_arm_interrupt_init
                0x0000000008002b98       0x18 zephyr/arch/arch/arm/core/cortex_m/libarch__arm__core__cortex_m.a(irq_init.c.obj)
                0x0000000008002b98                z_arm_interrupt_init
 .text._isr_wrapper
                0x0000000008002bb0       0x24 zephyr/arch/arch/arm/core/cortex_m/libarch__arm__core__cortex_m.a(isr_wrapper.c.obj)
                0x0000000008002bb0                _isr_wrapper
 .text.z_arm_configure_static_mpu_regions
                0x0000000008002bd4       0x18 zephyr/arch/arch/arm/core/mpu/libarch__arm__core__mpu.a(arm_core_mpu.c.obj)
                0x0000000008002bd4                z_arm_configure_static_mpu_regions
 .text.z_arm_configure_dynamic_mpu_regions
                0x0000000008002bec       0x20 zephyr/arch/arch/arm/core/mpu/libarch__arm__core__mpu.a(arm_core_mpu.c.obj)
                0x0000000008002bec                z_arm_configure_dynamic_mpu_regions
 .text.region_allocate_and_init
                0x0000000008002c0c       0x54 zephyr/arch/arch/arm/core/mpu/libarch__arm__core__mpu.a(arm_mpu.c.obj)
 .text.mpu_configure_regions
                0x0000000008002c60       0x68 zephyr/arch/arch/arm/core/mpu/libarch__arm__core__mpu.a(arm_mpu.c.obj)
 .text.arm_core_mpu_enable
                0x0000000008002cc8       0x18 zephyr/arch/arch/arm/core/mpu/libarch__arm__core__mpu.a(arm_mpu.c.obj)
                0x0000000008002cc8                arm_core_mpu_enable
 .text.arm_core_mpu_disable
                0x0000000008002ce0       0x14 zephyr/arch/arch/arm/core/mpu/libarch__arm__core__mpu.a(arm_mpu.c.obj)
                0x0000000008002ce0                arm_core_mpu_disable
 .text.arm_core_mpu_configure_static_mpu_regions
                0x0000000008002cf4       0x14 zephyr/arch/arch/arm/core/mpu/libarch__arm__core__mpu.a(arm_mpu.c.obj)
                0x0000000008002cf4                arm_core_mpu_configure_static_mpu_regions
 .text.arm_core_mpu_configure_dynamic_mpu_regions
                0x0000000008002d08       0x38 zephyr/arch/arch/arm/core/mpu/libarch__arm__core__mpu.a(arm_mpu.c.obj)
                0x0000000008002d08                arm_core_mpu_configure_dynamic_mpu_regions
 .text.z_arm_mpu_init
                0x0000000008002d40      0x17c zephyr/arch/arch/arm/core/mpu/libarch__arm__core__mpu.a(arm_mpu.c.obj)
                0x0000000008002d40                z_arm_mpu_init
 .text.cbvprintf
                0x0000000008002ebc       0x38 zephyr/lib/libc/picolibc/liblib__libc__picolibc.a(cbprintf.c.obj)
                0x0000000008002ebc                cbvprintf
 .text.z_impl_zephyr_fputc
                0x0000000008002ef4       0x10 zephyr/lib/libc/picolibc/liblib__libc__picolibc.a(stdio.c.obj)
                0x0000000008002ef4                z_impl_zephyr_fputc
 .text.__stdout_hook_install
                0x0000000008002f04       0x18 zephyr/lib/libc/picolibc/liblib__libc__picolibc.a(stdio.c.obj)
                0x0000000008002f04                __stdout_hook_install
 .text.malloc_prepare
                0x0000000008002f1c       0x24 zephyr/lib/libc/common/liblib__libc__common.a(malloc.c.obj)
 .text.stm32_fill_irq_table
                0x0000000008002f40       0x18 zephyr/drivers/interrupt_controller/libdrivers__interrupt_controller.a(intc_gpio_stm32.c.obj)
 .text.stm32_intc_gpio_isr
                0x0000000008002f58       0x4c zephyr/drivers/interrupt_controller/libdrivers__interrupt_controller.a(intc_gpio_stm32.c.obj)
 .text.stm32_gpio_intc_enable_line
                0x0000000008002fa4       0x2c zephyr/drivers/interrupt_controller/libdrivers__interrupt_controller.a(intc_gpio_stm32.c.obj)
                0x0000000008002fa4                stm32_gpio_intc_enable_line
 .text.stm32_gpio_intc_disable_line
                0x0000000008002fd0       0x10 zephyr/drivers/interrupt_controller/libdrivers__interrupt_controller.a(intc_gpio_stm32.c.obj)
                0x0000000008002fd0                stm32_gpio_intc_disable_line
 .text.stm32_gpio_intc_select_line_trigger
                0x0000000008002fe0       0x50 zephyr/drivers/interrupt_controller/libdrivers__interrupt_controller.a(intc_gpio_stm32.c.obj)
                0x0000000008002fe0                stm32_gpio_intc_select_line_trigger
 .text.stm32_gpio_intc_set_irq_callback
                0x0000000008003030       0x40 zephyr/drivers/interrupt_controller/libdrivers__interrupt_controller.a(intc_gpio_stm32.c.obj)
                0x0000000008003030                stm32_gpio_intc_set_irq_callback
 .text.stm32_gpio_intc_remove_irq_callback
                0x0000000008003070       0x24 zephyr/drivers/interrupt_controller/libdrivers__interrupt_controller.a(intc_gpio_stm32.c.obj)
                0x0000000008003070                stm32_gpio_intc_remove_irq_callback
 .text.stm32_exti_get_line_src_port
                0x0000000008003094       0x30 zephyr/drivers/interrupt_controller/libdrivers__interrupt_controller.a(intc_gpio_stm32.c.obj)
                0x0000000008003094                stm32_exti_get_line_src_port
 .text.stm32_exti_init
                0x00000000080030c4       0x48 zephyr/drivers/interrupt_controller/libdrivers__interrupt_controller.a(intc_exti_stm32.c.obj)
 .text.stm32_exti_is_pending
                0x000000000800310c       0x38 zephyr/drivers/interrupt_controller/libdrivers__interrupt_controller.a(intc_exti_stm32.c.obj)
                0x000000000800310c                stm32_exti_is_pending
 .text.stm32_exti_clear_pending
                0x0000000008003144       0x34 zephyr/drivers/interrupt_controller/libdrivers__interrupt_controller.a(intc_exti_stm32.c.obj)
                0x0000000008003144                stm32_exti_clear_pending
 .text.stm32_clock_control_get_subsys_rate
                0x0000000008003178       0xa8 zephyr/drivers/clock_control/libdrivers__clock_control.a(clock_stm32_ll_common.c.obj)
 .text.stm32_clock_control_init
                0x0000000008003220      0x130 zephyr/drivers/clock_control/libdrivers__clock_control.a(clock_stm32_ll_common.c.obj)
                0x0000000008003220                stm32_clock_control_init
 .text.get_pllsrc_frequency
                0x0000000008003350        0x8 zephyr/drivers/clock_control/libdrivers__clock_control.a(clock_stm32f2_f4_f7.c.obj)
                0x0000000008003350                get_pllsrc_frequency
 .text.config_pll_sysclock
                0x0000000008003358       0x60 zephyr/drivers/clock_control/libdrivers__clock_control.a(clock_stm32f2_f4_f7.c.obj)
                0x0000000008003358                config_pll_sysclock
 .text.config_enable_default_clocks
                0x00000000080033b8       0x20 zephyr/drivers/clock_control/libdrivers__clock_control.a(clock_stm32f2_f4_f7.c.obj)
                0x00000000080033b8                config_enable_default_clocks
 .text.uart_console_init
                0x00000000080033d8       0x28 zephyr/drivers/console/libdrivers__console.a(uart_console.c.obj)
 .text.console_out
                0x0000000008003400       0x28 zephyr/drivers/console/libdrivers__console.a(uart_console.c.obj)
 .text.gpio_stm32_pin_interrupt_configure
                0x0000000008003428       0xb0 zephyr/drivers/gpio/libdrivers__gpio.a(gpio_stm32.c.obj)
 .text.gpio_stm32_init
                0x00000000080034d8       0x38 zephyr/drivers/gpio/libdrivers__gpio.a(gpio_stm32.c.obj)
 .text.pinctrl_configure_pins
                0x0000000008003510       0x84 zephyr/drivers/pinctrl/libdrivers__pinctrl.a(pinctrl_stm32.c.obj)
                0x0000000008003510                pinctrl_configure_pins
 .text.uart_stm32_set_baudrate
                0x0000000008003594       0xa4 zephyr/drivers/serial/libdrivers__serial.a(uart_stm32.c.obj)
 .text.uart_stm32_parameters_set
                0x0000000008003638      0x13c zephyr/drivers/serial/libdrivers__serial.a(uart_stm32.c.obj)
 .text.uart_stm32_init
                0x0000000008003774      0x1d4 zephyr/drivers/serial/libdrivers__serial.a(uart_stm32.c.obj)
 .text.uart_stm32_configure
                0x0000000008003948      0x164 zephyr/drivers/serial/libdrivers__serial.a(uart_stm32.c.obj)
 .text.elapsed  0x0000000008003aac       0x4c zephyr/drivers/timer/libdrivers__timer.a(cortex_m_systick.c.obj)
 .text.sys_clock_driver_init
                0x0000000008003af8       0x38 zephyr/drivers/timer/libdrivers__timer.a(cortex_m_systick.c.obj)
 .text.sys_clock_isr
                0x0000000008003b30       0x60 zephyr/drivers/timer/libdrivers__timer.a(cortex_m_systick.c.obj)
                0x0000000008003b30                sys_clock_isr
 .text.sys_clock_set_timeout
                0x0000000008003b90       0xfc zephyr/drivers/timer/libdrivers__timer.a(cortex_m_systick.c.obj)
                0x0000000008003b90                sys_clock_set_timeout
 .text.sys_clock_elapsed
                0x0000000008003c8c       0x3c zephyr/drivers/timer/libdrivers__timer.a(cortex_m_systick.c.obj)
                0x0000000008003c8c                sys_clock_elapsed
 .text.HAL_RCC_GetSysClockFreq
                0x0000000008003cc8       0x5c modules/hal_stm32/stm32cube/lib..__modules__hal__stm32__stm32cube.a(stm32f7xx_hal_rcc.c.obj)
                0x0000000008003cc8                HAL_RCC_GetSysClockFreq
 .text.LL_SetFlashLatency
                0x0000000008003d24       0xe0 modules/hal_stm32/stm32cube/lib..__modules__hal__stm32__stm32cube.a(stm32f7xx_ll_utils.c.obj)
                0x0000000008003d24                LL_SetFlashLatency
 .text.k_sys_fatal_error_handler
                0x0000000008003e04       0x20 zephyr/kernel/libkernel.a(fatal.c.obj)
                0x0000000008003e04                k_sys_fatal_error_handler
 .text.z_fatal_error
                0x0000000008003e24       0xe8 zephyr/kernel/libkernel.a(fatal.c.obj)
                0x0000000008003e24                z_fatal_error
 .text.z_sys_init_run_level
                0x0000000008003f0c       0x30 zephyr/kernel/libkernel.a(init.c.obj)
 .text.bg_thread_main
                0x0000000008003f3c       0xc0 zephyr/kernel/libkernel.a(init.c.obj)
 .text.z_init_cpu
                0x0000000008003ffc       0x70 zephyr/kernel/libkernel.a(init.c.obj)
                0x0000000008003ffc                z_init_cpu
 .text.z_cstart
                0x000000000800406c       0xc8 zephyr/kernel/libkernel.a(init.c.obj)
                0x000000000800406c                z_cstart
 .text.z_impl_k_sem_give
                0x0000000008004134       0x68 zephyr/kernel/libkernel.a(sem.c.obj)
                0x0000000008004134                z_impl_k_sem_give
 .text.z_impl_k_sem_take
                0x000000000800419c       0x4c zephyr/kernel/libkernel.a(sem.c.obj)
                0x000000000800419c                z_impl_k_sem_take
 .text.z_setup_new_thread
                0x00000000080041e8       0x9c zephyr/kernel/libkernel.a(thread.c.obj)
                0x00000000080041e8                z_setup_new_thread
 .text.z_impl_k_thread_create
                0x0000000008004284       0x58 zephyr/kernel/libkernel.a(thread.c.obj)
                0x0000000008004284                z_impl_k_thread_create
 .text.z_dummy_thread_init
                0x00000000080042dc       0x18 zephyr/kernel/libkernel.a(thread.c.obj)
                0x00000000080042dc                z_dummy_thread_init
 .text.z_swap_irqlock
                0x00000000080042f4       0x30 zephyr/kernel/libkernel.a(sched.c.obj)
 .text.ready_thread
                0x0000000008004324       0x84 zephyr/kernel/libkernel.a(sched.c.obj)
 .text.unready_thread
                0x00000000080043a8       0x54 zephyr/kernel/libkernel.a(sched.c.obj)
 .text.add_thread_timeout
                0x00000000080043fc       0x1c zephyr/kernel/libkernel.a(sched.c.obj)
 .text.move_thread_to_end_of_prio_q
                0x0000000008004418       0x90 zephyr/kernel/libkernel.a(sched.c.obj)
                0x0000000008004418                move_thread_to_end_of_prio_q
 .text.z_pend_curr
                0x00000000080044a8       0x44 zephyr/kernel/libkernel.a(sched.c.obj)
                0x00000000080044a8                z_pend_curr
 .text.z_reschedule
                0x00000000080044ec       0x24 zephyr/kernel/libkernel.a(sched.c.obj)
                0x00000000080044ec                z_reschedule
 .text.z_reschedule_irqlock
                0x0000000008004510       0x28 zephyr/kernel/libkernel.a(sched.c.obj)
                0x0000000008004510                z_reschedule_irqlock
 .text.k_sched_lock
                0x0000000008004538       0x28 zephyr/kernel/libkernel.a(sched.c.obj)
                0x0000000008004538                k_sched_lock
 .text.k_sched_unlock
                0x0000000008004560       0x68 zephyr/kernel/libkernel.a(sched.c.obj)
                0x0000000008004560                k_sched_unlock
 .text.z_sched_init
                0x00000000080045c8       0x10 zephyr/kernel/libkernel.a(sched.c.obj)
                0x00000000080045c8                z_sched_init
 .text.z_impl_k_yield
                0x00000000080045d8       0x88 zephyr/kernel/libkernel.a(sched.c.obj)
                0x00000000080045d8                z_impl_k_yield
 .text.z_tick_sleep
                0x0000000008004660       0x78 zephyr/kernel/libkernel.a(sched.c.obj)
 .text.z_impl_k_wakeup
                0x00000000080046d8       0x48 zephyr/kernel/libkernel.a(sched.c.obj)
                0x00000000080046d8                z_impl_k_wakeup
 .text.z_impl_k_sched_current_thread_query
                0x0000000008004720        0xc zephyr/kernel/libkernel.a(sched.c.obj)
                0x0000000008004720                z_impl_k_sched_current_thread_query
 .text.z_thread_abort
                0x000000000800472c      0x140 zephyr/kernel/libkernel.a(sched.c.obj)
                0x000000000800472c                z_thread_abort
 .text.slice_timeout
                0x000000000800486c       0x20 zephyr/kernel/libkernel.a(timeslicing.c.obj)
 .text.thread_is_sliceable
                0x000000000800488c       0x3c zephyr/kernel/libkernel.a(timeslicing.c.obj)
                0x000000000800488c                thread_is_sliceable
 .text.z_reset_time_slice
                0x00000000080048c8       0x50 zephyr/kernel/libkernel.a(timeslicing.c.obj)
                0x00000000080048c8                z_reset_time_slice
 .text.z_time_slice
                0x0000000008004918       0x60 zephyr/kernel/libkernel.a(timeslicing.c.obj)
                0x0000000008004918                z_time_slice
 .text.first    0x0000000008004978       0x10 zephyr/kernel/libkernel.a(timeout.c.obj)
 .text.elapsed  0x0000000008004988       0x14 zephyr/kernel/libkernel.a(timeout.c.obj)
 .text.remove_timeout
                0x000000000800499c       0x38 zephyr/kernel/libkernel.a(timeout.c.obj)
 .text.z_add_timeout
                0x00000000080049d4      0x120 zephyr/kernel/libkernel.a(timeout.c.obj)
                0x00000000080049d4                z_add_timeout
 .text.sys_clock_announce
                0x0000000008004af4       0xc0 zephyr/kernel/libkernel.a(timeout.c.obj)
                0x0000000008004af4                sys_clock_announce
 .text.sys_clock_tick_get
                0x0000000008004bb4       0x30 zephyr/kernel/libkernel.a(timeout.c.obj)
                0x0000000008004bb4                sys_clock_tick_get
 .text.z_timer_expiration_handler
                0x0000000008004be4      0x110 zephyr/kernel/libkernel.a(timer.c.obj)
                0x0000000008004be4                z_timer_expiration_handler
 .text.z_impl_k_timer_start
                0x0000000008004cf4       0x70 zephyr/kernel/libkernel.a(timer.c.obj)
                0x0000000008004cf4                z_impl_k_timer_start
 .text.boot_banner
                0x0000000008004d64        0xc zephyr/kernel/libkernel.a(banner.c.obj)
                0x0000000008004d64                boot_banner
 .text.snprintf
                0x0000000008004d70       0x54 c:\users\urvih\zephyr-sdk-0.17.4\arm-zephyr-eabi\bin\../lib/gcc/../../picolibc/arm-zephyr-eabi/lib/thumb/v7e-m/nofp\libc.a(libc_tinystdio_snprintf.c.o)
                0x0000000008004d70                snprintf
 .text.skip_to_arg
                0x0000000008004dc4      0x138 c:\users\urvih\zephyr-sdk-0.17.4\arm-zephyr-eabi\bin\../lib/gcc/../../picolibc/arm-zephyr-eabi/lib/thumb/v7e-m/nofp\libc.a(libc_tinystdio_vfprintf.c.o)
 .text.vfprintf
                0x0000000008004efc      0x9c4 c:\users\urvih\zephyr-sdk-0.17.4\arm-zephyr-eabi\bin\../lib/gcc/../../picolibc/arm-zephyr-eabi/lib/thumb/v7e-m/nofp\libc.a(libc_tinystdio_vfprintf.c.o)
                0x0000000008004efc                __d_vfprintf
 .text.div10    0x00000000080058c0       0x28 c:\users\urvih\zephyr-sdk-0.17.4\arm-zephyr-eabi\bin\../lib/gcc/../../picolibc/arm-zephyr-eabi/lib/thumb/v7e-m/nofp\libc.a(libc_tinystdio_dtoa_ryu.c.o)
 .text.__dtoa_engine
                0x00000000080058e8      0x49c c:\users\urvih\zephyr-sdk-0.17.4\arm-zephyr-eabi\bin\../lib/gcc/../../picolibc/arm-zephyr-eabi/lib/thumb/v7e-m/nofp\libc.a(libc_tinystdio_dtoa_ryu.c.o)
                0x00000000080058e8                __dtoa_engine
 .text.__log10Pow2
                0x0000000008005d84        0xc c:\users\urvih\zephyr-sdk-0.17.4\arm-zephyr-eabi\bin\../lib/gcc/../../picolibc/arm-zephyr-eabi/lib/thumb/v7e-m/nofp\libc.a(libc_tinystdio_ryu_log10.c.o)
                0x0000000008005d84                __log10Pow2
 .text.__log10Pow5
                0x0000000008005d90        0xc c:\users\urvih\zephyr-sdk-0.17.4\arm-zephyr-eabi\bin\../lib/gcc/../../picolibc/arm-zephyr-eabi/lib/thumb/v7e-m/nofp\libc.a(libc_tinystdio_ryu_log10.c.o)
                0x0000000008005d90                __log10Pow5
 .text.__pow5bits
                0x0000000008005d9c       0x10 c:\users\urvih\zephyr-sdk-0.17.4\arm-zephyr-eabi\bin\../lib/gcc/../../picolibc/arm-zephyr-eabi/lib/thumb/v7e-m/nofp\libc.a(libc_tinystdio_ryu_pow5bits.c.o)
                0x0000000008005d9c                __pow5bits
 .text.__pow5Factor
                0x0000000008005dac       0x30 c:\users\urvih\zephyr-sdk-0.17.4\arm-zephyr-eabi\bin\../lib/gcc/../../picolibc/arm-zephyr-eabi/lib/thumb/v7e-m/nofp\libc.a(libc_tinystdio_ryu_table.c.o)
                0x0000000008005dac                __pow5Factor
 .text.__double_computePow5
                0x0000000008005ddc       0xe8 c:\users\urvih\zephyr-sdk-0.17.4\arm-zephyr-eabi\bin\../lib/gcc/../../picolibc/arm-zephyr-eabi/lib/thumb/v7e-m/nofp\libc.a(libc_tinystdio_ryu_table.c.o)
                0x0000000008005ddc                __double_computePow5
 .text.__double_computeInvPow5
                0x0000000008005ec4       0xf8 c:\users\urvih\zephyr-sdk-0.17.4\arm-zephyr-eabi\bin\../lib/gcc/../../picolibc/arm-zephyr-eabi/lib/thumb/v7e-m/nofp\libc.a(libc_tinystdio_ryu_table.c.o)
                0x0000000008005ec4                __double_computeInvPow5
 .text._OffsetAbsSyms
                0x0000000008005fbc        0x2 zephyr/CMakeFiles/offsets.dir/./arch/arm/core/offsets/offsets.c.obj
                0x0000000008005fbc                _OffsetAbsSyms
 .text.gpio_pin_configure_dt.constprop.0
                0x0000000008005fbe       0x36 app/libapp.a(stepper_driver.c.obj)
 .text.gpio_pin_set_dt.isra.0
                0x0000000008005ff4       0x28 app/libapp.a(stepper_driver.c.obj)
 .text.chunk_field
                0x000000000800601c       0x16 zephyr/libzephyr.a(heap.c.obj)
 .text.chunk_set
                0x0000000008006032       0x16 zephyr/libzephyr.a(heap.c.obj)
 .text.chunk_size
                0x0000000008006048        0xc zephyr/libzephyr.a(heap.c.obj)
 .text.set_chunk_used
                0x0000000008006054       0x30 zephyr/libzephyr.a(heap.c.obj)
 .text.set_chunk_size
                0x0000000008006084        0x8 zephyr/libzephyr.a(heap.c.obj)
 .text.bucket_idx
                0x000000000800608c       0x1e zephyr/libzephyr.a(heap.c.obj)
 .text.free_list_add
                0x00000000080060aa       0x84 zephyr/libzephyr.a(heap.c.obj)
 .text.sys_heap_init
                0x000000000800612e       0xb0 zephyr/libzephyr.a(heap.c.obj)
                0x000000000800612e                sys_heap_init
 .text.cbpprintf_external
                0x00000000080061de       0x62 zephyr/libzephyr.a(cbprintf_packaged.c.obj)
                0x00000000080061de                cbpprintf_external
 .text.is_ptr   0x0000000008006240       0x4a zephyr/libzephyr.a(cbprintf_packaged.c.obj)
                0x0000000008006240                is_ptr
 .text.arch_printk_char_out
                0x000000000800628a        0x4 zephyr/libzephyr.a(printk.c.obj)
                0x000000000800628a                arch_printk_char_out
 .text.printk   0x000000000800628e       0x1a zephyr/libzephyr.a(printk.c.obj)
                0x000000000800628e                printk
 .text.free_space
                0x00000000080062a8       0x26 zephyr/libzephyr.a(mpsc_pbuf.c.obj)
 .text.get_usage
                0x00000000080062ce       0x22 zephyr/libzephyr.a(mpsc_pbuf.c.obj)
 .text.idx_inc  0x00000000080062f0       0x1c zephyr/libzephyr.a(mpsc_pbuf.c.obj)
 .text.rd_idx_inc
                0x000000000800630c       0x18 zephyr/libzephyr.a(mpsc_pbuf.c.obj)
 .text.add_skip_item
                0x0000000008006324       0x3a zephyr/libzephyr.a(mpsc_pbuf.c.obj)
 .text.drop_item_locked
                0x000000000800635e      0x100 zephyr/libzephyr.a(mpsc_pbuf.c.obj)
 .text.post_drop_action
                0x000000000800645e       0x36 zephyr/libzephyr.a(mpsc_pbuf.c.obj)
 .text.max_utilization_update
                0x0000000008006494       0x1a zephyr/libzephyr.a(mpsc_pbuf.c.obj)
 .text.mpsc_pbuf_init
                0x00000000080064ae       0x42 zephyr/libzephyr.a(mpsc_pbuf.c.obj)
                0x00000000080064ae                mpsc_pbuf_init
 .text.mpsc_pbuf_alloc
                0x00000000080064f0       0xfe zephyr/libzephyr.a(mpsc_pbuf.c.obj)
                0x00000000080064f0                mpsc_pbuf_alloc
 .text.mpsc_pbuf_commit
                0x00000000080065ee       0x3e zephyr/libzephyr.a(mpsc_pbuf.c.obj)
                0x00000000080065ee                mpsc_pbuf_commit
 .text.mpsc_pbuf_claim
                0x000000000800662c       0xa8 zephyr/libzephyr.a(mpsc_pbuf.c.obj)
                0x000000000800662c                mpsc_pbuf_claim
 .text.mpsc_pbuf_free
                0x00000000080066d4       0x76 zephyr/libzephyr.a(mpsc_pbuf.c.obj)
                0x00000000080066d4                mpsc_pbuf_free
 .text.mpsc_pbuf_is_pending
                0x000000000800674a       0x32 zephyr/libzephyr.a(mpsc_pbuf.c.obj)
                0x000000000800674a                mpsc_pbuf_is_pending
 .text._ConfigAbsSyms
                0x000000000800677c        0x2 zephyr/libzephyr.a(configs.c.obj)
                0x000000000800677c                _ConfigAbsSyms
 .text.log_msg_generic_get_wlen
                0x000000000800677e       0x20 zephyr/libzephyr.a(log_core.c.obj)
 .text.dummy_timestamp
                0x000000000800679e        0x4 zephyr/libzephyr.a(log_core.c.obj)
 .text.atomic_inc
                0x00000000080067a2       0x1a zephyr/libzephyr.a(log_core.c.obj)
 .text.default_lf_get_timestamp
                0x00000000080067bc       0x10 zephyr/libzephyr.a(log_core.c.obj)
 .text.z_log_vprintk
                0x00000000080067cc       0x1c zephyr/libzephyr.a(log_core.c.obj)
                0x00000000080067cc                z_log_vprintk
 .text.z_log_notify_drop
                0x00000000080067e8        0x6 zephyr/libzephyr.a(log_core.c.obj)
 .text.z_log_get_tag
                0x00000000080067ee        0x4 zephyr/libzephyr.a(log_core.c.obj)
                0x00000000080067ee                z_log_get_tag
 .text.log_backend_enable
                0x00000000080067f2       0x12 zephyr/libzephyr.a(log_mgmt.c.obj)
                0x00000000080067f2                log_backend_enable
 .text.z_cbprintf_cpy
                0x0000000008006804       0x2e zephyr/libzephyr.a(log_msg.c.obj)
 .text.z_log_msg_finalize
                0x0000000008006832       0x32 zephyr/libzephyr.a(log_msg.c.obj)
                0x0000000008006832                z_log_msg_finalize
 .text.z_log_msg_simple_create
                0x0000000008006864       0x6e zephyr/libzephyr.a(log_msg.c.obj)
 .text.z_impl_z_log_msg_simple_create_0
                0x00000000080068d2       0x12 zephyr/libzephyr.a(log_msg.c.obj)
                0x00000000080068d2                z_impl_z_log_msg_simple_create_0
 .text.z_impl_z_log_msg_simple_create_1
                0x00000000080068e4       0x14 zephyr/libzephyr.a(log_msg.c.obj)
                0x00000000080068e4                z_impl_z_log_msg_simple_create_1
 .text.z_impl_z_log_msg_simple_create_2
                0x00000000080068f8       0x18 zephyr/libzephyr.a(log_msg.c.obj)
                0x00000000080068f8                z_impl_z_log_msg_simple_create_2
 .text.log_output_write
                0x0000000008006910       0x1c zephyr/libzephyr.a(log_output.c.obj)
 .text.log_output_flush
                0x000000000800692c       0x1a zephyr/libzephyr.a(log_output.c.obj)
 .text.out_func
                0x0000000008006946       0x36 zephyr/libzephyr.a(log_output.c.obj)
 .text.cr_out_func
                0x000000000800697c       0x1c zephyr/libzephyr.a(log_output.c.obj)
 .text.log_output_msg_process
                0x0000000008006998       0x6c zephyr/libzephyr.a(log_output.c.obj)
                0x0000000008006998                log_output_msg_process
 .text.format_set
                0x0000000008006a04        0xc zephyr/libzephyr.a(log_backend_uart.c.obj)
 .text.log_backend_uart_init
                0x0000000008006a10        0xc zephyr/libzephyr.a(log_backend_uart.c.obj)
 .text.panic    0x0000000008006a1c       0x32 zephyr/libzephyr.a(log_backend_uart.c.obj)
 .text.dropped  0x0000000008006a4e        0xa zephyr/libzephyr.a(log_backend_uart.c.obj)
 .text.process  0x0000000008006a58       0x1e zephyr/libzephyr.a(log_backend_uart.c.obj)
 .text.arch_early_memset
                0x0000000008006a76        0x4 zephyr/arch/common/libarch__common.a(init.c.obj)
                0x0000000008006a76                arch_early_memset
 .text.arch_early_memcpy
                0x0000000008006a7a        0x4 zephyr/arch/common/libarch__common.a(init.c.obj)
                0x0000000008006a7a                arch_early_memcpy
 .text.z_do_kernel_oops
                0x0000000008006a7e        0x8 zephyr/arch/arch/arm/core/libarch__arm__core.a(fatal.c.obj)
                0x0000000008006a7e                z_do_kernel_oops
 .text.z_arm_nmi
                0x0000000008006a86        0xe zephyr/arch/arch/arm/core/libarch__arm__core.a(nmi.c.obj)
                0x0000000008006a86                z_arm_nmi
 .text.z_log_msg_simple_create_0.constprop.0
                0x0000000008006a94        0x8 zephyr/arch/arch/arm/core/cortex_m/libarch__arm__core__cortex_m.a(fault.c.obj)
 .text.z_irq_spurious
                0x0000000008006a9c        0x8 zephyr/arch/arch/arm/core/cortex_m/libarch__arm__core__cortex_m.a(irq_manage.c.obj)
                0x0000000008006a9c                z_irq_spurious
 .text.arch_coprocessors_disable
                0x0000000008006aa4        0x6 zephyr/arch/arch/arm/core/cortex_m/libarch__arm__core__cortex_m.a(thread.c.obj)
                0x0000000008006aa4                arch_coprocessors_disable
 .text.arch_irq_unlock_outlined
                0x0000000008006aaa        0xe zephyr/arch/arch/arm/core/cortex_m/libarch__arm__core__cortex_m.a(thread.c.obj)
                0x0000000008006aaa                arch_irq_unlock_outlined
 .text.arch_cpu_idle
                0x0000000008006ab8       0x1a zephyr/arch/arch/arm/core/cortex_m/libarch__arm__core__cortex_m.a(cpu_idle.c.obj)
                0x0000000008006ab8                arch_cpu_idle
 .text.size_to_mpu_rasr_size
                0x0000000008006ad2       0x20 zephyr/arch/arch/arm/core/mpu/libarch__arm__core__mpu.a(arm_mpu.c.obj)
 .text.cbputc   0x0000000008006af2        0xc zephyr/lib/libc/picolibc/liblib__libc__picolibc.a(cbprintf.c.obj)
 .text.picolibc_put
                0x0000000008006afe        0xa zephyr/lib/libc/picolibc/liblib__libc__picolibc.a(stdio.c.obj)
 .text.stm32_exti_gpio_intc_init
                0x0000000008006b08       0x92 zephyr/drivers/interrupt_controller/libdrivers__interrupt_controller.a(intc_gpio_stm32.c.obj)
 .text.stm32_gpio_intc_get_pin_irq_line
                0x0000000008006b9a        0xa zephyr/drivers/interrupt_controller/libdrivers__interrupt_controller.a(intc_gpio_stm32.c.obj)
                0x0000000008006b9a                stm32_gpio_intc_get_pin_irq_line
 .text.stm32_exti_set_line_src_port
                0x0000000008006ba4       0x36 zephyr/drivers/interrupt_controller/libdrivers__interrupt_controller.a(intc_gpio_stm32.c.obj)
                0x0000000008006ba4                stm32_exti_set_line_src_port
 .text.stm32_clock_control_on
                0x0000000008006bda       0x44 zephyr/drivers/clock_control/libdrivers__clock_control.a(clock_stm32_ll_common.c.obj)
 .text.stm32_clock_control_off
                0x0000000008006c1e       0x2e zephyr/drivers/clock_control/libdrivers__clock_control.a(clock_stm32_ll_common.c.obj)
 .text.enabled_clock
                0x0000000008006c4c       0x20 zephyr/drivers/clock_control/libdrivers__clock_control.a(clock_stm32_ll_common.c.obj)
                0x0000000008006c4c                enabled_clock
 .text.stm32_clock_control_configure
                0x0000000008006c6c       0x52 zephyr/drivers/clock_control/libdrivers__clock_control.a(clock_stm32_ll_common.c.obj)
 .text.stm32_clock_control_get_status
                0x0000000008006cbe       0x38 zephyr/drivers/clock_control/libdrivers__clock_control.a(clock_stm32_ll_common.c.obj)
 .text.config_regulator_voltage
                0x0000000008006cf6        0x2 zephyr/drivers/clock_control/libdrivers__clock_control.a(clock_stm32_ll_common.c.obj)
                0x0000000008006cf6                config_regulator_voltage
 .text.gpio_stm32_port_get_raw
                0x0000000008006cf8        0xc zephyr/drivers/gpio/libdrivers__gpio.a(gpio_stm32.c.obj)
 .text.gpio_stm32_port_set_masked_raw
                0x0000000008006d04       0x12 zephyr/drivers/gpio/libdrivers__gpio.a(gpio_stm32.c.obj)
 .text.gpio_stm32_port_set_bits_raw
                0x0000000008006d16        0xa zephyr/drivers/gpio/libdrivers__gpio.a(gpio_stm32.c.obj)
 .text.gpio_stm32_port_clear_bits_raw
                0x0000000008006d20        0xc zephyr/drivers/gpio/libdrivers__gpio.a(gpio_stm32.c.obj)
 .text.gpio_stm32_port_toggle_bits
                0x0000000008006d2c        0xe zephyr/drivers/gpio/libdrivers__gpio.a(gpio_stm32.c.obj)
 .text.gpio_stm32_manage_callback
                0x0000000008006d3a       0x52 zephyr/drivers/gpio/libdrivers__gpio.a(gpio_stm32.c.obj)
 .text.gpio_stm32_configure_raw.isra.0
                0x0000000008006d8c      0x114 zephyr/drivers/gpio/libdrivers__gpio.a(gpio_stm32.c.obj)
 .text.gpio_stm32_config
                0x0000000008006ea0       0xd8 zephyr/drivers/gpio/libdrivers__gpio.a(gpio_stm32.c.obj)
 .text.gpio_stm32_isr
                0x0000000008006f78       0x2c zephyr/drivers/gpio/libdrivers__gpio.a(gpio_stm32.c.obj)
 .text.gpio_stm32_configure
                0x0000000008006fa4       0x30 zephyr/drivers/gpio/libdrivers__gpio.a(gpio_stm32.c.obj)
                0x0000000008006fa4                gpio_stm32_configure
 .text.pinctrl_lookup_state
                0x0000000008006fd4       0x26 zephyr/drivers/pinctrl/libdrivers__pinctrl.a(common.c.obj)
                0x0000000008006fd4                pinctrl_lookup_state
 .text.reset_stm32_status
                0x0000000008006ffa       0x22 zephyr/drivers/reset/libdrivers__reset.a(reset_stm32.c.obj)
 .text.reset_stm32_line_assert
                0x000000000800701c       0x1c zephyr/drivers/reset/libdrivers__reset.a(reset_stm32.c.obj)
 .text.reset_stm32_line_deassert
                0x0000000008007038       0x1e zephyr/drivers/reset/libdrivers__reset.a(reset_stm32.c.obj)
 .text.reset_stm32_line_toggle
                0x0000000008007056       0x16 zephyr/drivers/reset/libdrivers__reset.a(reset_stm32.c.obj)
 .text.uart_stm32_ll2cfg_databits
                0x000000000800706c       0x2a zephyr/drivers/serial/libdrivers__serial.a(uart_stm32.c.obj)
 .text.uart_stm32_err_check
                0x0000000008007096       0x5a zephyr/drivers/serial/libdrivers__serial.a(uart_stm32.c.obj)
 .text.uart_stm32_poll_out
                0x00000000080070f0       0x36 zephyr/drivers/serial/libdrivers__serial.a(uart_stm32.c.obj)
 .text.uart_stm32_poll_in
                0x0000000008007126       0x22 zephyr/drivers/serial/libdrivers__serial.a(uart_stm32.c.obj)
 .text.uart_stm32_config_get
                0x0000000008007148       0x92 zephyr/drivers/serial/libdrivers__serial.a(uart_stm32.c.obj)
 .text.do_device_init
                0x00000000080071da       0x30 zephyr/kernel/libkernel.a(device.c.obj)
                0x00000000080071da                do_device_init
 .text.z_impl_device_is_ready
                0x000000000800720a       0x16 zephyr/kernel/libkernel.a(device.c.obj)
                0x000000000800720a                z_impl_device_is_ready
 .text.arch_system_halt
                0x0000000008007220       0x10 zephyr/kernel/libkernel.a(fatal.c.obj)
                0x0000000008007220                arch_system_halt
 .text.idle     0x0000000008007230       0x16 zephyr/kernel/libkernel.a(idle.c.obj)
                0x0000000008007230                idle
 .text.z_impl_k_sem_init
                0x0000000008007246       0x18 zephyr/kernel/libkernel.a(sem.c.obj)
                0x0000000008007246                z_impl_k_sem_init
 .text.k_is_in_isr
                0x000000000800725e        0xc zephyr/kernel/libkernel.a(thread.c.obj)
                0x000000000800725e                k_is_in_isr
 .text.z_impl_k_thread_name_set
                0x000000000800726a        0x6 zephyr/kernel/libkernel.a(thread.c.obj)
                0x000000000800726a                z_impl_k_thread_name_set
 .text.k_thread_name_get
                0x0000000008007270        0x4 zephyr/kernel/libkernel.a(thread.c.obj)
                0x0000000008007270                k_thread_name_get
 .text.sys_dlist_remove
                0x0000000008007274       0x10 zephyr/kernel/libkernel.a(sched.c.obj)
 .text.unpend_thread_no_timeout
                0x0000000008007284       0x14 zephyr/kernel/libkernel.a(sched.c.obj)
 .text.add_to_waitq_locked
                0x0000000008007298       0x50 zephyr/kernel/libkernel.a(sched.c.obj)
 .text.z_ready_thread
                0x00000000080072e8       0x1e zephyr/kernel/libkernel.a(sched.c.obj)
                0x00000000080072e8                z_ready_thread
 .text.z_unpend_thread_no_timeout
                0x0000000008007306       0x22 zephyr/kernel/libkernel.a(sched.c.obj)
                0x0000000008007306                z_unpend_thread_no_timeout
 .text.z_sched_wake_thread
                0x0000000008007328       0x3a zephyr/kernel/libkernel.a(sched.c.obj)
                0x0000000008007328                z_sched_wake_thread
 .text.z_thread_timeout
                0x0000000008007362        0x8 zephyr/kernel/libkernel.a(sched.c.obj)
                0x0000000008007362                z_thread_timeout
 .text.z_unpend1_no_timeout
                0x000000000800736a       0x2c zephyr/kernel/libkernel.a(sched.c.obj)
                0x000000000800736a                z_unpend1_no_timeout
 .text.z_impl_k_sleep
                0x0000000008007396       0x50 zephyr/kernel/libkernel.a(sched.c.obj)
                0x0000000008007396                z_impl_k_sleep
 .text.z_impl_k_usleep
                0x00000000080073e6       0x20 zephyr/kernel/libkernel.a(sched.c.obj)
                0x00000000080073e6                z_impl_k_usleep
 .text.next_timeout
                0x0000000008007406       0x2e zephyr/kernel/libkernel.a(timeout.c.obj)
 .text.z_abort_timeout
                0x0000000008007434       0x50 zephyr/kernel/libkernel.a(timeout.c.obj)
                0x0000000008007434                z_abort_timeout
 .text.sys_clock_tick_get_32
                0x0000000008007484        0x8 zephyr/kernel/libkernel.a(timeout.c.obj)
                0x0000000008007484                sys_clock_tick_get_32
 .text.z_impl_k_uptime_ticks
                0x000000000800748c        0x4 zephyr/kernel/libkernel.a(timeout.c.obj)
                0x000000000800748c                z_impl_k_uptime_ticks
 .text.k_timer_init
                0x0000000008007490       0x18 zephyr/kernel/libkernel.a(timer.c.obj)
                0x0000000008007490                k_timer_init
 .text.z_impl_k_timer_stop
                0x00000000080074a8       0x38 zephyr/kernel/libkernel.a(timer.c.obj)
                0x00000000080074a8                z_impl_k_timer_stop
 .text.memcpy   0x00000000080074e0       0x1c c:\users\urvih\zephyr-sdk-0.17.4\arm-zephyr-eabi\bin\../lib/gcc/../../picolibc/arm-zephyr-eabi/lib/thumb/v7e-m/nofp\libc.a(memcpy.c.o)
                0x00000000080074e0                __aeabi_memcpy
                0x00000000080074e0                __aeabi_memcpy4
                0x00000000080074e0                __aeabi_memcpy8
                0x00000000080074e0                memcpy
 .text.memset   0x00000000080074fc       0x10 c:\users\urvih\zephyr-sdk-0.17.4\arm-zephyr-eabi\bin\../lib/gcc/../../picolibc/arm-zephyr-eabi/lib/thumb/v7e-m/nofp\libc.a(memset.c.o)
                0x00000000080074fc                memset
 .text.strnlen  0x000000000800750c       0x18 c:\users\urvih\zephyr-sdk-0.17.4\arm-zephyr-eabi\bin\../lib/gcc/../../picolibc/arm-zephyr-eabi/lib/thumb/v7e-m/nofp\libc.a(libc_string_strnlen.c.o)
                0x000000000800750c                strnlen
 .text.__ultoa_invert
                0x0000000008007524       0x50 c:\users\urvih\zephyr-sdk-0.17.4\arm-zephyr-eabi\bin\../lib/gcc/../../picolibc/arm-zephyr-eabi/lib/thumb/v7e-m/nofp\libc.a(libc_tinystdio_vfprintf.c.o)
 .text.mulShiftAll64
                0x0000000008007574      0x176 c:\users\urvih\zephyr-sdk-0.17.4\arm-zephyr-eabi\bin\../lib/gcc/../../picolibc/arm-zephyr-eabi/lib/thumb/v7e-m/nofp\libc.a(libc_tinystdio_dtoa_ryu.c.o)
 .text.__umul128
                0x00000000080076ea       0x36 c:\users\urvih\zephyr-sdk-0.17.4\arm-zephyr-eabi\bin\../lib/gcc/../../picolibc/arm-zephyr-eabi/lib/thumb/v7e-m/nofp\libc.a(libc_tinystdio_ryu_umul128.c.o)
                0x00000000080076ea                __umul128
 .text.__shiftright128
                0x0000000008007720       0x3e c:\users\urvih\zephyr-sdk-0.17.4\arm-zephyr-eabi\bin\../lib/gcc/../../picolibc/arm-zephyr-eabi/lib/thumb/v7e-m/nofp\libc.a(libc_tinystdio_ryu_umul128.c.o)
                0x0000000008007720                __shiftright128
 .text.__dtox_engine
                0x000000000800775e      0x128 c:\users\urvih\zephyr-sdk-0.17.4\arm-zephyr-eabi\bin\../lib/gcc/../../picolibc/arm-zephyr-eabi/lib/thumb/v7e-m/nofp\libc.a(libc_tinystdio_dtox_engine.c.o)
                0x000000000800775e                __dtox_engine
 .text.__file_str_put
                0x0000000008007886       0x10 c:\users\urvih\zephyr-sdk-0.17.4\arm-zephyr-eabi\bin\../lib/gcc/../../picolibc/arm-zephyr-eabi/lib/thumb/v7e-m/nofp\libc.a(libc_tinystdio_filestrput.c.o)
                0x0000000008007886                __file_str_put
 *(SORT_BY_ALIGNMENT(.TEXT.*))
 *fill*         0x0000000008007896        0x2 
 .TEXT.__aeabi_read_tp
                0x0000000008007898        0xc zephyr/arch/arch/arm/core/cortex_m/libarch__arm__core__cortex_m.a(__aeabi_read_tp.S.obj)
                0x0000000008007898                __aeabi_read_tp
 *(SORT_BY_ALIGNMENT(.gnu.linkonce.t.*))
 *(SORT_BY_ALIGNMENT(.glue_7t))
 .glue_7t       0x00000000080078a4        0x0 linker stubs
 *(SORT_BY_ALIGNMENT(.glue_7))
 .glue_7        0x00000000080078a4        0x0 linker stubs
 *(SORT_BY_ALIGNMENT(.vfp11_veneer))
 .vfp11_veneer  0x00000000080078a4        0x0 linker stubs
 *(SORT_BY_ALIGNMENT(.v4_bx))
 .v4_bx         0x00000000080078a4        0x0 linker stubs
                0x00000000080078a4                . = ALIGN (0x4)
                0x00000000080078a4                __text_region_end = .

.ARM.exidx      0x00000000080078a4        0x8
                0x00000000080078a4                __exidx_start = .
 *(SORT_BY_ALIGNMENT(.ARM.exidx*) SORT_BY_ALIGNMENT(gnu.linkonce.armexidx.*))
 .ARM.exidx     0x00000000080078a4        0x8 c:/users/urvih/zephyr-sdk-0.17.4/arm-zephyr-eabi/bin/../lib/gcc/arm-zephyr-eabi/12.2.0/thumb/v7e-m/nofp\libgcc.a(_udivmoddi4.o)
                0x00000000080078ac                __exidx_end = .
                0x00000000080078ac                __rodata_region_start = .

initlevel       0x00000000080078ac       0xb0
                0x00000000080078ac                __init_start = .
                0x00000000080078ac                __init_EARLY_start = .
 *(SORT_BY_NAME(SORT_BY_ALIGNMENT(.z_init_EARLY_P_?_*)))
 *(SORT_BY_NAME(SORT_BY_ALIGNMENT(.z_init_EARLY_P_??_*)))
 *(SORT_BY_NAME(SORT_BY_ALIGNMENT(.z_init_EARLY_P_???_*)))
                0x00000000080078ac                __init_PRE_KERNEL_1_start = .
 *(SORT_BY_NAME(SORT_BY_ALIGNMENT(.z_init_PRE_KERNEL_1_P_?_*)))
 .z_init_PRE_KERNEL_1_P_1_SUB_00009_
                0x00000000080078ac        0x8 zephyr/drivers/clock_control/libdrivers__clock_control.a(clock_stm32_ll_common.c.obj)
 .z_init_PRE_KERNEL_1_P_1_SUB_0_
                0x00000000080078b4        0x8 zephyr/libzephyr.a(soc_config.c.obj)
 *(SORT_BY_NAME(SORT_BY_ALIGNMENT(.z_init_PRE_KERNEL_1_P_??_*)))
 .z_init_PRE_KERNEL_1_P_35_SUB_00051_
                0x00000000080078bc        0x8 zephyr/drivers/reset/libdrivers__reset.a(reset_stm32.c.obj)
 .z_init_PRE_KERNEL_1_P_40_SUB_00033_
                0x00000000080078c4        0x8 zephyr/drivers/gpio/libdrivers__gpio.a(gpio_stm32.c.obj)
 .z_init_PRE_KERNEL_1_P_40_SUB_00036_
                0x00000000080078cc        0x8 zephyr/drivers/gpio/libdrivers__gpio.a(gpio_stm32.c.obj)
 .z_init_PRE_KERNEL_1_P_40_SUB_00059_
                0x00000000080078d4        0x8 zephyr/drivers/interrupt_controller/libdrivers__interrupt_controller.a(intc_exti_stm32.c.obj)
 .z_init_PRE_KERNEL_1_P_40_SUB_00082_
                0x00000000080078dc        0x8 zephyr/drivers/gpio/libdrivers__gpio.a(gpio_stm32.c.obj)
 .z_init_PRE_KERNEL_1_P_40_SUB_00123_
                0x00000000080078e4        0x8 zephyr/drivers/gpio/libdrivers__gpio.a(gpio_stm32.c.obj)
 .z_init_PRE_KERNEL_1_P_40_SUB_00124_
                0x00000000080078ec        0x8 zephyr/drivers/gpio/libdrivers__gpio.a(gpio_stm32.c.obj)
 .z_init_PRE_KERNEL_1_P_40_SUB_00125_
                0x00000000080078f4        0x8 zephyr/drivers/gpio/libdrivers__gpio.a(gpio_stm32.c.obj)
 .z_init_PRE_KERNEL_1_P_40_SUB_00126_
                0x00000000080078fc        0x8 zephyr/drivers/gpio/libdrivers__gpio.a(gpio_stm32.c.obj)
 .z_init_PRE_KERNEL_1_P_40_SUB_00127_
                0x0000000008007904        0x8 zephyr/drivers/gpio/libdrivers__gpio.a(gpio_stm32.c.obj)
 .z_init_PRE_KERNEL_1_P_40_SUB_00128_
                0x000000000800790c        0x8 zephyr/drivers/gpio/libdrivers__gpio.a(gpio_stm32.c.obj)
 .z_init_PRE_KERNEL_1_P_40_SUB_00129_
                0x0000000008007914        0x8 zephyr/drivers/gpio/libdrivers__gpio.a(gpio_stm32.c.obj)
 .z_init_PRE_KERNEL_1_P_40_SUB_00130_
                0x000000000800791c        0x8 zephyr/drivers/gpio/libdrivers__gpio.a(gpio_stm32.c.obj)
 .z_init_PRE_KERNEL_1_P_40_SUB_0_
                0x0000000008007924        0x8 zephyr/drivers/interrupt_controller/libdrivers__interrupt_controller.a(intc_gpio_stm32.c.obj)
 .z_init_PRE_KERNEL_1_P_50_SUB_00071_
                0x000000000800792c        0x8 zephyr/drivers/serial/libdrivers__serial.a(uart_stm32.c.obj)
 .z_init_PRE_KERNEL_1_P_50_SUB_00079_
                0x0000000008007934        0x8 zephyr/drivers/serial/libdrivers__serial.a(uart_stm32.c.obj)
 .z_init_PRE_KERNEL_1_P_60_SUB_0_
                0x000000000800793c        0x8 zephyr/drivers/console/libdrivers__console.a(uart_console.c.obj)
 *(SORT_BY_NAME(SORT_BY_ALIGNMENT(.z_init_PRE_KERNEL_1_P_???_*)))
                0x0000000008007944                __init_PRE_KERNEL_2_start = .
 *(SORT_BY_NAME(SORT_BY_ALIGNMENT(.z_init_PRE_KERNEL_2_P_?_*)))
 .z_init_PRE_KERNEL_2_P_0_SUB_0_
                0x0000000008007944        0x8 zephyr/drivers/timer/libdrivers__timer.a(cortex_m_systick.c.obj)
 *(SORT_BY_NAME(SORT_BY_ALIGNMENT(.z_init_PRE_KERNEL_2_P_??_*)))
 *(SORT_BY_NAME(SORT_BY_ALIGNMENT(.z_init_PRE_KERNEL_2_P_???_*)))
                0x000000000800794c                __init_POST_KERNEL_start = .
 *(SORT_BY_NAME(SORT_BY_ALIGNMENT(.z_init_POST_KERNEL_P_?_*)))
 .z_init_POST_KERNEL_P_0_SUB_0_
                0x000000000800794c        0x8 zephyr/libzephyr.a(log_core.c.obj)
 *(SORT_BY_NAME(SORT_BY_ALIGNMENT(.z_init_POST_KERNEL_P_??_*)))
 .z_init_POST_KERNEL_P_35_SUB_0_
                0x0000000008007954        0x8 zephyr/lib/libc/common/liblib__libc__common.a(malloc.c.obj)
 *(SORT_BY_NAME(SORT_BY_ALIGNMENT(.z_init_POST_KERNEL_P_???_*)))
                0x000000000800795c                __init_APPLICATION_start = .
 *(SORT_BY_NAME(SORT_BY_ALIGNMENT(.z_init_APPLICATION_P_?_*)))
 *(SORT_BY_NAME(SORT_BY_ALIGNMENT(.z_init_APPLICATION_P_??_*)))
 *(SORT_BY_NAME(SORT_BY_ALIGNMENT(.z_init_APPLICATION_P_???_*)))
                0x000000000800795c                __init_SMP_start = .
 *(SORT_BY_NAME(SORT_BY_ALIGNMENT(.z_init_SMP_P_?_*)))
 *(SORT_BY_NAME(SORT_BY_ALIGNMENT(.z_init_SMP_P_??_*)))
 *(SORT_BY_NAME(SORT_BY_ALIGNMENT(.z_init_SMP_P_???_*)))
                0x000000000800795c                __init_end = .

device_area     0x000000000800795c      0x200
                0x000000000800795c                _device_list_start = .
 *(SORT_BY_NAME(SORT_BY_ALIGNMENT(._device.static.*_?_*)))
 ._device.static.1_1_
                0x000000000800795c       0x20 zephyr/drivers/clock_control/libdrivers__clock_control.a(clock_stm32_ll_common.c.obj)
                0x000000000800795c                __device_dts_ord_9
 *(SORT_BY_NAME(SORT_BY_ALIGNMENT(._device.static.*_??_*)))
 ._device.static.1_35_
                0x000000000800797c       0x20 zephyr/drivers/reset/libdrivers__reset.a(reset_stm32.c.obj)
                0x000000000800797c                __device_dts_ord_51
 ._device.static.1_40_
                0x000000000800799c       0x20 zephyr/drivers/interrupt_controller/libdrivers__interrupt_controller.a(intc_exti_stm32.c.obj)
                0x000000000800799c                __device_dts_ord_59
 ._device.static.1_40_
                0x00000000080079bc      0x160 zephyr/drivers/gpio/libdrivers__gpio.a(gpio_stm32.c.obj)
                0x00000000080079bc                __device_dts_ord_130
                0x00000000080079dc                __device_dts_ord_129
                0x00000000080079fc                __device_dts_ord_128
                0x0000000008007a1c                __device_dts_ord_127
                0x0000000008007a3c                __device_dts_ord_126
                0x0000000008007a5c                __device_dts_ord_125
                0x0000000008007a7c                __device_dts_ord_124
                0x0000000008007a9c                __device_dts_ord_82
                0x0000000008007abc                __device_dts_ord_33
                0x0000000008007adc                __device_dts_ord_36
                0x0000000008007afc                __device_dts_ord_123
 ._device.static.1_50_
                0x0000000008007b1c       0x40 zephyr/drivers/serial/libdrivers__serial.a(uart_stm32.c.obj)
                0x0000000008007b1c                __device_dts_ord_79
                0x0000000008007b3c                __device_dts_ord_71
 *(SORT_BY_NAME(SORT_BY_ALIGNMENT(._device.static.*_???_*)))
 *(SORT_BY_NAME(SORT_BY_ALIGNMENT(._device.static.*_????_*)))
 *(SORT_BY_NAME(SORT_BY_ALIGNMENT(._device.static.*_?????_*)))
                0x0000000008007b5c                _device_list_end = .

sw_isr_table    0x0000000008007b5c      0x370
                0x0000000008007b5c                . = ALIGN (0x4)
 *(SORT_BY_ALIGNMENT(.gnu.linkonce.sw_isr_table*))
 .gnu.linkonce.sw_isr_table
                0x0000000008007b5c      0x370 zephyr/CMakeFiles/zephyr_final.dir/isr_tables.c.obj
                0x0000000008007b5c                _sw_isr_table

initlevel_error
                0x00000000080078ac        0x0
 *(SORT_BY_NAME(SORT_BY_ALIGNMENT(.z_init_*)))
                0x0000000000000001                ASSERT ((SIZEOF (initlevel_error) == 0x0), Undefined initialization levels used.)

app_shmem_regions
                0x0000000008007ecc        0x0
                0x0000000008007ecc                __app_shmem_regions_start = .
 *(SORT_BY_NAME(SORT_BY_ALIGNMENT(.app_regions.*)))
                0x0000000008007ecc                __app_shmem_regions_end = .

k_p4wq_initparam_area
                0x0000000008007ecc        0x0
                0x0000000008007ecc                _k_p4wq_initparam_list_start = .
 *(SORT_BY_NAME(SORT_BY_ALIGNMENT(._k_p4wq_initparam.static.*)))
                0x0000000008007ecc                _k_p4wq_initparam_list_end = .

_static_thread_data_area
                0x0000000008007ecc        0x0
                0x0000000008007ecc                __static_thread_data_list_start = .
 *(SORT_BY_NAME(SORT_BY_ALIGNMENT(.__static_thread_data.static.*)))
                0x0000000008007ecc                __static_thread_data_list_end = .

device_deps     0x0000000008007ecc        0x0
                0x0000000008007ecc                __device_deps_start = .
 *(SORT_BY_NAME(SORT_BY_ALIGNMENT(.__device_deps_pass2*)))
                0x0000000008007ecc                __device_deps_end = .

gpio_driver_api_area
                0x0000000008007ecc       0x24
                0x0000000008007ecc                _gpio_driver_api_list_start = .
 *(SORT_BY_NAME(SORT_BY_ALIGNMENT(._gpio_driver_api.static.*)))
 ._gpio_driver_api.static.gpio_stm32_driver_
                0x0000000008007ecc       0x24 zephyr/drivers/gpio/libdrivers__gpio.a(gpio_stm32.c.obj)
                0x0000000008007ef0                _gpio_driver_api_list_end = .

reset_driver_api_area
                0x0000000008007ef0       0x10
                0x0000000008007ef0                _reset_driver_api_list_start = .
 *(SORT_BY_NAME(SORT_BY_ALIGNMENT(._reset_driver_api.static.*)))
 ._reset_driver_api.static.reset_stm32_driver_api_
                0x0000000008007ef0       0x10 zephyr/drivers/reset/libdrivers__reset.a(reset_stm32.c.obj)
                0x0000000008007f00                _reset_driver_api_list_end = .

shared_irq_driver_api_area
                0x0000000008007f00        0x0
                0x0000000008007f00                _shared_irq_driver_api_list_start = .
 *(SORT_BY_NAME(SORT_BY_ALIGNMENT(._shared_irq_driver_api.static.*)))
                0x0000000008007f00                _shared_irq_driver_api_list_end = .

crypto_driver_api_area
                0x0000000008007f00        0x0
                0x0000000008007f00                _crypto_driver_api_list_start = .
 *(SORT_BY_NAME(SORT_BY_ALIGNMENT(._crypto_driver_api.static.*)))
                0x0000000008007f00                _crypto_driver_api_list_end = .

adc_driver_api_area
                0x0000000008007f00        0x0
                0x0000000008007f00                _adc_driver_api_list_start = .
 *(SORT_BY_NAME(SORT_BY_ALIGNMENT(._adc_driver_api.static.*)))
                0x0000000008007f00                _adc_driver_api_list_end = .

auxdisplay_driver_api_area
                0x0000000008007f00        0x0
                0x0000000008007f00                _auxdisplay_driver_api_list_start = .
 *(SORT_BY_NAME(SORT_BY_ALIGNMENT(._auxdisplay_driver_api.static.*)))
                0x0000000008007f00                _auxdisplay_driver_api_list_end = .

bbram_driver_api_area
                0x0000000008007f00        0x0
                0x0000000008007f00                _bbram_driver_api_list_start = .
 *(SORT_BY_NAME(SORT_BY_ALIGNMENT(._bbram_driver_api.static.*)))
                0x0000000008007f00                _bbram_driver_api_list_end = .

bt_hci_driver_api_area
                0x0000000008007f00        0x0
                0x0000000008007f00                _bt_hci_driver_api_list_start = .
 *(SORT_BY_NAME(SORT_BY_ALIGNMENT(._bt_hci_driver_api.static.*)))
                0x0000000008007f00                _bt_hci_driver_api_list_end = .

can_driver_api_area
                0x0000000008007f00        0x0
                0x0000000008007f00                _can_driver_api_list_start = .
 *(SORT_BY_NAME(SORT_BY_ALIGNMENT(._can_driver_api.static.*)))
                0x0000000008007f00                _can_driver_api_list_end = .

cellular_driver_api_area
                0x0000000008007f00        0x0
                0x0000000008007f00                _cellular_driver_api_list_start = .
 *(SORT_BY_NAME(SORT_BY_ALIGNMENT(._cellular_driver_api.static.*)))
                0x0000000008007f00                _cellular_driver_api_list_end = .

charger_driver_api_area
                0x0000000008007f00        0x0
                0x0000000008007f00                _charger_driver_api_list_start = .
 *(SORT_BY_NAME(SORT_BY_ALIGNMENT(._charger_driver_api.static.*)))
                0x0000000008007f00                _charger_driver_api_list_end = .

clock_control_driver_api_area
                0x0000000008007f00       0x1c
                0x0000000008007f00                _clock_control_driver_api_list_start = .
 *(SORT_BY_NAME(SORT_BY_ALIGNMENT(._clock_control_driver_api.static.*)))
 ._clock_control_driver_api.static.stm32_clock_control_api_
                0x0000000008007f00       0x1c zephyr/drivers/clock_control/libdrivers__clock_control.a(clock_stm32_ll_common.c.obj)
                0x0000000008007f1c                _clock_control_driver_api_list_end = .

comparator_driver_api_area
                0x0000000008007f1c        0x0
                0x0000000008007f1c                _comparator_driver_api_list_start = .
 *(SORT_BY_NAME(SORT_BY_ALIGNMENT(._comparator_driver_api.static.*)))
                0x0000000008007f1c                _comparator_driver_api_list_end = .

coredump_driver_api_area
                0x0000000008007f1c        0x0
                0x0000000008007f1c                _coredump_driver_api_list_start = .
 *(SORT_BY_NAME(SORT_BY_ALIGNMENT(._coredump_driver_api.static.*)))
                0x0000000008007f1c                _coredump_driver_api_list_end = .

counter_driver_api_area
                0x0000000008007f1c        0x0
                0x0000000008007f1c                _counter_driver_api_list_start = .
 *(SORT_BY_NAME(SORT_BY_ALIGNMENT(._counter_driver_api.static.*)))
                0x0000000008007f1c                _counter_driver_api_list_end = .

crc_driver_api_area
                0x0000000008007f1c        0x0
                0x0000000008007f1c                _crc_driver_api_list_start = .
 *(SORT_BY_NAME(SORT_BY_ALIGNMENT(._crc_driver_api.static.*)))
                0x0000000008007f1c                _crc_driver_api_list_end = .

dac_driver_api_area
                0x0000000008007f1c        0x0
                0x0000000008007f1c                _dac_driver_api_list_start = .
 *(SORT_BY_NAME(SORT_BY_ALIGNMENT(._dac_driver_api.static.*)))
                0x0000000008007f1c                _dac_driver_api_list_end = .

dai_driver_api_area
                0x0000000008007f1c        0x0
                0x0000000008007f1c                _dai_driver_api_list_start = .
 *(SORT_BY_NAME(SORT_BY_ALIGNMENT(._dai_driver_api.static.*)))
                0x0000000008007f1c                _dai_driver_api_list_end = .

display_driver_api_area
                0x0000000008007f1c        0x0
                0x0000000008007f1c                _display_driver_api_list_start = .
 *(SORT_BY_NAME(SORT_BY_ALIGNMENT(._display_driver_api.static.*)))
                0x0000000008007f1c                _display_driver_api_list_end = .

dma_driver_api_area
                0x0000000008007f1c        0x0
                0x0000000008007f1c                _dma_driver_api_list_start = .
 *(SORT_BY_NAME(SORT_BY_ALIGNMENT(._dma_driver_api.static.*)))
                0x0000000008007f1c                _dma_driver_api_list_end = .

edac_driver_api_area
                0x0000000008007f1c        0x0
                0x0000000008007f1c                _edac_driver_api_list_start = .
 *(SORT_BY_NAME(SORT_BY_ALIGNMENT(._edac_driver_api.static.*)))
                0x0000000008007f1c                _edac_driver_api_list_end = .

eeprom_driver_api_area
                0x0000000008007f1c        0x0
                0x0000000008007f1c                _eeprom_driver_api_list_start = .
 *(SORT_BY_NAME(SORT_BY_ALIGNMENT(._eeprom_driver_api.static.*)))
                0x0000000008007f1c                _eeprom_driver_api_list_end = .

emul_bbram_driver_api_area
                0x0000000008007f1c        0x0
                0x0000000008007f1c                _emul_bbram_driver_api_list_start = .
 *(SORT_BY_NAME(SORT_BY_ALIGNMENT(._emul_bbram_driver_api.static.*)))
                0x0000000008007f1c                _emul_bbram_driver_api_list_end = .

fuel_gauge_emul_driver_api_area
                0x0000000008007f1c        0x0
                0x0000000008007f1c                _fuel_gauge_emul_driver_api_list_start = .
 *(SORT_BY_NAME(SORT_BY_ALIGNMENT(._fuel_gauge_emul_driver_api.static.*)))
                0x0000000008007f1c                _fuel_gauge_emul_driver_api_list_end = .

emul_sensor_driver_api_area
                0x0000000008007f1c        0x0
                0x0000000008007f1c                _emul_sensor_driver_api_list_start = .
 *(SORT_BY_NAME(SORT_BY_ALIGNMENT(._emul_sensor_driver_api.static.*)))
                0x0000000008007f1c                _emul_sensor_driver_api_list_end = .

entropy_driver_api_area
                0x0000000008007f1c        0x0
                0x0000000008007f1c                _entropy_driver_api_list_start = .
 *(SORT_BY_NAME(SORT_BY_ALIGNMENT(._entropy_driver_api.static.*)))
                0x0000000008007f1c                _entropy_driver_api_list_end = .

espi_driver_api_area
                0x0000000008007f1c        0x0
                0x0000000008007f1c                _espi_driver_api_list_start = .
 *(SORT_BY_NAME(SORT_BY_ALIGNMENT(._espi_driver_api.static.*)))
                0x0000000008007f1c                _espi_driver_api_list_end = .

espi_saf_driver_api_area
                0x0000000008007f1c        0x0
                0x0000000008007f1c                _espi_saf_driver_api_list_start = .
 *(SORT_BY_NAME(SORT_BY_ALIGNMENT(._espi_saf_driver_api.static.*)))
                0x0000000008007f1c                _espi_saf_driver_api_list_end = .

flash_driver_api_area
                0x0000000008007f1c        0x0
                0x0000000008007f1c                _flash_driver_api_list_start = .
 *(SORT_BY_NAME(SORT_BY_ALIGNMENT(._flash_driver_api.static.*)))
                0x0000000008007f1c                _flash_driver_api_list_end = .

fpga_driver_api_area
                0x0000000008007f1c        0x0
                0x0000000008007f1c                _fpga_driver_api_list_start = .
 *(SORT_BY_NAME(SORT_BY_ALIGNMENT(._fpga_driver_api.static.*)))
                0x0000000008007f1c                _fpga_driver_api_list_end = .

fuel_gauge_driver_api_area
                0x0000000008007f1c        0x0
                0x0000000008007f1c                _fuel_gauge_driver_api_list_start = .
 *(SORT_BY_NAME(SORT_BY_ALIGNMENT(._fuel_gauge_driver_api.static.*)))
                0x0000000008007f1c                _fuel_gauge_driver_api_list_end = .

gnss_driver_api_area
                0x0000000008007f1c        0x0
                0x0000000008007f1c                _gnss_driver_api_list_start = .
 *(SORT_BY_NAME(SORT_BY_ALIGNMENT(._gnss_driver_api.static.*)))
                0x0000000008007f1c                _gnss_driver_api_list_end = .

haptics_driver_api_area
                0x0000000008007f1c        0x0
                0x0000000008007f1c                _haptics_driver_api_list_start = .
 *(SORT_BY_NAME(SORT_BY_ALIGNMENT(._haptics_driver_api.static.*)))
                0x0000000008007f1c                _haptics_driver_api_list_end = .

hwspinlock_driver_api_area
                0x0000000008007f1c        0x0
                0x0000000008007f1c                _hwspinlock_driver_api_list_start = .
 *(SORT_BY_NAME(SORT_BY_ALIGNMENT(._hwspinlock_driver_api.static.*)))
                0x0000000008007f1c                _hwspinlock_driver_api_list_end = .

i2c_driver_api_area
                0x0000000008007f1c        0x0
                0x0000000008007f1c                _i2c_driver_api_list_start = .
 *(SORT_BY_NAME(SORT_BY_ALIGNMENT(._i2c_driver_api.static.*)))
                0x0000000008007f1c                _i2c_driver_api_list_end = .

i2c_target_driver_api_area
                0x0000000008007f1c        0x0
                0x0000000008007f1c                _i2c_target_driver_api_list_start = .
 *(SORT_BY_NAME(SORT_BY_ALIGNMENT(._i2c_target_driver_api.static.*)))
                0x0000000008007f1c                _i2c_target_driver_api_list_end = .

i2s_driver_api_area
                0x0000000008007f1c        0x0
                0x0000000008007f1c                _i2s_driver_api_list_start = .
 *(SORT_BY_NAME(SORT_BY_ALIGNMENT(._i2s_driver_api.static.*)))
                0x0000000008007f1c                _i2s_driver_api_list_end = .

i3c_driver_api_area
                0x0000000008007f1c        0x0
                0x0000000008007f1c                _i3c_driver_api_list_start = .
 *(SORT_BY_NAME(SORT_BY_ALIGNMENT(._i3c_driver_api.static.*)))
                0x0000000008007f1c                _i3c_driver_api_list_end = .

ipm_driver_api_area
                0x0000000008007f1c        0x0
                0x0000000008007f1c                _ipm_driver_api_list_start = .
 *(SORT_BY_NAME(SORT_BY_ALIGNMENT(._ipm_driver_api.static.*)))
                0x0000000008007f1c                _ipm_driver_api_list_end = .

led_driver_api_area
                0x0000000008007f1c        0x0
                0x0000000008007f1c                _led_driver_api_list_start = .
 *(SORT_BY_NAME(SORT_BY_ALIGNMENT(._led_driver_api.static.*)))
                0x0000000008007f1c                _led_driver_api_list_end = .

led_strip_driver_api_area
                0x0000000008007f1c        0x0
                0x0000000008007f1c                _led_strip_driver_api_list_start = .
 *(SORT_BY_NAME(SORT_BY_ALIGNMENT(._led_strip_driver_api.static.*)))
                0x0000000008007f1c                _led_strip_driver_api_list_end = .

lora_driver_api_area
                0x0000000008007f1c        0x0
                0x0000000008007f1c                _lora_driver_api_list_start = .
 *(SORT_BY_NAME(SORT_BY_ALIGNMENT(._lora_driver_api.static.*)))
                0x0000000008007f1c                _lora_driver_api_list_end = .

mbox_driver_api_area
                0x0000000008007f1c        0x0
                0x0000000008007f1c                _mbox_driver_api_list_start = .
 *(SORT_BY_NAME(SORT_BY_ALIGNMENT(._mbox_driver_api.static.*)))
                0x0000000008007f1c                _mbox_driver_api_list_end = .

mdio_driver_api_area
                0x0000000008007f1c        0x0
                0x0000000008007f1c                _mdio_driver_api_list_start = .
 *(SORT_BY_NAME(SORT_BY_ALIGNMENT(._mdio_driver_api.static.*)))
                0x0000000008007f1c                _mdio_driver_api_list_end = .

mipi_dbi_driver_api_area
                0x0000000008007f1c        0x0
                0x0000000008007f1c                _mipi_dbi_driver_api_list_start = .
 *(SORT_BY_NAME(SORT_BY_ALIGNMENT(._mipi_dbi_driver_api.static.*)))
                0x0000000008007f1c                _mipi_dbi_driver_api_list_end = .

mipi_dsi_driver_api_area
                0x0000000008007f1c        0x0
                0x0000000008007f1c                _mipi_dsi_driver_api_list_start = .
 *(SORT_BY_NAME(SORT_BY_ALIGNMENT(._mipi_dsi_driver_api.static.*)))
                0x0000000008007f1c                _mipi_dsi_driver_api_list_end = .

mspi_driver_api_area
                0x0000000008007f1c        0x0
                0x0000000008007f1c                _mspi_driver_api_list_start = .
 *(SORT_BY_NAME(SORT_BY_ALIGNMENT(._mspi_driver_api.static.*)))
                0x0000000008007f1c                _mspi_driver_api_list_end = .

opamp_driver_api_area
                0x0000000008007f1c        0x0
                0x0000000008007f1c                _opamp_driver_api_list_start = .
 *(SORT_BY_NAME(SORT_BY_ALIGNMENT(._opamp_driver_api.static.*)))
                0x0000000008007f1c                _opamp_driver_api_list_end = .

peci_driver_api_area
                0x0000000008007f1c        0x0
                0x0000000008007f1c                _peci_driver_api_list_start = .
 *(SORT_BY_NAME(SORT_BY_ALIGNMENT(._peci_driver_api.static.*)))
                0x0000000008007f1c                _peci_driver_api_list_end = .

ps2_driver_api_area
                0x0000000008007f1c        0x0
                0x0000000008007f1c                _ps2_driver_api_list_start = .
 *(SORT_BY_NAME(SORT_BY_ALIGNMENT(._ps2_driver_api.static.*)))
                0x0000000008007f1c                _ps2_driver_api_list_end = .

ptp_clock_driver_api_area
                0x0000000008007f1c        0x0
                0x0000000008007f1c                _ptp_clock_driver_api_list_start = .
 *(SORT_BY_NAME(SORT_BY_ALIGNMENT(._ptp_clock_driver_api.static.*)))
                0x0000000008007f1c                _ptp_clock_driver_api_list_end = .

pwm_driver_api_area
                0x0000000008007f1c        0x0
                0x0000000008007f1c                _pwm_driver_api_list_start = .
 *(SORT_BY_NAME(SORT_BY_ALIGNMENT(._pwm_driver_api.static.*)))
                0x0000000008007f1c                _pwm_driver_api_list_end = .

regulator_parent_driver_api_area
                0x0000000008007f1c        0x0
                0x0000000008007f1c                _regulator_parent_driver_api_list_start = .
 *(SORT_BY_NAME(SORT_BY_ALIGNMENT(._regulator_parent_driver_api.static.*)))
                0x0000000008007f1c                _regulator_parent_driver_api_list_end = .

regulator_driver_api_area
                0x0000000008007f1c        0x0
                0x0000000008007f1c                _regulator_driver_api_list_start = .
 *(SORT_BY_NAME(SORT_BY_ALIGNMENT(._regulator_driver_api.static.*)))
                0x0000000008007f1c                _regulator_driver_api_list_end = .

retained_mem_driver_api_area
                0x0000000008007f1c        0x0
                0x0000000008007f1c                _retained_mem_driver_api_list_start = .
 *(SORT_BY_NAME(SORT_BY_ALIGNMENT(._retained_mem_driver_api.static.*)))
                0x0000000008007f1c                _retained_mem_driver_api_list_end = .

rtc_driver_api_area
                0x0000000008007f1c        0x0
                0x0000000008007f1c                _rtc_driver_api_list_start = .
 *(SORT_BY_NAME(SORT_BY_ALIGNMENT(._rtc_driver_api.static.*)))
                0x0000000008007f1c                _rtc_driver_api_list_end = .

sdhc_driver_api_area
                0x0000000008007f1c        0x0
                0x0000000008007f1c                _sdhc_driver_api_list_start = .
 *(SORT_BY_NAME(SORT_BY_ALIGNMENT(._sdhc_driver_api.static.*)))
                0x0000000008007f1c                _sdhc_driver_api_list_end = .

sensor_driver_api_area
                0x0000000008007f1c        0x0
                0x0000000008007f1c                _sensor_driver_api_list_start = .
 *(SORT_BY_NAME(SORT_BY_ALIGNMENT(._sensor_driver_api.static.*)))
                0x0000000008007f1c                _sensor_driver_api_list_end = .

smbus_driver_api_area
                0x0000000008007f1c        0x0
                0x0000000008007f1c                _smbus_driver_api_list_start = .
 *(SORT_BY_NAME(SORT_BY_ALIGNMENT(._smbus_driver_api.static.*)))
                0x0000000008007f1c                _smbus_driver_api_list_end = .

spi_driver_api_area
                0x0000000008007f1c        0x0
                0x0000000008007f1c                _spi_driver_api_list_start = .
 *(SORT_BY_NAME(SORT_BY_ALIGNMENT(._spi_driver_api.static.*)))
                0x0000000008007f1c                _spi_driver_api_list_end = .

stepper_driver_api_area
                0x0000000008007f1c        0x0
                0x0000000008007f1c                _stepper_driver_api_list_start = .
 *(SORT_BY_NAME(SORT_BY_ALIGNMENT(._stepper_driver_api.static.*)))
                0x0000000008007f1c                _stepper_driver_api_list_end = .

syscon_driver_api_area
                0x0000000008007f1c        0x0
                0x0000000008007f1c                _syscon_driver_api_list_start = .
 *(SORT_BY_NAME(SORT_BY_ALIGNMENT(._syscon_driver_api.static.*)))
                0x0000000008007f1c                _syscon_driver_api_list_end = .

tee_driver_api_area
                0x0000000008007f1c        0x0
                0x0000000008007f1c                _tee_driver_api_list_start = .
 *(SORT_BY_NAME(SORT_BY_ALIGNMENT(._tee_driver_api.static.*)))
                0x0000000008007f1c                _tee_driver_api_list_end = .

video_driver_api_area
                0x0000000008007f1c        0x0
                0x0000000008007f1c                _video_driver_api_list_start = .
 *(SORT_BY_NAME(SORT_BY_ALIGNMENT(._video_driver_api.static.*)))
                0x0000000008007f1c                _video_driver_api_list_end = .

virtio_driver_api_area
                0x0000000008007f1c        0x0
                0x0000000008007f1c                _virtio_driver_api_list_start = .
 *(SORT_BY_NAME(SORT_BY_ALIGNMENT(._virtio_driver_api.static.*)))
                0x0000000008007f1c                _virtio_driver_api_list_end = .

w1_driver_api_area
                0x0000000008007f1c        0x0
                0x0000000008007f1c                _w1_driver_api_list_start = .
 *(SORT_BY_NAME(SORT_BY_ALIGNMENT(._w1_driver_api.static.*)))
                0x0000000008007f1c                _w1_driver_api_list_end = .

wdt_driver_api_area
                0x0000000008007f1c        0x0
                0x0000000008007f1c                _wdt_driver_api_list_start = .
 *(SORT_BY_NAME(SORT_BY_ALIGNMENT(._wdt_driver_api.static.*)))
                0x0000000008007f1c                _wdt_driver_api_list_end = .

can_transceiver_driver_api_area
                0x0000000008007f1c        0x0
                0x0000000008007f1c                _can_transceiver_driver_api_list_start = .
 *(SORT_BY_NAME(SORT_BY_ALIGNMENT(._can_transceiver_driver_api.static.*)))
                0x0000000008007f1c                _can_transceiver_driver_api_list_end = .

nrf_clock_control_driver_api_area
                0x0000000008007f1c        0x0
                0x0000000008007f1c                _nrf_clock_control_driver_api_list_start = .
 *(SORT_BY_NAME(SORT_BY_ALIGNMENT(._nrf_clock_control_driver_api.static.*)))
                0x0000000008007f1c                _nrf_clock_control_driver_api_list_end = .

i3c_target_driver_api_area
                0x0000000008007f1c        0x0
                0x0000000008007f1c                _i3c_target_driver_api_list_start = .
 *(SORT_BY_NAME(SORT_BY_ALIGNMENT(._i3c_target_driver_api.static.*)))
                0x0000000008007f1c                _i3c_target_driver_api_list_end = .

its_driver_api_area
                0x0000000008007f1c        0x0
                0x0000000008007f1c                _its_driver_api_list_start = .
 *(SORT_BY_NAME(SORT_BY_ALIGNMENT(._its_driver_api.static.*)))
                0x0000000008007f1c                _its_driver_api_list_end = .

vtd_driver_api_area
                0x0000000008007f1c        0x0
                0x0000000008007f1c                _vtd_driver_api_list_start = .
 *(SORT_BY_NAME(SORT_BY_ALIGNMENT(._vtd_driver_api.static.*)))
                0x0000000008007f1c                _vtd_driver_api_list_end = .

renesas_elc_driver_api_area
                0x0000000008007f1c        0x0
                0x0000000008007f1c                _renesas_elc_driver_api_list_start = .
 *(SORT_BY_NAME(SORT_BY_ALIGNMENT(._renesas_elc_driver_api.static.*)))
                0x0000000008007f1c                _renesas_elc_driver_api_list_end = .

tgpio_driver_api_area
                0x0000000008007f1c        0x0
                0x0000000008007f1c                _tgpio_driver_api_list_start = .
 *(SORT_BY_NAME(SORT_BY_ALIGNMENT(._tgpio_driver_api.static.*)))
                0x0000000008007f1c                _tgpio_driver_api_list_end = .

pcie_ctrl_driver_api_area
                0x0000000008007f1c        0x0
                0x0000000008007f1c                _pcie_ctrl_driver_api_list_start = .
 *(SORT_BY_NAME(SORT_BY_ALIGNMENT(._pcie_ctrl_driver_api.static.*)))
                0x0000000008007f1c                _pcie_ctrl_driver_api_list_end = .

pcie_ep_driver_api_area
                0x0000000008007f1c        0x0
                0x0000000008007f1c                _pcie_ep_driver_api_list_start = .
 *(SORT_BY_NAME(SORT_BY_ALIGNMENT(._pcie_ep_driver_api.static.*)))
                0x0000000008007f1c                _pcie_ep_driver_api_list_end = .

psi5_driver_api_area
                0x0000000008007f1c        0x0
                0x0000000008007f1c                _psi5_driver_api_list_start = .
 *(SORT_BY_NAME(SORT_BY_ALIGNMENT(._psi5_driver_api.static.*)))
                0x0000000008007f1c                _psi5_driver_api_list_end = .

sent_driver_api_area
                0x0000000008007f1c        0x0
                0x0000000008007f1c                _sent_driver_api_list_start = .
 *(SORT_BY_NAME(SORT_BY_ALIGNMENT(._sent_driver_api.static.*)))