Archive member included to satisfy reference by file (symbol)

app/libapp.a(main.c.obj)      (--whole-archive)
app/libapp.a(stepper_driver.c.obj)
                              (--whole-archive)
zephyr/libzephyr.a(validate_libc.c.obj)
                              (--whole-archive)
zephyr/libzephyr.a(heap.c.obj)
                              (--whole-archive)
zephyr/libzephyr.a(cbprintf_packaged.c.obj)
                              (--whole-archive)
zephyr/libzephyr.a(clock.c.obj)
                              (--whole-archive)
zephyr/libzephyr.a(printk.c.obj)
                              (--whole-archive)
zephyr/libzephyr.a(sem.c.obj)
                              (--whole-archive)
zephyr/libzephyr.a(thread_entry.c.obj)
                              (--whole-archive)
zephyr/libzephyr.a(cbprintf_complete.c.obj)
                              (--whole-archive)
zephyr/libzephyr.a(assert.c.obj)
                              (--whole-archive)
zephyr/libzephyr.a(mpsc_pbuf.c.obj)
                              (--whole-archive)
zephyr/libzephyr.a(dec.c.obj)
                              (--whole-archive)
zephyr/libzephyr.a(hex.c.obj)
                              (--whole-archive)
zephyr/libzephyr.a(rb.c.obj)  (--whole-archive)
zephyr/libzephyr.a(timeutil.c.obj)
                              (--whole-archive)
zephyr/libzephyr.a(bitarray.c.obj)
                              (--whole-archive)
zephyr/libzephyr.a(bitmask.c.obj)
                              (--whole-archive)
zephyr/libzephyr.a(ring_buffer.c.obj)
                              (--whole-archive)
zephyr/libzephyr.a(last_section_id.c.obj)
                              (--whole-archive)
zephyr/libzephyr.a(configs.c.obj)
                              (--whole-archive)
zephyr/libzephyr.a(stm32cube_hal.c.obj)
                              (--whole-archive)
zephyr/libzephyr.a(soc_config.c.obj)
                              (--whole-archive)
zephyr/libzephyr.a(stm32_cache.c.obj)
                              (--whole-archive)
zephyr/libzephyr.a(stm32_backup_domain.c.obj)
                              (--whole-archive)
zephyr/libzephyr.a(soc.c.obj)
                              (--whole-archive)
zephyr/libzephyr.a(log_core.c.obj)
                              (--whole-archive)
zephyr/libzephyr.a(log_mgmt.c.obj)
                              (--whole-archive)
zephyr/libzephyr.a(log_cache.c.obj)
                              (--whole-archive)
zephyr/libzephyr.a(log_msg.c.obj)
                              (--whole-archive)
zephyr/libzephyr.a(log_output.c.obj)
                              (--whole-archive)
zephyr/libzephyr.a(log_backend_uart.c.obj)
                              (--whole-archive)
zephyr/libzephyr.a(mem_attr.c.obj)
                              (--whole-archive)
zephyr/libzephyr.a(tracing_none.c.obj)
                              (--whole-archive)
zephyr/arch/common/libarch__common.a(sw_isr_common.c.obj)
                              (--whole-archive)
zephyr/arch/common/libarch__common.a(init.c.obj)
                              (--whole-archive)
zephyr/arch/common/libarch__common.a(xip.c.obj)
                              (--whole-archive)
zephyr/arch/arch/arm/core/libarch__arm__core.a(fatal.c.obj)
                              (--whole-archive)
zephyr/arch/arch/arm/core/libarch__arm__core.a(nmi.c.obj)
                              (--whole-archive)
zephyr/arch/arch/arm/core/libarch__arm__core.a(nmi_on_reset.S.obj)
                              (--whole-archive)
zephyr/arch/arch/arm/core/libarch__arm__core.a(tls.c.obj)
                              (--whole-archive)
zephyr/arch/arch/arm/core/cortex_m/libarch__arm__core__cortex_m.a(exc_exit.c.obj)
                              (--whole-archive)
zephyr/arch/arch/arm/core/cortex_m/libarch__arm__core__cortex_m.a(fault.c.obj)
                              (--whole-archive)
zephyr/arch/arch/arm/core/cortex_m/libarch__arm__core__cortex_m.a(fault_s.S.obj)
                              (--whole-archive)
zephyr/arch/arch/arm/core/cortex_m/libarch__arm__core__cortex_m.a(fpu.c.obj)
                              (--whole-archive)
zephyr/arch/arch/arm/core/cortex_m/libarch__arm__core__cortex_m.a(reset.S.obj)
                              (--whole-archive)
zephyr/arch/arch/arm/core/cortex_m/libarch__arm__core__cortex_m.a(scb.c.obj)
                              (--whole-archive)
zephyr/arch/arch/arm/core/cortex_m/libarch__arm__core__cortex_m.a(thread_abort.c.obj)
                              (--whole-archive)
zephyr/arch/arch/arm/core/cortex_m/libarch__arm__core__cortex_m.a(vector_table.S.obj)
                              (--whole-archive)
zephyr/arch/arch/arm/core/cortex_m/libarch__arm__core__cortex_m.a(swap_helper.S.obj)
                              (--whole-archive)
zephyr/arch/arch/arm/core/cortex_m/libarch__arm__core__cortex_m.a(irq_manage.c.obj)
                              (--whole-archive)
zephyr/arch/arch/arm/core/cortex_m/libarch__arm__core__cortex_m.a(prep_c.c.obj)
[...]
Memory Configuration

Name             Origin             Length             Attributes
FLASH            0x0000000008000000 0x0000000000200000 xr
RAM              0x0000000020020000 0x0000000000060000 xw
QSPI_PLACEHOLDER 0x0000000090000000 0x0000000010000000 rw
SRAM0            0x0000000020020000 0x0000000000060000 rw
DTCM             0x0000000020000000 0x0000000000020000 rw
IDT_LIST         0x00000000ffff7fff 0x0000000000008000 xw
*default*        0x0000000000000000 0xffffffffffffffff

Linker script and memory map

                0x0000000008004f28                vfprintf = __d_vfprintf
                0x0000000000000000                vfscanf = __d_vfscanf
LOAD zephyr/CMakeFiles/zephyr_pre0.dir/misc/empty_file.c.obj
LOAD zephyr/CMakeFiles/offsets.dir/./arch/arm/core/offsets/offsets.c.obj
LOAD app/libapp.a
LOAD zephyr/libzephyr.a
LOAD zephyr/arch/common/libarch__common.a
LOAD zephyr/arch/arch/arm/core/libarch__arm__core.a
LOAD zephyr/arch/arch/arm/core/cortex_m/libarch__arm__core__cortex_m.a
LOAD zephyr/arch/arch/arm/core/mpu/libarch__arm__core__mpu.a
LOAD zephyr/lib/libc/picolibc/liblib__libc__picolibc.a
LOAD zephyr/lib/libc/common/liblib__libc__common.a
LOAD zephyr/drivers/interrupt_controller/libdrivers__interrupt_controller.a
LOAD zephyr/drivers/clock_control/libdrivers__clock_control.a
LOAD zephyr/drivers/console/libdrivers__console.a
LOAD zephyr/drivers/gpio/libdrivers__gpio.a
LOAD zephyr/drivers/pinctrl/libdrivers__pinctrl.a
LOAD zephyr/drivers/reset/libdrivers__reset.a
LOAD zephyr/drivers/serial/libdrivers__serial.a
LOAD zephyr/drivers/timer/libdrivers__timer.a
LOAD modules/hal_stm32/stm32cube/lib..__modules__hal__stm32__stm32cube.a
LOAD zephyr/kernel/libkernel.a
LOAD zephyr/arch/common/libisr_tables.a
LOAD c:\users\urvih\zephyr-sdk-0.17.4\arm-zephyr-eabi\bin\../lib/gcc/../../picolibc/arm-zephyr-eabi/lib/thumb/v7e-m/nofp\libc.a
LOAD c:/users/urvih/zephyr-sdk-0.17.4/arm-zephyr-eabi/bin/../lib/gcc/arm-zephyr-eabi/12.2.0/thumb/v7e-m/nofp\libgcc.a
                0x0000000000000020                _region_min_align = 0x20

.rel.plt        0x0000000008000000        0x0
 *(SORT_BY_ALIGNMENT(.rel.plt))
                [!provide]                        PROVIDE (__rel_iplt_start = .)
 *(SORT_BY_ALIGNMENT(.rel.iplt))
 .rel.iplt      0x0000000008000000        0x0 app/libapp.a(main.c.obj)
                [!provide]                        PROVIDE (__rel_iplt_end = .)

.rela.plt       0x0000000000000000        0x0
 *(SORT_BY_ALIGNMENT(.rela.plt))
                [!provide]                        PROVIDE (__rela_iplt_start = .)
 *(SORT_BY_ALIGNMENT(.rela.iplt))
                [!provide]                        PROVIDE (__rela_iplt_end = .)

.rel.dyn
 *(SORT_BY_ALIGNMENT(.rel.*))

.rela.dyn
 *(SORT_BY_ALIGNMENT(.rela.*))

/DISCARD/
 *(SORT_BY_ALIGNMENT(.plt))

/DISCARD/
 *(SORT_BY_ALIGNMENT(.iplt))
                0x0000000008000000                __rom_region_start = 0x8000000

rom_start       0x0000000008000000      0x1f8
                0x0000000008000000                __rom_start_address = .
 FILL mask 0x00
                0x0000000008000000                . = (. + (0x0 - (. - __rom_start_address)))
                0x0000000008000000                . = ALIGN (0x4)
                0x0000000008000000                . = ALIGN (0x80)
                0x0000000008000000                . = ALIGN (0x200)
                0x0000000008000000                _vector_start = .
 *(SORT_BY_ALIGNMENT(.exc_vector_table))
 *(SORT_BY_ALIGNMENT(.exc_vector_table.*))
 .exc_vector_table._vector_table_section
                0x0000000008000000       0x40 zephyr/arch/arch/arm/core/cortex_m/libarch__arm__core__cortex_m.a(vector_table.S.obj)
                0x0000000008000000                _vector_table
 *(SORT_BY_ALIGNMENT(.vectors))
                0x00000000080001f8                _vector_end = .
                0x0000000008000040                . = ALIGN (0x4)
 *(SORT_BY_ALIGNMENT(.gnu.linkonce.irq_vector_table*))
 .gnu.linkonce.irq_vector_table
                0x0000000008000040      0x1b8 zephyr/arch/common/libisr_tables.a(isr_tables.c.obj)
                0x0000000008000040                _irq_vector_table
                0x00000000080001f8                _vector_end = .

text            0x00000000080001f8     0x76d8
                0x00000000080001f8                __text_region_start = .
 *(SORT_BY_ALIGNMENT(.text))
 .text          0x00000000080001f8      0x378 c:/users/urvih/zephyr-sdk-0.17.4/arm-zephyr-eabi/bin/../lib/gcc/arm-zephyr-eabi/12.2.0/thumb/v7e-m/nofp\libgcc.a(_arm_addsubdf3.o)
                0x00000000080001f8                __aeabi_drsub
                0x0000000008000200                __aeabi_dsub
                0x0000000008000200                __subdf3
                0x0000000008000204                __aeabi_dadd
                0x0000000008000204                __adddf3
                0x000000000800047c                __floatunsidf
                0x000000000800047c                __aeabi_ui2d
                0x000000000800049c                __floatsidf
                0x000000000800049c                __aeabi_i2d
                0x00000000080004c0                __aeabi_f2d
                0x00000000080004c0                __extendsfdf2
                0x0000000008000504                __floatundidf
                0x0000000008000504                __aeabi_ul2d
                0x0000000008000514                __floatdidf
                0x0000000008000514                __aeabi_l2d
 .text          0x0000000008000570      0x21c c:/users/urvih/zephyr-sdk-0.17.4/arm-zephyr-eabi/bin/../lib/gcc/arm-zephyr-eabi/12.2.0/thumb/v7e-m/nofp\libgcc.a(_arm_addsubsf3.o)
                0x0000000008000570                __aeabi_frsub
                0x0000000008000578                __subsf3
                0x0000000008000578                __aeabi_fsub
                0x000000000800057c                __aeabi_fadd
                0x000000000800057c                __addsf3
                0x00000000080006dc                __aeabi_ui2f
                0x00000000080006dc                __floatunsisf
                0x00000000080006e4                __aeabi_i2f
                0x00000000080006e4                __floatsisf
                0x0000000008000700                __aeabi_ul2f
                0x0000000008000700                __floatundisf
                0x0000000008000710                __aeabi_l2f
                0x0000000008000710                __floatdisf
 .text          0x000000000800078c      0x2a0 c:/users/urvih/zephyr-sdk-0.17.4/arm-zephyr-eabi/bin/../lib/gcc/arm-zephyr-eabi/12.2.0/thumb/v7e-m/nofp\libgcc.a(_arm_muldivsf3.o)
                0x000000000800078c                __mulsf3
                0x000000000800078c                __aeabi_fmul
                0x00000000080008f4                __aeabi_fdiv
                0x00000000080008f4                __divsf3
 .text          0x0000000008000a2c       0xec c:/users/urvih/zephyr-sdk-0.17.4/arm-zephyr-eabi/bin/../lib/gcc/arm-zephyr-eabi/12.2.0/thumb/v7e-m/nofp\libgcc.a(_arm_cmpsf2.o)
                0x0000000008000a2c                __gesf2
                0x0000000008000a2c                __gtsf2
                0x0000000008000a34                __lesf2
                0x0000000008000a34                __ltsf2
                0x0000000008000a3c                __nesf2
                0x0000000008000a3c                __eqsf2
                0x0000000008000a3c                __cmpsf2
                0x0000000008000a9c                __aeabi_cfrcmple
                0x0000000008000aa4                __aeabi_cfcmpeq
                0x0000000008000aa4                __aeabi_cfcmple
                0x0000000008000ab4                __aeabi_fcmpeq
                0x0000000008000ac8                __aeabi_fcmplt
                0x0000000008000adc                __aeabi_fcmple
                0x0000000008000af0                __aeabi_fcmpge
                0x0000000008000b04                __aeabi_fcmpgt
 .text          0x0000000008000b18       0x4c c:/users/urvih/zephyr-sdk-0.17.4/arm-zephyr-eabi/bin/../lib/gcc/arm-zephyr-eabi/12.2.0/thumb/v7e-m/nofp\libgcc.a(_arm_fixsfsi.o)
                0x0000000008000b18                __aeabi_f2iz
                0x0000000008000b18                __fixsfsi
 .text          0x0000000008000b64       0x30 c:/users/urvih/zephyr-sdk-0.17.4/arm-zephyr-eabi/bin/../lib/gcc/arm-zephyr-eabi/12.2.0/thumb/v7e-m/nofp\libgcc.a(_aeabi_uldivmod.o)
                0x0000000008000b64                __aeabi_uldivmod
 .text          0x0000000008000b94        0x4 c:/users/urvih/zephyr-sdk-0.17.4/arm-zephyr-eabi/bin/../lib/gcc/arm-zephyr-eabi/12.2.0/thumb/v7e-m/nofp\libgcc.a(_dvmd_tls.o)
                0x0000000008000b94                __aeabi_idiv0
                0x0000000008000b94                __aeabi_ldiv0
 .text          0x0000000008000b98       0x10 c:\users\urvih\zephyr-sdk-0.17.4\arm-zephyr-eabi\bin\../lib/gcc/../../picolibc/arm-zephyr-eabi/lib/thumb/v7e-m/nofp\libc.a(strlen.S.o)
                0x0000000008000b98                strlen
 .text          0x0000000008000ba8      0x2a0 c:/users/urvih/zephyr-sdk-0.17.4/arm-zephyr-eabi/bin/../lib/gcc/arm-zephyr-eabi/12.2.0/thumb/v7e-m/nofp\libgcc.a(_udivmoddi4.o)
                0x0000000008000ba8                __udivmoddi4
 *(SORT_BY_ALIGNMENT(.text.*))
 .text.main     0x0000000008000e48       0xe0 app/libapp.a(main.c.obj)
                0x0000000008000e48                main
 .text.stepper_init
                0x0000000008000f28       0x9c app/libapp.a(stepper_driver.c.obj)
                0x0000000008000f28                stepper_init
 .text.stepper_move_deg
                0x0000000008000fc4      0x11c app/libapp.a(stepper_driver.c.obj)
                0x0000000008000fc4                stepper_move_deg
 .text.cbvprintf_package
                0x00000000080010e0      0x3a4 zephyr/libzephyr.a(cbprintf_packaged.c.obj)
                0x00000000080010e0                cbvprintf_package
 .text.cbprintf_package_convert
                0x0000000008001484      0x3cc zephyr/libzephyr.a(cbprintf_packaged.c.obj)
                0x0000000008001484                cbprintf_package_convert
 .text.__printk_hook_install
                0x0000000008001850        0xc zephyr/libzephyr.a(printk.c.obj)
                0x0000000008001850                __printk_hook_install
 .text.z_thread_entry
                0x000000000800185c       0x34 zephyr/libzephyr.a(thread_entry.c.obj)
                0x000000000800185c                z_thread_entry
 .text.st_stm32_common_config
                0x0000000008001890       0x14 zephyr/libzephyr.a(soc_config.c.obj)
 .text.soc_early_init_hook
                0x00000000080018a4       0x28 zephyr/libzephyr.a(soc.c.obj)
                0x00000000080018a4                soc_early_init_hook
 .text.activate_foreach_backend
                0x00000000080018cc       0x64 zephyr/libzephyr.a(log_core.c.obj)
 .text.enable_logger
                0x0000000008001930       0x5c zephyr/libzephyr.a(log_core.c.obj)
 .text.log_process_thread_timer_expiry_fn
                0x000000000800198c        0xc zephyr/libzephyr.a(log_core.c.obj)
 .text.z_log_init
                0x0000000008001998       0x94 zephyr/libzephyr.a(log_core.c.obj)
 .text.log_format_func_t_get
                0x0000000008001a2c        0xc zephyr/libzephyr.a(log_core.c.obj)
                0x0000000008001a2c                log_format_func_t_get
 .text.log_set_timestamp_func
                0x0000000008001a38       0x20 zephyr/libzephyr.a(log_core.c.obj)
                0x0000000008001a38                log_set_timestamp_func
 .text.z_log_notify_backend_enabled
                0x0000000008001a58       0x1c zephyr/libzephyr.a(log_core.c.obj)
                0x0000000008001a58                z_log_notify_backend_enabled
 .text.z_log_dropped
                0x0000000008001a74       0x44 zephyr/libzephyr.a(log_core.c.obj)
                0x0000000008001a74                z_log_dropped
 .text.z_log_dropped_read_and_clear
                0x0000000008001ab8       0x20 zephyr/libzephyr.a(log_core.c.obj)
                0x0000000008001ab8                z_log_dropped_read_and_clear
 .text.dropped_notify
                0x0000000008001ad8       0x30 zephyr/libzephyr.a(log_core.c.obj)
                0x0000000008001ad8                dropped_notify
 .text.z_log_msg_init
                0x0000000008001b08       0x20 zephyr/libzephyr.a(log_core.c.obj)
                0x0000000008001b08                z_log_msg_init
 .text.log_core_init
                0x0000000008001b28       0x50 zephyr/libzephyr.a(log_core.c.obj)
                0x0000000008001b28                log_core_init
 .text.z_log_msg_alloc
                0x0000000008001b78       0x10 zephyr/libzephyr.a(log_core.c.obj)
                0x0000000008001b78                z_log_msg_alloc
 .text.z_log_msg_local_claim
                0x0000000008001b88        0xc zephyr/libzephyr.a(log_core.c.obj)
                0x0000000008001b88                z_log_msg_local_claim
 .text.z_log_msg_free
                0x0000000008001b94       0x10 zephyr/libzephyr.a(log_core.c.obj)
                0x0000000008001b94                z_log_msg_free
 .text.z_log_msg_pending
                0x0000000008001ba4        0xc zephyr/libzephyr.a(log_core.c.obj)
                0x0000000008001ba4                z_log_msg_pending
 .text.z_impl_log_process
                0x0000000008001bb0       0xb4 zephyr/libzephyr.a(log_core.c.obj)
                0x0000000008001bb0                z_impl_log_process
 .text.z_impl_log_panic
                0x0000000008001c64       0x44 zephyr/libzephyr.a(log_core.c.obj)
                0x0000000008001c64                z_impl_log_panic
 .text.log_process_thread_func
                0x0000000008001ca8       0xa4 zephyr/libzephyr.a(log_core.c.obj)
 .text.z_log_msg_post_finalize
                0x0000000008001d4c       0x78 zephyr/libzephyr.a(log_core.c.obj)
 .text.z_log_msg_commit
                0x0000000008001dc4       0x24 zephyr/libzephyr.a(log_core.c.obj)
                0x0000000008001dc4                z_log_msg_commit
 .text.log_source_name_get
                0x0000000008001de8       0x1c zephyr/libzephyr.a(log_mgmt.c.obj)
                0x0000000008001de8                log_source_name_get
 .text.z_impl_z_log_msg_static_create
                0x0000000008001e04      0x108 zephyr/libzephyr.a(log_msg.c.obj)
                0x0000000008001e04                z_impl_z_log_msg_static_create
 .text.z_log_msg_runtime_vcreate
                0x0000000008001f0c       0xa0 zephyr/libzephyr.a(log_msg.c.obj)
                0x0000000008001f0c                z_log_msg_runtime_vcreate
 .text.log_msg_get_source_id
                0x0000000008001fac       0x18 zephyr/libzephyr.a(log_msg.c.obj)
                0x0000000008001fac                log_msg_get_source_id
 .text.print_formatted
                0x0000000008001fc4       0x24 zephyr/libzephyr.a(log_output.c.obj)
 .text.newline_print
                0x0000000008001fe8       0x1c zephyr/libzephyr.a(log_output.c.obj)
 .text.log_output_process
                0x0000000008002004      0x2d4 zephyr/libzephyr.a(log_output.c.obj)
                0x0000000008002004                log_output_process
 .text.log_output_dropped_process
                0x00000000080022d8       0x58 zephyr/libzephyr.a(log_output.c.obj)
                0x00000000080022d8                log_output_dropped_process
 .text.log_output_timestamp_freq_set
                0x0000000008002330       0x2c zephyr/libzephyr.a(log_output.c.obj)
                0x0000000008002330                log_output_timestamp_freq_set
 .text.char_out
                0x000000000800235c       0x24 zephyr/libzephyr.a(log_backend_uart.c.obj)
 .text.mem_attr_get_regions
                0x0000000008002380        0xc zephyr/libzephyr.a(mem_attr.c.obj)
                0x0000000008002380                mem_attr_get_regions
 .text.arch_bss_zero
                0x000000000800238c       0x2c zephyr/arch/common/libarch__common.a(init.c.obj)
                0x000000000800238c                arch_bss_zero
 .text.arch_data_copy
                0x00000000080023b8       0x50 zephyr/arch/common/libarch__common.a(xip.c.obj)
                0x00000000080023b8                arch_data_copy
 .text.z_arm_fatal_error
                0x0000000008002408       0xb8 zephyr/arch/arch/arm/core/libarch__arm__core.a(fatal.c.obj)
                0x0000000008002408                z_arm_fatal_error
 .text.z_SysNmiOnReset
                0x00000000080024c0        0x8 zephyr/arch/arch/arm/core/libarch__arm__core.a(nmi_on_reset.S.obj)
                0x00000000080024c0                z_SysNmiOnReset
 .text.arch_tls_stack_setup
                0x00000000080024c8       0x40 zephyr/arch/arch/arm/core/libarch__arm__core.a(tls.c.obj)
                0x00000000080024c8                arch_tls_stack_setup
 .text._HandlerModeExit
                0x0000000008002508       0x20 zephyr/arch/arch/arm/core/cortex_m/libarch__arm__core__cortex_m.a(exc_exit.c.obj)
                0x0000000008002508                z_arm_int_exit
                0x0000000008002508                z_arm_exc_exit
 .text.bus_fault.constprop.0
                0x0000000008002528       0xd0 zephyr/arch/arch/arm/core/cortex_m/libarch__arm__core__cortex_m.a(fault.c.obj)
 .text.usage_fault.constprop.0
                0x00000000080025f8       0xa8 zephyr/arch/arch/arm/core/cortex_m/libarch__arm__core__cortex_m.a(fault.c.obj)
 .text.mem_manage_fault
                0x00000000080026a0      0x104 zephyr/arch/arch/arm/core/cortex_m/libarch__arm__core__cortex_m.a(fault.c.obj)
 .text.z_arm_fault
                0x00000000080027a4      0x1d4 zephyr/arch/arch/arm/core/cortex_m/libarch__arm__core__cortex_m.a(fault.c.obj)
                0x00000000080027a4                z_arm_fault
 .text.z_arm_fault_init
                0x0000000008002978       0x18 zephyr/arch/arch/arm/core/cortex_m/libarch__arm__core__cortex_m.a(fault.c.obj)
                0x0000000008002978                z_arm_fault_init
 .text.__fault  0x0000000008002990       0x14 zephyr/arch/arch/arm/core/cortex_m/libarch__arm__core__cortex_m.a(fault_s.S.obj)
                0x0000000008002990                z_arm_usage_fault
                0x0000000008002990                z_arm_mpu_fault
                0x0000000008002990                z_arm_exc_spurious
                0x0000000008002990                z_arm_debug_monitor
                0x0000000008002990                z_arm_hard_fault
                0x0000000008002990                z_arm_bus_fault
 .text._reset_section
                0x00000000080029a4       0x34 zephyr/arch/arch/arm/core/cortex_m/libarch__arm__core__cortex_m.a(reset.S.obj)
                0x00000000080029a4                __start
                0x00000000080029a4                z_arm_reset
 .text.z_impl_k_thread_abort
                0x00000000080029d8       0x2c zephyr/arch/arch/arm/core/cortex_m/libarch__arm__core__cortex_m.a(thread_abort.c.obj)
                0x00000000080029d8                z_impl_k_thread_abort
 .text.z_arm_pendsv
                0x0000000008002a04       0x60 zephyr/arch/arch/arm/core/cortex_m/libarch__arm__core__cortex_m.a(swap_helper.S.obj)
                0x0000000008002a04                z_arm_pendsv
 .text.z_arm_svc
                0x0000000008002a64       0x24 zephyr/arch/arch/arm/core/cortex_m/libarch__arm__core__cortex_m.a(swap_helper.S.obj)
                0x0000000008002a64                z_arm_svc
 .text.arm_irq_enable
                0x0000000008002a88       0x1c zephyr/arch/arch/arm/core/cortex_m/libarch__arm__core__cortex_m.a(irq_manage.c.obj)
                0x0000000008002a88                arm_irq_enable
 .text.arm_irq_priority_set
                0x0000000008002aa4       0x2c zephyr/arch/arch/arm/core/cortex_m/libarch__arm__core__cortex_m.a(irq_manage.c.obj)
                0x0000000008002aa4                arm_irq_priority_set
 .text.relocate_vector_table
                0x0000000008002ad0       0x1c zephyr/arch/arch/arm/core/cortex_m/libarch__arm__core__cortex_m.a(prep_c.c.obj)
                0x0000000008002ad0                relocate_vector_table
 .text.z_prep_c
                0x0000000008002aec       0x38 zephyr/arch/arch/arm/core/cortex_m/libarch__arm__core__cortex_m.a(prep_c.c.obj)
                0x0000000008002aec                z_prep_c
 .text.arch_new_thread
                0x0000000008002b24       0x2c zephyr/arch/arch/arm/core/cortex_m/libarch__arm__core__cortex_m.a(thread.c.obj)
                0x0000000008002b24                arch_new_thread
 .text.z_check_thread_stack_fail
                0x0000000008002b50       0x2c zephyr/arch/arch/arm/core/cortex_m/libarch__arm__core__cortex_m.a(thread.c.obj)
                0x0000000008002b50                z_check_thread_stack_fail
 .text.arch_switch_to_main_thread
                0x0000000008002b7c       0x3c zephyr/arch/arch/arm/core/cortex_m/libarch__arm__core__cortex_m.a(thread.c.obj)
                0x0000000008002b7c                arch_switch_to_main_thread
 .text.z_arm_cpu_idle_init
                0x0000000008002bb8        0xc zephyr/arch/arch/arm/core/cortex_m/libarch__arm__core__cortex_m.a(cpu_idle.c.obj)
                0x0000000008002bb8                z_arm_cpu_idle_init
 .text.z_arm_interrupt_init
                0x0000000008002bc4       0x18 zephyr/arch/arch/arm/core/cortex_m/libarch__arm__core__cortex_m.a(irq_init.c.obj)
                0x0000000008002bc4                z_arm_interrupt_init
 .text._isr_wrapper
                0x0000000008002bdc       0x24 zephyr/arch/arch/arm/core/cortex_m/libarch__arm__core__cortex_m.a(isr_wrapper.c.obj)
                0x0000000008002bdc                _isr_wrapper
 .text.z_arm_configure_static_mpu_regions
                0x0000000008002c00       0x18 zephyr/arch/arch/arm/core/mpu/libarch__arm__core__mpu.a(arm_core_mpu.c.obj)
                0x0000000008002c00                z_arm_configure_static_mpu_regions
 .text.z_arm_configure_dynamic_mpu_regions
                0x0000000008002c18       0x20 zephyr/arch/arch/arm/core/mpu/libarch__arm__core__mpu.a(arm_core_mpu.c.obj)
                0x0000000008002c18                z_arm_configure_dynamic_mpu_regions
 .text.region_allocate_and_init
                0x0000000008002c38       0x54 zephyr/arch/arch/arm/core/mpu/libarch__arm__core__mpu.a(arm_mpu.c.obj)
 .text.mpu_configure_regions
                0x0000000008002c8c       0x68 zephyr/arch/arch/arm/core/mpu/libarch__arm__core__mpu.a(arm_mpu.c.obj)
 .text.arm_core_mpu_enable
                0x0000000008002cf4       0x18 zephyr/arch/arch/arm/core/mpu/libarch__arm__core__mpu.a(arm_mpu.c.obj)
                0x0000000008002cf4                arm_core_mpu_enable
 .text.arm_core_mpu_disable
                0x0000000008002d0c       0x14 zephyr/arch/arch/arm/core/mpu/libarch__arm__core__mpu.a(arm_mpu.c.obj)
                0x0000000008002d0c                arm_core_mpu_disable
 .text.arm_core_mpu_configure_static_mpu_regions
                0x0000000008002d20       0x14 zephyr/arch/arch/arm/core/mpu/libarch__arm__core__mpu.a(arm_mpu.c.obj)
                0x0000000008002d20                arm_core_mpu_configure_static_mpu_regions
 .text.arm_core_mpu_configure_dynamic_mpu_regions
                0x0000000008002d34       0x38 zephyr/arch/arch/arm/core/mpu/libarch__arm__core__mpu.a(arm_mpu.c.obj)
                0x0000000008002d34                arm_core_mpu_configure_dynamic_mpu_regions
 .text.z_arm_mpu_init
                0x0000000008002d6c      0x17c zephyr/arch/arch/arm/core/mpu/libarch__arm__core__mpu.a(arm_mpu.c.obj)
                0x0000000008002d6c                z_arm_mpu_init
 .text.cbvprintf
                0x0000000008002ee8       0x38 zephyr/lib/libc/picolibc/liblib__libc__picolibc.a(cbprintf.c.obj)
                0x0000000008002ee8                cbvprintf
 .text.z_impl_zephyr_fputc
                0x0000000008002f20       0x10 zephyr/lib/libc/picolibc/liblib__libc__picolibc.a(stdio.c.obj)
                0x0000000008002f20                z_impl_zephyr_fputc
 .text.__stdout_hook_install
                0x0000000008002f30       0x18 zephyr/lib/libc/picolibc/liblib__libc__picolibc.a(stdio.c.obj)
                0x0000000008002f30                __stdout_hook_install
 .text.malloc_prepare
                0x0000000008002f48       0x24 zephyr/lib/libc/common/liblib__libc__common.a(malloc.c.obj)
 .text.stm32_fill_irq_table
                0x0000000008002f6c       0x18 zephyr/drivers/interrupt_controller/libdrivers__interrupt_controller.a(intc_gpio_stm32.c.obj)
 .text.stm32_intc_gpio_isr
                0x0000000008002f84       0x4c zephyr/drivers/interrupt_controller/libdrivers__interrupt_controller.a(intc_gpio_stm32.c.obj)
 .text.stm32_gpio_intc_enable_line
                0x0000000008002fd0       0x2c zephyr/drivers/interrupt_controller/libdrivers__interrupt_controller.a(intc_gpio_stm32.c.obj)
                0x0000000008002fd0                stm32_gpio_intc_enable_line
 .text.stm32_gpio_intc_disable_line
                0x0000000008002ffc       0x10 zephyr/drivers/interrupt_controller/libdrivers__interrupt_controller.a(intc_gpio_stm32.c.obj)
                0x0000000008002ffc                stm32_gpio_intc_disable_line
 .text.stm32_gpio_intc_select_line_trigger
                0x000000000800300c       0x50 zephyr/drivers/interrupt_controller/libdrivers__interrupt_controller.a(intc_gpio_stm32.c.obj)
                0x000000000800300c                stm32_gpio_intc_select_line_trigger
 .text.stm32_gpio_intc_set_irq_callback
                0x000000000800305c       0x40 zephyr/drivers/interrupt_controller/libdrivers__interrupt_controller.a(intc_gpio_stm32.c.obj)
                0x000000000800305c                stm32_gpio_intc_set_irq_callback
 .text.stm32_gpio_intc_remove_irq_callback
                0x000000000800309c       0x24 zephyr/drivers/interrupt_controller/libdrivers__interrupt_controller.a(intc_gpio_stm32.c.obj)
                0x000000000800309c                stm32_gpio_intc_remove_irq_callback
 .text.stm32_exti_get_line_src_port
                0x00000000080030c0       0x30 zephyr/drivers/interrupt_controller/libdrivers__interrupt_controller.a(intc_gpio_stm32.c.obj)
                0x00000000080030c0                stm32_exti_get_line_src_port
 .text.stm32_exti_init
                0x00000000080030f0       0x48 zephyr/drivers/interrupt_controller/libdrivers__interrupt_controller.a(intc_exti_stm32.c.obj)
 .text.stm32_exti_is_pending
                0x0000000008003138       0x38 zephyr/drivers/interrupt_controller/libdrivers__interrupt_controller.a(intc_exti_stm32.c.obj)
                0x0000000008003138                stm32_exti_is_pending
 .text.stm32_exti_clear_pending
                0x0000000008003170       0x34 zephyr/drivers/interrupt_controller/libdrivers__interrupt_controller.a(intc_exti_stm32.c.obj)
                0x0000000008003170                stm32_exti_clear_pending
 .text.stm32_clock_control_get_subsys_rate
                0x00000000080031a4       0xa8 zephyr/drivers/clock_control/libdrivers__clock_control.a(clock_stm32_ll_common.c.obj)
 .text.stm32_clock_control_init
                0x000000000800324c      0x130 zephyr/drivers/clock_control/libdrivers__clock_control.a(clock_stm32_ll_common.c.obj)
                0x000000000800324c                stm32_clock_control_init
 .text.get_pllsrc_frequency
                0x000000000800337c        0x8 zephyr/drivers/clock_control/libdrivers__clock_control.a(clock_stm32f2_f4_f7.c.obj)
                0x000000000800337c                get_pllsrc_frequency
 .text.config_pll_sysclock
                0x0000000008003384       0x60 zephyr/drivers/clock_control/libdrivers__clock_control.a(clock_stm32f2_f4_f7.c.obj)
                0x0000000008003384                config_pll_sysclock
 .text.config_enable_default_clocks
                0x00000000080033e4       0x20 zephyr/drivers/clock_control/libdrivers__clock_control.a(clock_stm32f2_f4_f7.c.obj)
                0x00000000080033e4                config_enable_default_clocks
 .text.uart_console_init
                0x0000000008003404       0x28 zephyr/drivers/console/libdrivers__console.a(uart_console.c.obj)
 .text.console_out
                0x000000000800342c       0x28 zephyr/drivers/console/libdrivers__console.a(uart_console.c.obj)
 .text.gpio_stm32_pin_interrupt_configure
                0x0000000008003454       0xb0 zephyr/drivers/gpio/libdrivers__gpio.a(gpio_stm32.c.obj)
 .text.gpio_stm32_init
                0x0000000008003504       0x38 zephyr/drivers/gpio/libdrivers__gpio.a(gpio_stm32.c.obj)
 .text.pinctrl_configure_pins
                0x000000000800353c       0x84 zephyr/drivers/pinctrl/libdrivers__pinctrl.a(pinctrl_stm32.c.obj)
                0x000000000800353c                pinctrl_configure_pins
 .text.uart_stm32_set_baudrate
                0x00000000080035c0       0xa4 zephyr/drivers/serial/libdrivers__serial.a(uart_stm32.c.obj)
 .text.uart_stm32_parameters_set
                0x0000000008003664      0x13c zephyr/drivers/serial/libdrivers__serial.a(uart_stm32.c.obj)
 .text.uart_stm32_init
                0x00000000080037a0      0x1d4 zephyr/drivers/serial/libdrivers__serial.a(uart_stm32.c.obj)
 .text.uart_stm32_configure
                0x0000000008003974      0x164 zephyr/drivers/serial/libdrivers__serial.a(uart_stm32.c.obj)
 .text.elapsed  0x0000000008003ad8       0x4c zephyr/drivers/timer/libdrivers__timer.a(cortex_m_systick.c.obj)
 .text.sys_clock_driver_init
                0x0000000008003b24       0x38 zephyr/drivers/timer/libdrivers__timer.a(cortex_m_systick.c.obj)
 .text.sys_clock_isr
                0x0000000008003b5c       0x60 zephyr/drivers/timer/libdrivers__timer.a(cortex_m_systick.c.obj)
                0x0000000008003b5c                sys_clock_isr
 .text.sys_clock_set_timeout
                0x0000000008003bbc       0xfc zephyr/drivers/timer/libdrivers__timer.a(cortex_m_systick.c.obj)
                0x0000000008003bbc                sys_clock_set_timeout
 .text.sys_clock_elapsed
                0x0000000008003cb8       0x3c zephyr/drivers/timer/libdrivers__timer.a(cortex_m_systick.c.obj)
                0x0000000008003cb8                sys_clock_elapsed
 .text.HAL_RCC_GetSysClockFreq
                0x0000000008003cf4       0x5c modules/hal_stm32/stm32cube/lib..__modules__hal__stm32__stm32cube.a(stm32f7xx_hal_rcc.c.obj)
                0x0000000008003cf4                HAL_RCC_GetSysClockFreq
 .text.LL_SetFlashLatency
                0x0000000008003d50       0xe0 modules/hal_stm32/stm32cube/lib..__modules__hal__stm32__stm32cube.a(stm32f7xx_ll_utils.c.obj)
                0x0000000008003d50                LL_SetFlashLatency
 .text.k_sys_fatal_error_handler
                0x0000000008003e30       0x20 zephyr/kernel/libkernel.a(fatal.c.obj)
                0x0000000008003e30                k_sys_fatal_error_handler
 .text.z_fatal_error
                0x0000000008003e50       0xe8 zephyr/kernel/libkernel.a(fatal.c.obj)
                0x0000000008003e50                z_fatal_error
 .text.z_sys_init_run_level
                0x0000000008003f38       0x30 zephyr/kernel/libkernel.a(init.c.obj)
 .text.bg_thread_main
                0x0000000008003f68       0xc0 zephyr/kernel/libkernel.a(init.c.obj)
 .text.z_init_cpu
                0x0000000008004028       0x70 zephyr/kernel/libkernel.a(init.c.obj)
                0x0000000008004028                z_init_cpu
 .text.z_cstart
                0x0000000008004098       0xc8 zephyr/kernel/libkernel.a(init.c.obj)
                0x0000000008004098                z_cstart
 .text.z_impl_k_sem_give
                0x0000000008004160       0x68 zephyr/kernel/libkernel.a(sem.c.obj)
                0x0000000008004160                z_impl_k_sem_give
 .text.z_impl_k_sem_take
                0x00000000080041c8       0x4c zephyr/kernel/libkernel.a(sem.c.obj)
                0x00000000080041c8                z_impl_k_sem_take
 .text.z_setup_new_thread
                0x0000000008004214       0x9c zephyr/kernel/libkernel.a(thread.c.obj)
                0x0000000008004214                z_setup_new_thread
 .text.z_impl_k_thread_create
                0x00000000080042b0       0x58 zephyr/kernel/libkernel.a(thread.c.obj)
                0x00000000080042b0                z_impl_k_thread_create
 .text.z_dummy_thread_init
                0x0000000008004308       0x18 zephyr/kernel/libkernel.a(thread.c.obj)
                0x0000000008004308                z_dummy_thread_init
 .text.z_swap_irqlock
                0x0000000008004320       0x30 zephyr/kernel/libkernel.a(sched.c.obj)
 .text.ready_thread
                0x0000000008004350       0x84 zephyr/kernel/libkernel.a(sched.c.obj)
 .text.unready_thread
                0x00000000080043d4       0x54 zephyr/kernel/libkernel.a(sched.c.obj)
 .text.add_thread_timeout
                0x0000000008004428       0x1c zephyr/kernel/libkernel.a(sched.c.obj)
 .text.move_thread_to_end_of_prio_q
                0x0000000008004444       0x90 zephyr/kernel/libkernel.a(sched.c.obj)
                0x0000000008004444                move_thread_to_end_of_prio_q
 .text.z_pend_curr
                0x00000000080044d4       0x44 zephyr/kernel/libkernel.a(sched.c.obj)
                0x00000000080044d4                z_pend_curr
 .text.z_reschedule
                0x0000000008004518       0x24 zephyr/kernel/libkernel.a(sched.c.obj)
                0x0000000008004518                z_reschedule
 .text.z_reschedule_irqlock
                0x000000000800453c       0x28 zephyr/kernel/libkernel.a(sched.c.obj)
                0x000000000800453c                z_reschedule_irqlock
 .text.k_sched_lock
                0x0000000008004564       0x28 zephyr/kernel/libkernel.a(sched.c.obj)
                0x0000000008004564                k_sched_lock
 .text.k_sched_unlock
                0x000000000800458c       0x68 zephyr/kernel/libkernel.a(sched.c.obj)
                0x000000000800458c                k_sched_unlock
 .text.z_sched_init
                0x00000000080045f4       0x10 zephyr/kernel/libkernel.a(sched.c.obj)
                0x00000000080045f4                z_sched_init
 .text.z_impl_k_yield
                0x0000000008004604       0x88 zephyr/kernel/libkernel.a(sched.c.obj)
                0x0000000008004604                z_impl_k_yield
 .text.z_tick_sleep
                0x000000000800468c       0x78 zephyr/kernel/libkernel.a(sched.c.obj)
 .text.z_impl_k_wakeup
                0x0000000008004704       0x48 zephyr/kernel/libkernel.a(sched.c.obj)
                0x0000000008004704                z_impl_k_wakeup
 .text.z_impl_k_sched_current_thread_query
                0x000000000800474c        0xc zephyr/kernel/libkernel.a(sched.c.obj)
                0x000000000800474c                z_impl_k_sched_current_thread_query
 .text.z_thread_abort
                0x0000000008004758      0x140 zephyr/kernel/libkernel.a(sched.c.obj)
                0x0000000008004758                z_thread_abort
 .text.slice_timeout
                0x0000000008004898       0x20 zephyr/kernel/libkernel.a(timeslicing.c.obj)
 .text.thread_is_sliceable
                0x00000000080048b8       0x3c zephyr/kernel/libkernel.a(timeslicing.c.obj)
                0x00000000080048b8                thread_is_sliceable
 .text.z_reset_time_slice
                0x00000000080048f4       0x50 zephyr/kernel/libkernel.a(timeslicing.c.obj)
                0x00000000080048f4                z_reset_time_slice
 .text.z_time_slice
                0x0000000008004944       0x60 zephyr/kernel/libkernel.a(timeslicing.c.obj)
                0x0000000008004944                z_time_slice
 .text.first    0x00000000080049a4       0x10 zephyr/kernel/libkernel.a(timeout.c.obj)
 .text.elapsed  0x00000000080049b4       0x14 zephyr/kernel/libkernel.a(timeout.c.obj)
 .text.remove_timeout
                0x00000000080049c8       0x38 zephyr/kernel/libkernel.a(timeout.c.obj)
 .text.z_add_timeout
                0x0000000008004a00      0x120 zephyr/kernel/libkernel.a(timeout.c.obj)
                0x0000000008004a00                z_add_timeout
 .text.sys_clock_announce
                0x0000000008004b20       0xc0 zephyr/kernel/libkernel.a(timeout.c.obj)
                0x0000000008004b20                sys_clock_announce
 .text.sys_clock_tick_get
                0x0000000008004be0       0x30 zephyr/kernel/libkernel.a(timeout.c.obj)
                0x0000000008004be0                sys_clock_tick_get
 .text.z_timer_expiration_handler
                0x0000000008004c10      0x110 zephyr/kernel/libkernel.a(timer.c.obj)
                0x0000000008004c10                z_timer_expiration_handler
 .text.z_impl_k_timer_start
                0x0000000008004d20       0x70 zephyr/kernel/libkernel.a(timer.c.obj)
                0x0000000008004d20                z_impl_k_timer_start
 .text.boot_banner
                0x0000000008004d90        0xc zephyr/kernel/libkernel.a(banner.c.obj)
                0x0000000008004d90                boot_banner
 .text.snprintf
                0x0000000008004d9c       0x54 c:\users\urvih\zephyr-sdk-0.17.4\arm-zephyr-eabi\bin\../lib/gcc/../../picolibc/arm-zephyr-eabi/lib/thumb/v7e-m/nofp\libc.a(libc_tinystdio_snprintf.c.o)
                0x0000000008004d9c                snprintf
 .text.skip_to_arg
                0x0000000008004df0      0x138 c:\users\urvih\zephyr-sdk-0.17.4\arm-zephyr-eabi\bin\../lib/gcc/../../picolibc/arm-zephyr-eabi/lib/thumb/v7e-m/nofp\libc.a(libc_tinystdio_vfprintf.c.o)
 .text.vfprintf
                0x0000000008004f28      0x9c4 c:\users\urvih\zephyr-sdk-0.17.4\arm-zephyr-eabi\bin\../lib/gcc/../../picolibc/arm-zephyr-eabi/lib/thumb/v7e-m/nofp\libc.a(libc_tinystdio_vfprintf.c.o)
                0x0000000008004f28                __d_vfprintf
 .text.div10    0x00000000080058ec       0x28 c:\users\urvih\zephyr-sdk-0.17.4\arm-zephyr-eabi\bin\../lib/gcc/../../picolibc/arm-zephyr-eabi/lib/thumb/v7e-m/nofp\libc.a(libc_tinystdio_dtoa_ryu.c.o)
 .text.__dtoa_engine
                0x0000000008005914      0x49c c:\users\urvih\zephyr-sdk-0.17.4\arm-zephyr-eabi\bin\../lib/gcc/../../picolibc/arm-zephyr-eabi/lib/thumb/v7e-m/nofp\libc.a(libc_tinystdio_dtoa_ryu.c.o)
                0x0000000008005914                __dtoa_engine
 .text.__log10Pow2
                0x0000000008005db0        0xc c:\users\urvih\zephyr-sdk-0.17.4\arm-zephyr-eabi\bin\../lib/gcc/../../picolibc/arm-zephyr-eabi/lib/thumb/v7e-m/nofp\libc.a(libc_tinystdio_ryu_log10.c.o)
                0x0000000008005db0                __log10Pow2
 .text.__log10Pow5
                0x0000000008005dbc        0xc c:\users\urvih\zephyr-sdk-0.17.4\arm-zephyr-eabi\bin\../lib/gcc/../../picolibc/arm-zephyr-eabi/lib/thumb/v7e-m/nofp\libc.a(libc_tinystdio_ryu_log10.c.o)
                0x0000000008005dbc                __log10Pow5
 .text.__pow5bits
                0x0000000008005dc8       0x10 c:\users\urvih\zephyr-sdk-0.17.4\arm-zephyr-eabi\bin\../lib/gcc/../../picolibc/arm-zephyr-eabi/lib/thumb/v7e-m/nofp\libc.a(libc_tinystdio_ryu_pow5bits.c.o)
                0x0000000008005dc8                __pow5bits
 .text.__pow5Factor
                0x0000000008005dd8       0x30 c:\users\urvih\zephyr-sdk-0.17.4\arm-zephyr-eabi\bin\../lib/gcc/../../picolibc/arm-zephyr-eabi/lib/thumb/v7e-m/nofp\libc.a(libc_tinystdio_ryu_table.c.o)
                0x0000000008005dd8                __pow5Factor
 .text.__double_computePow5
                0x0000000008005e08       0xe8 c:\users\urvih\zephyr-sdk-0.17.4\arm-zephyr-eabi\bin\../lib/gcc/../../picolibc/arm-zephyr-eabi/lib/thumb/v7e-m/nofp\libc.a(libc_tinystdio_ryu_table.c.o)
                0x0000000008005e08                __double_computePow5
 .text.__double_computeInvPow5
                0x0000000008005ef0       0xf8 c:\users\urvih\zephyr-sdk-0.17.4\arm-zephyr-eabi\bin\../lib/gcc/../../picolibc/arm-zephyr-eabi/lib/thumb/v7e-m/nofp\libc.a(libc_tinystdio_ryu_table.c.o)
                0x0000000008005ef0                __double_computeInvPow5
 .text._OffsetAbsSyms
                0x0000000008005fe8        0x2 zephyr/CMakeFiles/offsets.dir/./arch/arm/core/offsets/offsets.c.obj
                0x0000000008005fe8                _OffsetAbsSyms
 .text.gpio_pin_configure_dt.constprop.0
                0x0000000008005fea       0x36 app/libapp.a(stepper_driver.c.obj)
 .text.gpio_pin_set_dt.isra.0
                0x0000000008006020       0x28 app/libapp.a(stepper_driver.c.obj)
 .text.chunk_field
                0x0000000008006048       0x16 zephyr/libzephyr.a(heap.c.obj)
 .text.chunk_set
                0x000000000800605e       0x16 zephyr/libzephyr.a(heap.c.obj)
 .text.chunk_size
                0x0000000008006074        0xc zephyr/libzephyr.a(heap.c.obj)
 .text.set_chunk_used
                0x0000000008006080       0x30 zephyr/libzephyr.a(heap.c.obj)
 .text.set_chunk_size
                0x00000000080060b0        0x8 zephyr/libzephyr.a(heap.c.obj)
 .text.bucket_idx
                0x00000000080060b8       0x1e zephyr/libzephyr.a(heap.c.obj)
 .text.free_list_add
                0x00000000080060d6       0x84 zephyr/libzephyr.a(heap.c.obj)
 .text.sys_heap_init
                0x000000000800615a       0xb0 zephyr/libzephyr.a(heap.c.obj)
                0x000000000800615a                sys_heap_init
 .text.cbpprintf_external
                0x000000000800620a       0x62 zephyr/libzephyr.a(cbprintf_packaged.c.obj)
                0x000000000800620a                cbpprintf_external
 .text.is_ptr   0x000000000800626c       0x4a zephyr/libzephyr.a(cbprintf_packaged.c.obj)
                0x000000000800626c                is_ptr
 .text.arch_printk_char_out
                0x00000000080062b6        0x4 zephyr/libzephyr.a(printk.c.obj)
                0x00000000080062b6                arch_printk_char_out
 .text.printk   0x00000000080062ba       0x1a zephyr/libzephyr.a(printk.c.obj)
                0x00000000080062ba                printk
 .text.free_space
                0x00000000080062d4       0x26 zephyr/libzephyr.a(mpsc_pbuf.c.obj)
 .text.get_usage
                0x00000000080062fa       0x22 zephyr/libzephyr.a(mpsc_pbuf.c.obj)
 .text.idx_inc  0x000000000800631c       0x1c zephyr/libzephyr.a(mpsc_pbuf.c.obj)
 .text.rd_idx_inc
                0x0000000008006338       0x18 zephyr/libzephyr.a(mpsc_pbuf.c.obj)
 .text.add_skip_item
                0x0000000008006350       0x3a zephyr/libzephyr.a(mpsc_pbuf.c.obj)
 .text.drop_item_locked
                0x000000000800638a      0x100 zephyr/libzephyr.a(mpsc_pbuf.c.obj)
 .text.post_drop_action
                0x000000000800648a       0x36 zephyr/libzephyr.a(mpsc_pbuf.c.obj)
 .text.max_utilization_update
                0x00000000080064c0       0x1a zephyr/libzephyr.a(mpsc_pbuf.c.obj)
 .text.mpsc_pbuf_init
                0x00000000080064da       0x42 zephyr/libzephyr.a(mpsc_pbuf.c.obj)
                0x00000000080064da                mpsc_pbuf_init
 .text.mpsc_pbuf_alloc
                0x000000000800651c       0xfe zephyr/libzephyr.a(mpsc_pbuf.c.obj)
                0x000000000800651c                mpsc_pbuf_alloc
 .text.mpsc_pbuf_commit
                0x000000000800661a       0x3e zephyr/libzephyr.a(mpsc_pbuf.c.obj)
                0x000000000800661a                mpsc_pbuf_commit
 .text.mpsc_pbuf_claim
                0x0000000008006658       0xa8 zephyr/libzephyr.a(mpsc_pbuf.c.obj)
                0x0000000008006658                mpsc_pbuf_claim
 .text.mpsc_pbuf_free
                0x0000000008006700       0x76 zephyr/libzephyr.a(mpsc_pbuf.c.obj)
                0x0000000008006700                mpsc_pbuf_free
 .text.mpsc_pbuf_is_pending
                0x0000000008006776       0x32 zephyr/libzephyr.a(mpsc_pbuf.c.obj)
                0x0000000008006776                mpsc_pbuf_is_pending
 .text._ConfigAbsSyms
                0x00000000080067a8        0x2 zephyr/libzephyr.a(configs.c.obj)
                0x00000000080067a8                _ConfigAbsSyms
 .text.log_msg_generic_get_wlen
                0x00000000080067aa       0x20 zephyr/libzephyr.a(log_core.c.obj)
 .text.dummy_timestamp
                0x00000000080067ca        0x4 zephyr/libzephyr.a(log_core.c.obj)
 .text.atomic_inc
                0x00000000080067ce       0x1a zephyr/libzephyr.a(log_core.c.obj)
 .text.default_lf_get_timestamp
                0x00000000080067e8       0x10 zephyr/libzephyr.a(log_core.c.obj)
 .text.z_log_vprintk
                0x00000000080067f8       0x1c zephyr/libzephyr.a(log_core.c.obj)
                0x00000000080067f8                z_log_vprintk
 .text.z_log_notify_drop
                0x0000000008006814        0x6 zephyr/libzephyr.a(log_core.c.obj)
 .text.z_log_get_tag
                0x000000000800681a        0x4 zephyr/libzephyr.a(log_core.c.obj)
                0x000000000800681a                z_log_get_tag
 .text.log_backend_enable
                0x000000000800681e       0x12 zephyr/libzephyr.a(log_mgmt.c.obj)
                0x000000000800681e                log_backend_enable
 .text.z_cbprintf_cpy
                0x0000000008006830       0x2e zephyr/libzephyr.a(log_msg.c.obj)
 .text.z_log_msg_finalize
                0x000000000800685e       0x32 zephyr/libzephyr.a(log_msg.c.obj)
                0x000000000800685e                z_log_msg_finalize
 .text.z_log_msg_simple_create
                0x0000000008006890       0x6e zephyr/libzephyr.a(log_msg.c.obj)
 .text.z_impl_z_log_msg_simple_create_0
                0x00000000080068fe       0x12 zephyr/libzephyr.a(log_msg.c.obj)
                0x00000000080068fe                z_impl_z_log_msg_simple_create_0
 .text.z_impl_z_log_msg_simple_create_1
                0x0000000008006910       0x14 zephyr/libzephyr.a(log_msg.c.obj)
                0x0000000008006910                z_impl_z_log_msg_simple_create_1
 .text.z_impl_z_log_msg_simple_create_2
                0x0000000008006924       0x18 zephyr/libzephyr.a(log_msg.c.obj)
                0x0000000008006924                z_impl_z_log_msg_simple_create_2
 .text.log_output_write
                0x000000000800693c       0x1c zephyr/libzephyr.a(log_output.c.obj)
 .text.log_output_flush
                0x0000000008006958       0x1a zephyr/libzephyr.a(log_output.c.obj)
 .text.out_func
                0x0000000008006972       0x36 zephyr/libzephyr.a(log_output.c.obj)
 .text.cr_out_func
                0x00000000080069a8       0x1c zephyr/libzephyr.a(log_output.c.obj)
 .text.log_output_msg_process
                0x00000000080069c4       0x6c zephyr/libzephyr.a(log_output.c.obj)
                0x00000000080069c4                log_output_msg_process
 .text.format_set
                0x0000000008006a30        0xc zephyr/libzephyr.a(log_backend_uart.c.obj)
 .text.log_backend_uart_init
                0x0000000008006a3c        0xc zephyr/libzephyr.a(log_backend_uart.c.obj)
 .text.panic    0x0000000008006a48       0x32 zephyr/libzephyr.a(log_backend_uart.c.obj)
 .text.dropped  0x0000000008006a7a        0xa zephyr/libzephyr.a(log_backend_uart.c.obj)
 .text.process  0x0000000008006a84       0x1e zephyr/libzephyr.a(log_backend_uart.c.obj)
 .text.arch_early_memset
                0x0000000008006aa2        0x4 zephyr/arch/common/libarch__common.a(init.c.obj)
                0x0000000008006aa2                arch_early_memset
 .text.arch_early_memcpy
                0x0000000008006aa6        0x4 zephyr/arch/common/libarch__common.a(init.c.obj)
                0x0000000008006aa6                arch_early_memcpy
 .text.z_do_kernel_oops
                0x0000000008006aaa        0x8 zephyr/arch/arch/arm/core/libarch__arm__core.a(fatal.c.obj)
                0x0000000008006aaa                z_do_kernel_oops
 .text.z_arm_nmi
                0x0000000008006ab2        0xe zephyr/arch/arch/arm/core/libarch__arm__core.a(nmi.c.obj)
                0x0000000008006ab2                z_arm_nmi
 .text.z_log_msg_simple_create_0.constprop.0
                0x0000000008006ac0        0x8 zephyr/arch/arch/arm/core/cortex_m/libarch__arm__core__cortex_m.a(fault.c.obj)
 .text.z_irq_spurious
                0x0000000008006ac8        0x8 zephyr/arch/arch/arm/core/cortex_m/libarch__arm__core__cortex_m.a(irq_manage.c.obj)
                0x0000000008006ac8                z_irq_spurious
 .text.arch_coprocessors_disable
                0x0000000008006ad0        0x6 zephyr/arch/arch/arm/core/cortex_m/libarch__arm__core__cortex_m.a(thread.c.obj)
                0x0000000008006ad0                arch_coprocessors_disable
 .text.arch_irq_unlock_outlined
                0x0000000008006ad6        0xe zephyr/arch/arch/arm/core/cortex_m/libarch__arm__core__cortex_m.a(thread.c.obj)
                0x0000000008006ad6                arch_irq_unlock_outlined
 .text.arch_cpu_idle
                0x0000000008006ae4       0x1a zephyr/arch/arch/arm/core/cortex_m/libarch__arm__core__cortex_m.a(cpu_idle.c.obj)
                0x0000000008006ae4                arch_cpu_idle
 .text.size_to_mpu_rasr_size
                0x0000000008006afe       0x20 zephyr/arch/arch/arm/core/mpu/libarch__arm__core__mpu.a(arm_mpu.c.obj)
 .text.cbputc   0x0000000008006b1e        0xc zephyr/lib/libc/picolibc/liblib__libc__picolibc.a(cbprintf.c.obj)
 .text.picolibc_put
                0x0000000008006b2a        0xa zephyr/lib/libc/picolibc/liblib__libc__picolibc.a(stdio.c.obj)
 .text.stm32_exti_gpio_intc_init
                0x0000000008006b34       0x92 zephyr/drivers/interrupt_controller/libdrivers__interrupt_controller.a(intc_gpio_stm32.c.obj)
 .text.stm32_gpio_intc_get_pin_irq_line
                0x0000000008006bc6        0xa zephyr/drivers/interrupt_controller/libdrivers__interrupt_controller.a(intc_gpio_stm32.c.obj)
                0x0000000008006bc6                stm32_gpio_intc_get_pin_irq_line
 .text.stm32_exti_set_line_src_port
                0x0000000008006bd0       0x36 zephyr/drivers/interrupt_controller/libdrivers__interrupt_controller.a(intc_gpio_stm32.c.obj)
                0x0000000008006bd0                stm32_exti_set_line_src_port
 .text.stm32_clock_control_on
                0x0000000008006c06       0x44 zephyr/drivers/clock_control/libdrivers__clock_control.a(clock_stm32_ll_common.c.obj)
 .text.stm32_clock_control_off
                0x0000000008006c4a       0x2e zephyr/drivers/clock_control/libdrivers__clock_control.a(clock_stm32_ll_common.c.obj)
 .text.enabled_clock
                0x0000000008006c78       0x20 zephyr/drivers/clock_control/libdrivers__clock_control.a(clock_stm32_ll_common.c.obj)
                0x0000000008006c78                enabled_clock
 .text.stm32_clock_control_configure
                0x0000000008006c98       0x52 zephyr/drivers/clock_control/libdrivers__clock_control.a(clock_stm32_ll_common.c.obj)
 .text.stm32_clock_control_get_status
                0x0000000008006cea       0x38 zephyr/drivers/clock_control/libdrivers__clock_control.a(clock_stm32_ll_common.c.obj)
 .text.config_regulator_voltage
                0x0000000008006d22        0x2 zephyr/drivers/clock_control/libdrivers__clock_control.a(clock_stm32_ll_common.c.obj)
                0x0000000008006d22                config_regulator_voltage
 .text.gpio_stm32_port_get_raw
                0x0000000008006d24        0xc zephyr/drivers/gpio/libdrivers__gpio.a(gpio_stm32.c.obj)
 .text.gpio_stm32_port_set_masked_raw
                0x0000000008006d30       0x12 zephyr/drivers/gpio/libdrivers__gpio.a(gpio_stm32.c.obj)
 .text.gpio_stm32_port_set_bits_raw
                0x0000000008006d42        0xa zephyr/drivers/gpio/libdrivers__gpio.a(gpio_stm32.c.obj)
 .text.gpio_stm32_port_clear_bits_raw
                0x0000000008006d4c        0xc zephyr/drivers/gpio/libdrivers__gpio.a(gpio_stm32.c.obj)
 .text.gpio_stm32_port_toggle_bits
                0x0000000008006d58        0xe zephyr/drivers/gpio/libdrivers__gpio.a(gpio_stm32.c.obj)
 .text.gpio_stm32_manage_callback
                0x0000000008006d66       0x52 zephyr/drivers/gpio/libdrivers__gpio.a(gpio_stm32.c.obj)
 .text.gpio_stm32_configure_raw.isra.0
                0x0000000008006db8      0x114 zephyr/drivers/gpio/libdrivers__gpio.a(gpio_stm32.c.obj)
 .text.gpio_stm32_config
                0x0000000008006ecc       0xd8 zephyr/drivers/gpio/libdrivers__gpio.a(gpio_stm32.c.obj)
 .text.gpio_stm32_isr
                0x0000000008006fa4       0x2c zephyr/drivers/gpio/libdrivers__gpio.a(gpio_stm32.c.obj)
 .text.gpio_stm32_configure
                0x0000000008006fd0       0x30 zephyr/drivers/gpio/libdrivers__gpio.a(gpio_stm32.c.obj)
                0x0000000008006fd0                gpio_stm32_configure
 .text.pinctrl_lookup_state
                0x0000000008007000       0x26 zephyr/drivers/pinctrl/libdrivers__pinctrl.a(common.c.obj)
                0x0000000008007000                pinctrl_lookup_state
 .text.reset_stm32_status
                0x0000000008007026       0x22 zephyr/drivers/reset/libdrivers__reset.a(reset_stm32.c.obj)
 .text.reset_stm32_line_assert
                0x0000000008007048       0x1c zephyr/drivers/reset/libdrivers__reset.a(reset_stm32.c.obj)
 .text.reset_stm32_line_deassert
                0x0000000008007064       0x1e zephyr/drivers/reset/libdrivers__reset.a(reset_stm32.c.obj)
 .text.reset_stm32_line_toggle
                0x0000000008007082       0x16 zephyr/drivers/reset/libdrivers__reset.a(reset_stm32.c.obj)
 .text.uart_stm32_ll2cfg_databits
                0x0000000008007098       0x2a zephyr/drivers/serial/libdrivers__serial.a(uart_stm32.c.obj)
 .text.uart_stm32_err_check
                0x00000000080070c2       0x5a zephyr/drivers/serial/libdrivers__serial.a(uart_stm32.c.obj)
 .text.uart_stm32_poll_out
                0x000000000800711c       0x36 zephyr/drivers/serial/libdrivers__serial.a(uart_stm32.c.obj)
 .text.uart_stm32_poll_in
                0x0000000008007152       0x22 zephyr/drivers/serial/libdrivers__serial.a(uart_stm32.c.obj)
 .text.uart_stm32_config_get
                0x0000000008007174       0x92 zephyr/drivers/serial/libdrivers__serial.a(uart_stm32.c.obj)
 .text.do_device_init
                0x0000000008007206       0x30 zephyr/kernel/libkernel.a(device.c.obj)
                0x0000000008007206                do_device_init
 .text.z_impl_device_is_ready
                0x0000000008007236       0x16 zephyr/kernel/libkernel.a(device.c.obj)
                0x0000000008007236                z_impl_device_is_ready
 .text.arch_system_halt
                0x000000000800724c       0x10 zephyr/kernel/libkernel.a(fatal.c.obj)
                0x000000000800724c                arch_system_halt
 .text.idle     0x000000000800725c       0x16 zephyr/kernel/libkernel.a(idle.c.obj)
                0x000000000800725c                idle
 .text.z_impl_k_sem_init
                0x0000000008007272       0x18 zephyr/kernel/libkernel.a(sem.c.obj)
                0x0000000008007272                z_impl_k_sem_init
 .text.k_is_in_isr
                0x000000000800728a        0xc zephyr/kernel/libkernel.a(thread.c.obj)
                0x000000000800728a                k_is_in_isr
 .text.z_impl_k_thread_name_set
                0x0000000008007296        0x6 zephyr/kernel/libkernel.a(thread.c.obj)
                0x0000000008007296                z_impl_k_thread_name_set
 .text.k_thread_name_get
                0x000000000800729c        0x4 zephyr/kernel/libkernel.a(thread.c.obj)
                0x000000000800729c                k_thread_name_get
 .text.sys_dlist_remove
                0x00000000080072a0       0x10 zephyr/kernel/libkernel.a(sched.c.obj)
 .text.unpend_thread_no_timeout
                0x00000000080072b0       0x14 zephyr/kernel/libkernel.a(sched.c.obj)
 .text.add_to_waitq_locked
                0x00000000080072c4       0x50 zephyr/kernel/libkernel.a(sched.c.obj)
 .text.z_ready_thread
                0x0000000008007314       0x1e zephyr/kernel/libkernel.a(sched.c.obj)
                0x0000000008007314                z_ready_thread
 .text.z_unpend_thread_no_timeout
                0x0000000008007332       0x22 zephyr/kernel/libkernel.a(sched.c.obj)
                0x0000000008007332                z_unpend_thread_no_timeout
 .text.z_sched_wake_thread
                0x0000000008007354       0x3a zephyr/kernel/libkernel.a(sched.c.obj)
                0x0000000008007354                z_sched_wake_thread
 .text.z_thread_timeout
                0x000000000800738e        0x8 zephyr/kernel/libkernel.a(sched.c.obj)
                0x000000000800738e                z_thread_timeout
 .text.z_unpend1_no_timeout
                0x0000000008007396       0x2c zephyr/kernel/libkernel.a(sched.c.obj)
                0x0000000008007396                z_unpend1_no_timeout
 .text.z_impl_k_sleep
                0x00000000080073c2       0x50 zephyr/kernel/libkernel.a(sched.c.obj)
                0x00000000080073c2                z_impl_k_sleep
 .text.z_impl_k_usleep
                0x0000000008007412       0x20 zephyr/kernel/libkernel.a(sched.c.obj)
                0x0000000008007412                z_impl_k_usleep
 .text.next_timeout
                0x0000000008007432       0x2e zephyr/kernel/libkernel.a(timeout.c.obj)
 .text.z_abort_timeout
                0x0000000008007460       0x50 zephyr/kernel/libkernel.a(timeout.c.obj)
                0x0000000008007460                z_abort_timeout
 .text.sys_clock_tick_get_32
                0x00000000080074b0        0x8 zephyr/kernel/libkernel.a(timeout.c.obj)
                0x00000000080074b0                sys_clock_tick_get_32
 .text.z_impl_k_uptime_ticks
                0x00000000080074b8        0x4 zephyr/kernel/libkernel.a(timeout.c.obj)
                0x00000000080074b8                z_impl_k_uptime_ticks
 .text.k_timer_init
                0x00000000080074bc       0x18 zephyr/kernel/libkernel.a(timer.c.obj)
                0x00000000080074bc                k_timer_init
 .text.z_impl_k_timer_stop
                0x00000000080074d4       0x38 zephyr/kernel/libkernel.a(timer.c.obj)
                0x00000000080074d4                z_impl_k_timer_stop
 .text.memcpy   0x000000000800750c       0x1c c:\users\urvih\zephyr-sdk-0.17.4\arm-zephyr-eabi\bin\../lib/gcc/../../picolibc/arm-zephyr-eabi/lib/thumb/v7e-m/nofp\libc.a(memcpy.c.o)
                0x000000000800750c                __aeabi_memcpy
                0x000000000800750c                __aeabi_memcpy4
                0x000000000800750c                __aeabi_memcpy8
                0x000000000800750c                memcpy
 .text.memset   0x0000000008007528       0x10 c:\users\urvih\zephyr-sdk-0.17.4\arm-zephyr-eabi\bin\../lib/gcc/../../picolibc/arm-zephyr-eabi/lib/thumb/v7e-m/nofp\libc.a(memset.c.o)
                0x0000000008007528                memset
 .text.strnlen  0x0000000008007538       0x18 c:\users\urvih\zephyr-sdk-0.17.4\arm-zephyr-eabi\bin\../lib/gcc/../../picolibc/arm-zephyr-eabi/lib/thumb/v7e-m/nofp\libc.a(libc_string_strnlen.c.o)
                0x0000000008007538                strnlen
 .text.__ultoa_invert
                0x0000000008007550       0x50 c:\users\urvih\zephyr-sdk-0.17.4\arm-zephyr-eabi\bin\../lib/gcc/../../picolibc/arm-zephyr-eabi/lib/thumb/v7e-m/nofp\libc.a(libc_tinystdio_vfprintf.c.o)
 .text.mulShiftAll64
                0x00000000080075a0      0x176 c:\users\urvih\zephyr-sdk-0.17.4\arm-zephyr-eabi\bin\../lib/gcc/../../picolibc/arm-zephyr-eabi/lib/thumb/v7e-m/nofp\libc.a(libc_tinystdio_dtoa_ryu.c.o)
 .text.__umul128
                0x0000000008007716       0x36 c:\users\urvih\zephyr-sdk-0.17.4\arm-zephyr-eabi\bin\../lib/gcc/../../picolibc/arm-zephyr-eabi/lib/thumb/v7e-m/nofp\libc.a(libc_tinystdio_ryu_umul128.c.o)
                0x0000000008007716                __umul128
 .text.__shiftright128
                0x000000000800774c       0x3e c:\users\urvih\zephyr-sdk-0.17.4\arm-zephyr-eabi\bin\../lib/gcc/../../picolibc/arm-zephyr-eabi/lib/thumb/v7e-m/nofp\libc.a(libc_tinystdio_ryu_umul128.c.o)
                0x000000000800774c                __shiftright128
 .text.__dtox_engine
                0x000000000800778a      0x128 c:\users\urvih\zephyr-sdk-0.17.4\arm-zephyr-eabi\bin\../lib/gcc/../../picolibc/arm-zephyr-eabi/lib/thumb/v7e-m/nofp\libc.a(libc_tinystdio_dtox_engine.c.o)
                0x000000000800778a                __dtox_engine
 .text.__file_str_put
                0x00000000080078b2       0x10 c:\users\urvih\zephyr-sdk-0.17.4\arm-zephyr-eabi\bin\../lib/gcc/../../picolibc/arm-zephyr-eabi/lib/thumb/v7e-m/nofp\libc.a(libc_tinystdio_filestrput.c.o)
                0x00000000080078b2                __file_str_put
 *(SORT_BY_ALIGNMENT(.TEXT.*))
 *fill*         0x00000000080078c2        0x2 
 .TEXT.__aeabi_read_tp
                0x00000000080078c4        0xc zephyr/arch/arch/arm/core/cortex_m/libarch__arm__core__cortex_m.a(__aeabi_read_tp.S.obj)
                0x00000000080078c4                __aeabi_read_tp
 *(SORT_BY_ALIGNMENT(.gnu.linkonce.t.*))
 *(SORT_BY_ALIGNMENT(.glue_7t))
 .glue_7t       0x00000000080078d0        0x0 linker stubs
 *(SORT_BY_ALIGNMENT(.glue_7))
 .glue_7        0x00000000080078d0        0x0 linker stubs
 *(SORT_BY_ALIGNMENT(.vfp11_veneer))
 .vfp11_veneer  0x00000000080078d0        0x0 linker stubs
 *(SORT_BY_ALIGNMENT(.v4_bx))
 .v4_bx         0x00000000080078d0        0x0 linker stubs
                0x00000000080078d0                . = ALIGN (0x4)
                0x00000000080078d0                __text_region_end = .

.ARM.exidx      0x00000000080078d0        0x8
                0x00000000080078d0                __exidx_start = .
 *(SORT_BY_ALIGNMENT(.ARM.exidx*) SORT_BY_ALIGNMENT(gnu.linkonce.armexidx.*))
 .ARM.exidx     0x00000000080078d0        0x8 c:/users/urvih/zephyr-sdk-0.17.4/arm-zephyr-eabi/bin/../lib/gcc/arm-zephyr-eabi/12.2.0/thumb/v7e-m/nofp\libgcc.a(_udivmoddi4.o)
                0x00000000080078d8                __exidx_end = .
                0x00000000080078d8                __rodata_region_start = .

initlevel       0x00000000080078d8       0xb0
                0x00000000080078d8                __init_start = .
                0x00000000080078d8                __init_EARLY_start = .
 *(SORT_BY_NAME(SORT_BY_ALIGNMENT(.z_init_EARLY_P_?_*)))
 *(SORT_BY_NAME(SORT_BY_ALIGNMENT(.z_init_EARLY_P_??_*)))
 *(SORT_BY_NAME(SORT_BY_ALIGNMENT(.z_init_EARLY_P_???_*)))
                0x00000000080078d8                __init_PRE_KERNEL_1_start = .
 *(SORT_BY_NAME(SORT_BY_ALIGNMENT(.z_init_PRE_KERNEL_1_P_?_*)))
 .z_init_PRE_KERNEL_1_P_1_SUB_00009_
                0x00000000080078d8        0x8 zephyr/drivers/clock_control/libdrivers__clock_control.a(clock_stm32_ll_common.c.obj)
 .z_init_PRE_KERNEL_1_P_1_SUB_0_
                0x00000000080078e0        0x8 zephyr/libzephyr.a(soc_config.c.obj)
 *(SORT_BY_NAME(SORT_BY_ALIGNMENT(.z_init_PRE_KERNEL_1_P_??_*)))
 .z_init_PRE_KERNEL_1_P_35_SUB_00051_
                0x00000000080078e8        0x8 zephyr/drivers/reset/libdrivers__reset.a(reset_stm32.c.obj)
 .z_init_PRE_KERNEL_1_P_40_SUB_00033_
                0x00000000080078f0        0x8 zephyr/drivers/gpio/libdrivers__gpio.a(gpio_stm32.c.obj)
 .z_init_PRE_KERNEL_1_P_40_SUB_00036_
                0x00000000080078f8        0x8 zephyr/drivers/gpio/libdrivers__gpio.a(gpio_stm32.c.obj)
 .z_init_PRE_KERNEL_1_P_40_SUB_00059_
                0x0000000008007900        0x8 zephyr/drivers/interrupt_controller/libdrivers__interrupt_controller.a(intc_exti_stm32.c.obj)
 .z_init_PRE_KERNEL_1_P_40_SUB_00082_
                0x0000000008007908        0x8 zephyr/drivers/gpio/libdrivers__gpio.a(gpio_stm32.c.obj)
 .z_init_PRE_KERNEL_1_P_40_SUB_00123_
                0x0000000008007910        0x8 zephyr/drivers/gpio/libdrivers__gpio.a(gpio_stm32.c.obj)
 .z_init_PRE_KERNEL_1_P_40_SUB_00124_
                0x0000000008007918        0x8 zephyr/drivers/gpio/libdrivers__gpio.a(gpio_stm32.c.obj)
 .z_init_PRE_KERNEL_1_P_40_SUB_00125_
                0x0000000008007920        0x8 zephyr/drivers/gpio/libdrivers__gpio.a(gpio_stm32.c.obj)
 .z_init_PRE_KERNEL_1_P_40_SUB_00126_
                0x0000000008007928        0x8 zephyr/drivers/gpio/libdrivers__gpio.a(gpio_stm32.c.obj)
 .z_init_PRE_KERNEL_1_P_40_SUB_00127_
                0x0000000008007930        0x8 zephyr/drivers/gpio/libdrivers__gpio.a(gpio_stm32.c.obj)
 .z_init_PRE_KERNEL_1_P_40_SUB_00128_
                0x0000000008007938        0x8 zephyr/drivers/gpio/libdrivers__gpio.a(gpio_stm32.c.obj)
 .z_init_PRE_KERNEL_1_P_40_SUB_00129_
                0x0000000008007940        0x8 zephyr/drivers/gpio/libdrivers__gpio.a(gpio_stm32.c.obj)
 .z_init_PRE_KERNEL_1_P_40_SUB_00130_
                0x0000000008007948        0x8 zephyr/drivers/gpio/libdrivers__gpio.a(gpio_stm32.c.obj)
 .z_init_PRE_KERNEL_1_P_40_SUB_0_
                0x0000000008007950        0x8 zephyr/drivers/interrupt_controller/libdrivers__interrupt_controller.a(intc_gpio_stm32.c.obj)
 .z_init_PRE_KERNEL_1_P_50_SUB_00071_
                0x0000000008007958        0x8 zephyr/drivers/serial/libdrivers__serial.a(uart_stm32.c.obj)
 .z_init_PRE_KERNEL_1_P_50_SUB_00079_
                0x0000000008007960        0x8 zephyr/drivers/serial/libdrivers__serial.a(uart_stm32.c.obj)
 .z_init_PRE_KERNEL_1_P_60_SUB_0_
                0x0000000008007968        0x8 zephyr/drivers/console/libdrivers__console.a(uart_console.c.obj)
 *(SORT_BY_NAME(SORT_BY_ALIGNMENT(.z_init_PRE_KERNEL_1_P_???_*)))
                0x0000000008007970                __init_PRE_KERNEL_2_start = .
 *(SORT_BY_NAME(SORT_BY_ALIGNMENT(.z_init_PRE_KERNEL_2_P_?_*)))
 .z_init_PRE_KERNEL_2_P_0_SUB_0_
                0x0000000008007970        0x8 zephyr/drivers/timer/libdrivers__timer.a(cortex_m_systick.c.obj)
 *(SORT_BY_NAME(SORT_BY_ALIGNMENT(.z_init_PRE_KERNEL_2_P_??_*)))
 *(SORT_BY_NAME(SORT_BY_ALIGNMENT(.z_init_PRE_KERNEL_2_P_???_*)))
                0x0000000008007978                __init_POST_KERNEL_start = .
 *(SORT_BY_NAME(SORT_BY_ALIGNMENT(.z_init_POST_KERNEL_P_?_*)))
 .z_init_POST_KERNEL_P_0_SUB_0_
                0x0000000008007978        0x8 zephyr/libzephyr.a(log_core.c.obj)
 *(SORT_BY_NAME(SORT_BY_ALIGNMENT(.z_init_POST_KERNEL_P_??_*)))
 .z_init_POST_KERNEL_P_35_SUB_0_
                0x0000000008007980        0x8 zephyr/lib/libc/common/liblib__libc__common.a(malloc.c.obj)
 *(SORT_BY_NAME(SORT_BY_ALIGNMENT(.z_init_POST_KERNEL_P_???_*)))
                0x0000000008007988                __init_APPLICATION_start = .
 *(SORT_BY_NAME(SORT_BY_ALIGNMENT(.z_init_APPLICATION_P_?_*)))
 *(SORT_BY_NAME(SORT_BY_ALIGNMENT(.z_init_APPLICATION_P_??_*)))
 *(SORT_BY_NAME(SORT_BY_ALIGNMENT(.z_init_APPLICATION_P_???_*)))
                0x0000000008007988                __init_SMP_start = .
 *(SORT_BY_NAME(SORT_BY_ALIGNMENT(.z_init_SMP_P_?_*)))
 *(SORT_BY_NAME(SORT_BY_ALIGNMENT(.z_init_SMP_P_??_*)))
 *(SORT_BY_NAME(SORT_BY_ALIGNMENT(.z_init_SMP_P_???_*)))
                0x0000000008007988                __init_end = .

device_area     0x0000000008007988      0x200
                0x0000000008007988                _device_list_start = .
 *(SORT_BY_NAME(SORT_BY_ALIGNMENT(._device.static.*_?_*)))
 ._device.static.1_1_
                0x0000000008007988       0x20 zephyr/drivers/clock_control/libdrivers__clock_control.a(clock_stm32_ll_common.c.obj)
                0x0000000008007988                __device_dts_ord_9
 *(SORT_BY_NAME(SORT_BY_ALIGNMENT(._device.static.*_??_*)))
 ._device.static.1_35_
                0x00000000080079a8       0x20 zephyr/drivers/reset/libdrivers__reset.a(reset_stm32.c.obj)
                0x00000000080079a8                __device_dts_ord_51
 ._device.static.1_40_
                0x00000000080079c8       0x20 zephyr/drivers/interrupt_controller/libdrivers__interrupt_controller.a(intc_exti_stm32.c.obj)
                0x00000000080079c8                __device_dts_ord_59
 ._device.static.1_40_
                0x00000000080079e8      0x160 zephyr/drivers/gpio/libdrivers__gpio.a(gpio_stm32.c.obj)
                0x00000000080079e8                __device_dts_ord_130
                0x0000000008007a08                __device_dts_ord_129
                0x0000000008007a28                __device_dts_ord_128
                0x0000000008007a48                __device_dts_ord_127
                0x0000000008007a68                __device_dts_ord_126
                0x0000000008007a88                __device_dts_ord_125
                0x0000000008007aa8                __device_dts_ord_124
                0x0000000008007ac8                __device_dts_ord_82
                0x0000000008007ae8                __device_dts_ord_33
                0x0000000008007b08                __device_dts_ord_36
                0x0000000008007b28                __device_dts_ord_123
 ._device.static.1_50_
                0x0000000008007b48       0x40 zephyr/drivers/serial/libdrivers__serial.a(uart_stm32.c.obj)
                0x0000000008007b48                __device_dts_ord_79
                0x0000000008007b68                __device_dts_ord_71
 *(SORT_BY_NAME(SORT_BY_ALIGNMENT(._device.static.*_???_*)))
 *(SORT_BY_NAME(SORT_BY_ALIGNMENT(._device.static.*_????_*)))
 *(SORT_BY_NAME(SORT_BY_ALIGNMENT(._device.static.*_?????_*)))
                0x0000000008007b88                _device_list_end = .

sw_isr_table    0x0000000008007b88      0x370
                0x0000000008007b88                . = ALIGN (0x4)
 *(SORT_BY_ALIGNMENT(.gnu.linkonce.sw_isr_table*))
 .gnu.linkonce.sw_isr_table
                0x0000000008007b88      0x370 zephyr/arch/common/libisr_tables.a(isr_tables.c.obj)
                0x0000000008007b88                _sw_isr_table

initlevel_error
                0x00000000080078d8        0x0
 *(SORT_BY_NAME(SORT_BY_ALIGNMENT(.z_init_*)))
                0x0000000000000001                ASSERT ((SIZEOF (initlevel_error) == 0x0), Undefined initialization levels used.)

app_shmem_regions
                0x0000000008007ef8        0x0
                0x0000000008007ef8                __app_shmem_regions_start = .
 *(SORT_BY_NAME(SORT_BY_ALIGNMENT(.app_regions.*)))
                0x0000000008007ef8                __app_shmem_regions_end = .

k_p4wq_initparam_area
                0x0000000008007ef8        0x0
                0x0000000008007ef8                _k_p4wq_initparam_list_start = .
 *(SORT_BY_NAME(SORT_BY_ALIGNMENT(._k_p4wq_initparam.static.*)))
                0x0000000008007ef8                _k_p4wq_initparam_list_end = .

_static_thread_data_area
                0x0000000008007ef8        0x0
                0x0000000008007ef8                __static_thread_data_list_start = .
 *(SORT_BY_NAME(SORT_BY_ALIGNMENT(.__static_thread_data.static.*)))
                0x0000000008007ef8                __static_thread_data_list_end = .

device_deps     0x0000000008007ef8        0x0
                0x0000000008007ef8                __device_deps_start = .
 *(SORT_BY_NAME(SORT_BY_ALIGNMENT(.__device_deps_pass2*)))
                0x0000000008007ef8                __device_deps_end = .

gpio_driver_api_area
                0x0000000008007ef8       0x24
                0x0000000008007ef8                _gpio_driver_api_list_start = .
 *(SORT_BY_NAME(SORT_BY_ALIGNMENT(._gpio_driver_api.static.*)))
 ._gpio_driver_api.static.gpio_stm32_driver_
                0x0000000008007ef8       0x24 zephyr/drivers/gpio/libdrivers__gpio.a(gpio_stm32.c.obj)
                0x0000000008007f1c                _gpio_driver_api_list_end = .

reset_driver_api_area
                0x0000000008007f1c       0x10
                0x0000000008007f1c                _reset_driver_api_list_start = .
 *(SORT_BY_NAME(SORT_BY_ALIGNMENT(._reset_driver_api.static.*)))
 ._reset_driver_api.static.reset_stm32_driver_api_
                0x0000000008007f1c       0x10 zephyr/drivers/reset/libdrivers__reset.a(reset_stm32.c.obj)
                0x0000000008007f2c                _reset_driver_api_list_end = .

shared_irq_driver_api_area
                0x0000000008007f2c        0x0
                0x0000000008007f2c                _shared_irq_driver_api_list_start = .
 *(SORT_BY_NAME(SORT_BY_ALIGNMENT(._shared_irq_driver_api.static.*)))
                0x0000000008007f2c                _shared_irq_driver_api_list_end = .

crypto_driver_api_area
                0x0000000008007f2c        0x0
                0x0000000008007f2c                _crypto_driver_api_list_start = .
 *(SORT_BY_NAME(SORT_BY_ALIGNMENT(._crypto_driver_api.static.*)))
                0x0000000008007f2c                _crypto_driver_api_list_end = .

adc_driver_api_area
                0x0000000008007f2c        0x0
                0x0000000008007f2c                _adc_driver_api_list_start = .
 *(SORT_BY_NAME(SORT_BY_ALIGNMENT(._adc_driver_api.static.*)))
                0x0000000008007f2c                _adc_driver_api_list_end = .

auxdisplay_driver_api_area
                0x0000000008007f2c        0x0
                0x0000000008007f2c                _auxdisplay_driver_api_list_start = .
 *(SORT_BY_NAME(SORT_BY_ALIGNMENT(._auxdisplay_driver_api.static.*)))
                0x0000000008007f2c                _auxdisplay_driver_api_list_end = .

bbram_driver_api_area
                0x0000000008007f2c        0x0
                0x0000000008007f2c                _bbram_driver_api_list_start = .
 *(SORT_BY_NAME(SORT_BY_ALIGNMENT(._bbram_driver_api.static.*)))
                0x0000000008007f2c                _bbram_driver_api_list_end = .

bt_hci_driver_api_area
                0x0000000008007f2c        0x0
                0x0000000008007f2c                _bt_hci_driver_api_list_start = .
 *(SORT_BY_NAME(SORT_BY_ALIGNMENT(._bt_hci_driver_api.static.*)))
                0x0000000008007f2c                _bt_hci_driver_api_list_end = .

can_driver_api_area
                0x0000000008007f2c        0x0
                0x0000000008007f2c                _can_driver_api_list_start = .
 *(SORT_BY_NAME(SORT_BY_ALIGNMENT(._can_driver_api.static.*)))
                0x0000000008007f2c                _can_driver_api_list_end = .

cellular_driver_api_area
                0x0000000008007f2c        0x0
                0x0000000008007f2c                _cellular_driver_api_list_start = .
 *(SORT_BY_NAME(SORT_BY_ALIGNMENT(._cellular_driver_api.static.*)))
                0x0000000008007f2c                _cellular_driver_api_list_end = .

charger_driver_api_area
                0x0000000008007f2c        0x0
                0x0000000008007f2c                _charger_driver_api_list_start = .
 *(SORT_BY_NAME(SORT_BY_ALIGNMENT(._charger_driver_api.static.*)))
                0x0000000008007f2c                _charger_driver_api_list_end = .

clock_control_driver_api_area
                0x0000000008007f2c       0x1c
                0x0000000008007f2c                _clock_control_driver_api_list_start = .
 *(SORT_BY_NAME(SORT_BY_ALIGNMENT(._clock_control_driver_api.static.*)))
 ._clock_control_driver_api.static.stm32_clock_control_api_
                0x0000000008007f2c       0x1c zephyr/drivers/clock_control/libdrivers__clock_control.a(clock_stm32_ll_common.c.obj)
                0x0000000008007f48                _clock_control_driver_api_list_end = .

comparator_driver_api_area
                0x0000000008007f48        0x0
                0x0000000008007f48                _comparator_driver_api_list_start = .
 *(SORT_BY_NAME(SORT_BY_ALIGNMENT(._comparator_driver_api.static.*)))
                0x0000000008007f48                _comparator_driver_api_list_end = .

coredump_driver_api_area
                0x0000000008007f48        0x0
                0x0000000008007f48                _coredump_driver_api_list_start = .
 *(SORT_BY_NAME(SORT_BY_ALIGNMENT(._coredump_driver_api.static.*)))
                0x0000000008007f48                _coredump_driver_api_list_end = .

counter_driver_api_area
                0x0000000008007f48        0x0
                0x0000000008007f48                _counter_driver_api_list_start = .
 *(SORT_BY_NAME(SORT_BY_ALIGNMENT(._counter_driver_api.static.*)))
                0x0000000008007f48                _counter_driver_api_list_end = .

crc_driver_api_area
                0x0000000008007f48        0x0
                0x0000000008007f48                _crc_driver_api_list_start = .
 *(SORT_BY_NAME(SORT_BY_ALIGNMENT(._crc_driver_api.static.*)))
                0x0000000008007f48                _crc_driver_api_list_end = .

dac_driver_api_area
                0x0000000008007f48        0x0
                0x0000000008007f48                _dac_driver_api_list_start = .
 *(SORT_BY_NAME(SORT_BY_ALIGNMENT(._dac_driver_api.static.*)))
                0x0000000008007f48                _dac_driver_api_list_end = .

dai_driver_api_area
                0x0000000008007f48        0x0
                0x0000000008007f48                _dai_driver_api_list_start = .
 *(SORT_BY_NAME(SORT_BY_ALIGNMENT(._dai_driver_api.static.*)))
                0x0000000008007f48                _dai_driver_api_list_end = .

display_driver_api_area
                0x0000000008007f48        0x0
                0x0000000008007f48                _display_driver_api_list_start = .
 *(SORT_BY_NAME(SORT_BY_ALIGNMENT(._display_driver_api.static.*)))
                0x0000000008007f48                _display_driver_api_list_end = .

dma_driver_api_area
                0x0000000008007f48        0x0
                0x0000000008007f48                _dma_driver_api_list_start = .
 *(SORT_BY_NAME(SORT_BY_ALIGNMENT(._dma_driver_api.static.*)))
                0x0000000008007f48                _dma_driver_api_list_end = .

edac_driver_api_area
                0x0000000008007f48        0x0
                0x0000000008007f48                _edac_driver_api_list_start = .
 *(SORT_BY_NAME(SORT_BY_ALIGNMENT(._edac_driver_api.static.*)))
                0x0000000008007f48                _edac_driver_api_list_end = .

eeprom_driver_api_area
                0x0000000008007f48        0x0
                0x0000000008007f48                _eeprom_driver_api_list_start = .
 *(SORT_BY_NAME(SORT_BY_ALIGNMENT(._eeprom_driver_api.static.*)))
                0x0000000008007f48                _eeprom_driver_api_list_end = .

emul_bbram_driver_api_area
                0x0000000008007f48        0x0
                0x0000000008007f48                _emul_bbram_driver_api_list_start = .
 *(SORT_BY_NAME(SORT_BY_ALIGNMENT(._emul_bbram_driver_api.static.*)))
                0x0000000008007f48                _emul_bbram_driver_api_list_end = .

fuel_gauge_emul_driver_api_area
                0x0000000008007f48        0x0
                0x0000000008007f48                _fuel_gauge_emul_driver_api_list_start = .
 *(SORT_BY_NAME(SORT_BY_ALIGNMENT(._fuel_gauge_emul_driver_api.static.*)))
                0x0000000008007f48                _fuel_gauge_emul_driver_api_list_end = .

emul_sensor_driver_api_area
                0x0000000008007f48        0x0
                0x0000000008007f48                _emul_sensor_driver_api_list_start = .
 *(SORT_BY_NAME(SORT_BY_ALIGNMENT(._emul_sensor_driver_api.static.*)))
                0x0000000008007f48                _emul_sensor_driver_api_list_end = .

entropy_driver_api_area
                0x0000000008007f48        0x0
                0x0000000008007f48                _entropy_driver_api_list_start = .
 *(SORT_BY_NAME(SORT_BY_ALIGNMENT(._entropy_driver_api.static.*)))
                0x0000000008007f48                _entropy_driver_api_list_end = .

espi_driver_api_area
                0x0000000008007f48        0x0
                0x0000000008007f48                _espi_driver_api_list_start = .
 *(SORT_BY_NAME(SORT_BY_ALIGNMENT(._espi_driver_api.static.*)))
                0x0000000008007f48                _espi_driver_api_list_end = .

espi_saf_driver_api_area
                0x0000000008007f48        0x0
                0x0000000008007f48                _espi_saf_driver_api_list_start = .
 *(SORT_BY_NAME(SORT_BY_ALIGNMENT(._espi_saf_driver_api.static.*)))
                0x0000000008007f48                _espi_saf_driver_api_list_end = .

flash_driver_api_area
                0x0000000008007f48        0x0
                0x0000000008007f48                _flash_driver_api_list_start = .
 *(SORT_BY_NAME(SORT_BY_ALIGNMENT(._flash_driver_api.static.*)))
                0x0000000008007f48                _flash_driver_api_list_end = .

fpga_driver_api_area
                0x0000000008007f48        0x0
                0x0000000008007f48                _fpga_driver_api_list_start = .
 *(SORT_BY_NAME(SORT_BY_ALIGNMENT(._fpga_driver_api.static.*)))
                0x0000000008007f48                _fpga_driver_api_list_end = .

fuel_gauge_driver_api_area
                0x0000000008007f48        0x0
                0x0000000008007f48                _fuel_gauge_driver_api_list_start = .
 *(SORT_BY_NAME(SORT_BY_ALIGNMENT(._fuel_gauge_driver_api.static.*)))
                0x0000000008007f48                _fuel_gauge_driver_api_list_end = .

gnss_driver_api_area
                0x0000000008007f48        0x0
                0x0000000008007f48                _gnss_driver_api_list_start = .
 *(SORT_BY_NAME(SORT_BY_ALIGNMENT(._gnss_driver_api.static.*)))
                0x0000000008007f48                _gnss_driver_api_list_end = .

haptics_driver_api_area
                0x0000000008007f48        0x0
                0x0000000008007f48                _haptics_driver_api_list_start = .
 *(SORT_BY_NAME(SORT_BY_ALIGNMENT(._haptics_driver_api.static.*)))
                0x0000000008007f48                _haptics_driver_api_list_end = .

hwspinlock_driver_api_area
                0x0000000008007f48        0x0
                0x0000000008007f48                _hwspinlock_driver_api_list_start = .
 *(SORT_BY_NAME(SORT_BY_ALIGNMENT(._hwspinlock_driver_api.static.*)))
                0x0000000008007f48                _hwspinlock_driver_api_list_end = .

i2c_driver_api_area
                0x0000000008007f48        0x0
                0x0000000008007f48                _i2c_driver_api_list_start = .
 *(SORT_BY_NAME(SORT_BY_ALIGNMENT(._i2c_driver_api.static.*)))
                0x0000000008007f48                _i2c_driver_api_list_end = .

i2c_target_driver_api_area
                0x0000000008007f48        0x0
                0x0000000008007f48                _i2c_target_driver_api_list_start = .
 *(SORT_BY_NAME(SORT_BY_ALIGNMENT(._i2c_target_driver_api.static.*)))
                0x0000000008007f48                _i2c_target_driver_api_list_end = .

i2s_driver_api_area
                0x0000000008007f48        0x0
                0x0000000008007f48                _i2s_driver_api_list_start = .
 *(SORT_BY_NAME(SORT_BY_ALIGNMENT(._i2s_driver_api.static.*)))
                0x0000000008007f48                _i2s_driver_api_list_end = .

i3c_driver_api_area
                0x0000000008007f48        0x0
                0x0000000008007f48                _i3c_driver_api_list_start = .
 *(SORT_BY_NAME(SORT_BY_ALIGNMENT(._i3c_driver_api.static.*)))
                0x0000000008007f48                _i3c_driver_api_list_end = .

ipm_driver_api_area
                0x0000000008007f48        0x0
                0x0000000008007f48                _ipm_driver_api_list_start = .
 *(SORT_BY_NAME(SORT_BY_ALIGNMENT(._ipm_driver_api.static.*)))
                0x0000000008007f48                _ipm_driver_api_list_end = .

led_driver_api_area
                0x0000000008007f48        0x0
                0x0000000008007f48                _led_driver_api_list_start = .
 *(SORT_BY_NAME(SORT_BY_ALIGNMENT(._led_driver_api.static.*)))
                0x0000000008007f48                _led_driver_api_list_end = .

led_strip_driver_api_area
                0x0000000008007f48        0x0
                0x0000000008007f48                _led_strip_driver_api_list_start = .
 *(SORT_BY_NAME(SORT_BY_ALIGNMENT(._led_strip_driver_api.static.*)))
                0x0000000008007f48                _led_strip_driver_api_list_end = .

lora_driver_api_area
                0x0000000008007f48        0x0
                0x0000000008007f48                _lora_driver_api_list_start = .
 *(SORT_BY_NAME(SORT_BY_ALIGNMENT(._lora_driver_api.static.*)))
                0x0000000008007f48                _lora_driver_api_list_end = .

mbox_driver_api_area
                0x0000000008007f48        0x0
                0x0000000008007f48                _mbox_driver_api_list_start = .
 *(SORT_BY_NAME(SORT_BY_ALIGNMENT(._mbox_driver_api.static.*)))
                0x0000000008007f48                _mbox_driver_api_list_end = .

mdio_driver_api_area
                0x0000000008007f48        0x0
                0x0000000008007f48                _mdio_driver_api_list_start = .
 *(SORT_BY_NAME(SORT_BY_ALIGNMENT(._mdio_driver_api.static.*)))
                0x0000000008007f48                _mdio_driver_api_list_end = .

mipi_dbi_driver_api_area
                0x0000000008007f48        0x0
                0x0000000008007f48                _mipi_dbi_driver_api_list_start = .
 *(SORT_BY_NAME(SORT_BY_ALIGNMENT(._mipi_dbi_driver_api.static.*)))
                0x0000000008007f48                _mipi_dbi_driver_api_list_end = .

mipi_dsi_driver_api_area
                0x0000000008007f48        0x0
                0x0000000008007f48                _mipi_dsi_driver_api_list_start = .
 *(SORT_BY_NAME(SORT_BY_ALIGNMENT(._mipi_dsi_driver_api.static.*)))
                0x0000000008007f48                _mipi_dsi_driver_api_list_end = .

mspi_driver_api_area
                0x0000000008007f48        0x0
                0x0000000008007f48                _mspi_driver_api_list_start = .
 *(SORT_BY_NAME(SORT_BY_ALIGNMENT(._mspi_driver_api.static.*)))
                0x0000000008007f48                _mspi_driver_api_list_end = .

opamp_driver_api_area
                0x0000000008007f48        0x0
                0x0000000008007f48                _opamp_driver_api_list_start = .
 *(SORT_BY_NAME(SORT_BY_ALIGNMENT(._opamp_driver_api.static.*)))
                0x0000000008007f48                _opamp_driver_api_list_end = .

peci_driver_api_area
                0x0000000008007f48        0x0
                0x0000000008007f48                _peci_driver_api_list_start = .
 *(SORT_BY_NAME(SORT_BY_ALIGNMENT(._peci_driver_api.static.*)))
                0x0000000008007f48                _peci_driver_api_list_end = .

ps2_driver_api_area
                0x0000000008007f48        0x0
                0x0000000008007f48                _ps2_driver_api_list_start = .
 *(SORT_BY_NAME(SORT_BY_ALIGNMENT(._ps2_driver_api.static.*)))
                0x0000000008007f48                _ps2_driver_api_list_end = .

ptp_clock_driver_api_area
                0x0000000008007f48        0x0
                0x0000000008007f48                _ptp_clock_driver_api_list_start = .
 *(SORT_BY_NAME(SORT_BY_ALIGNMENT(._ptp_clock_driver_api.static.*)))
                0x0000000008007f48                _ptp_clock_driver_api_list_end = .

pwm_driver_api_area
                0x0000000008007f48        0x0
                0x0000000008007f48                _pwm_driver_api_list_start = .
 *(SORT_BY_NAME(SORT_BY_ALIGNMENT(._pwm_driver_api.static.*)))
                0x0000000008007f48                _pwm_driver_api_list_end = .

regulator_parent_driver_api_area
                0x0000000008007f48        0x0
                0x0000000008007f48                _regulator_parent_driver_api_list_start = .
 *(SORT_BY_NAME(SORT_BY_ALIGNMENT(._regulator_parent_driver_api.static.*)))
                0x0000000008007f48                _regulator_parent_driver_api_list_end = .

regulator_driver_api_area
                0x0000000008007f48        0x0
                0x0000000008007f48                _regulator_driver_api_list_start = .
 *(SORT_BY_NAME(SORT_BY_ALIGNMENT(._regulator_driver_api.static.*)))
                0x0000000008007f48                _regulator_driver_api_list_end = .

retained_mem_driver_api_area
                0x0000000008007f48        0x0
                0x0000000008007f48                _retained_mem_driver_api_list_start = .
 *(SORT_BY_NAME(SORT_BY_ALIGNMENT(._retained_mem_driver_api.static.*)))
                0x0000000008007f48                _retained_mem_driver_api_list_end = .

rtc_driver_api_area
                0x0000000008007f48        0x0
                0x0000000008007f48                _rtc_driver_api_list_start = .
 *(SORT_BY_NAME(SORT_BY_ALIGNMENT(._rtc_driver_api.static.*)))
                0x0000000008007f48                _rtc_driver_api_list_end = .

sdhc_driver_api_area
                0x0000000008007f48        0x0
                0x0000000008007f48                _sdhc_driver_api_list_start = .
 *(SORT_BY_NAME(SORT_BY_ALIGNMENT(._sdhc_driver_api.static.*)))
                0x0000000008007f48                _sdhc_driver_api_list_end = .

sensor_driver_api_area
                0x0000000008007f48        0x0
                0x0000000008007f48                _sensor_driver_api_list_start = .
 *(SORT_BY_NAME(SORT_BY_ALIGNMENT(._sensor_driver_api.static.*)))
                0x0000000008007f48                _sensor_driver_api_list_end = .

smbus_driver_api_area
                0x0000000008007f48        0x0
                0x0000000008007f48                _smbus_driver_api_list_start = .
 *(SORT_BY_NAME(SORT_BY_ALIGNMENT(._smbus_driver_api.static.*)))
                0x0000000008007f48                _smbus_driver_api_list_end = .

spi_driver_api_area
                0x0000000008007f48        0x0
                0x0000000008007f48                _spi_driver_api_list_start = .
 *(SORT_BY_NAME(SORT_BY_ALIGNMENT(._spi_driver_api.static.*)))
                0x0000000008007f48                _spi_driver_api_list_end = .

stepper_driver_api_area
                0x0000000008007f48        0x0
                0x0000000008007f48                _stepper_driver_api_list_start = .
 *(SORT_BY_NAME(SORT_BY_ALIGNMENT(._stepper_driver_api.static.*)))
                0x0000000008007f48                _stepper_driver_api_list_end = .

syscon_driver_api_area
                0x0000000008007f48        0x0
                0x0000000008007f48                _syscon_driver_api_list_start = .
 *(SORT_BY_NAME(SORT_BY_ALIGNMENT(._syscon_driver_api.static.*)))
                0x0000000008007f48                _syscon_driver_api_list_end = .

tee_driver_api_area
                0x0000000008007f48        0x0
                0x0000000008007f48                _tee_driver_api_list_start = .
 *(SORT_BY_NAME(SORT_BY_ALIGNMENT(._tee_driver_api.static.*)))
                0x0000000008007f48                _tee_driver_api_list_end = .

video_driver_api_area
                0x0000000008007f48        0x0
                0x0000000008007f48                _video_driver_api_list_start = .
 *(SORT_BY_NAME(SORT_BY_ALIGNMENT(._video_driver_api.static.*)))
                0x0000000008007f48                _video_driver_api_list_end = .

virtio_driver_api_area
                0x0000000008007f48        0x0
                0x0000000008007f48                _virtio_driver_api_list_start = .
 *(SORT_BY_NAME(SORT_BY_ALIGNMENT(._virtio_driver_api.static.*)))
                0x0000000008007f48                _virtio_driver_api_list_end = .

w1_driver_api_area
                0x0000000008007f48        0x0
                0x0000000008007f48                _w1_driver_api_list_start = .
 *(SORT_BY_NAME(SORT_BY_ALIGNMENT(._w1_driver_api.static.*)))
                0x0000000008007f48                _w1_driver_api_list_end = .

wdt_driver_api_area
                0x0000000008007f48        0x0
                0x0000000008007f48                _wdt_driver_api_list_start = .
 *(SORT_BY_NAME(SORT_BY_ALIGNMENT(._wdt_driver_api.static.*)))
                0x0000000008007f48                _wdt_driver_api_list_end = .

can_transceiver_driver_api_area
                0x0000000008007f48        0x0
                0x0000000008007f48                _can_transceiver_driver_api_list_start = .
 *(SORT_BY_NAME(SORT_BY_ALIGNMENT(._can_transceiver_driver_api.static.*)))
                0x0000000008007f48                _can_transceiver_driver_api_list_end = .

nrf_clock_control_driver_api_area
                0x0000000008007f48        0x0
                0x0000000008007f48                _nrf_clock_control_driver_api_list_start = .
 *(SORT_BY_NAME(SORT_BY_ALIGNMENT(._nrf_clock_control_driver_api.static.*)))
                0x0000000008007f48                _nrf_clock_control_driver_api_list_end = .

i3c_target_driver_api_area
                0x0000000008007f48        0x0
                0x0000000008007f48                _i3c_target_driver_api_list_start = .
 *(SORT_BY_NAME(SORT_BY_ALIGNMENT(._i3c_target_driver_api.static.*)))
                0x0000000008007f48                _i3c_target_driver_api_list_end = .

its_driver_api_area
                0x0000000008007f48        0x0
                0x0000000008007f48                _its_driver_api_list_start = .
 *(SORT_BY_NAME(SORT_BY_ALIGNMENT(._its_driver_api.static.*)))
                0x0000000008007f48                _its_driver_api_list_end = .

vtd_driver_api_area
                0x0000000008007f48        0x0
                0x0000000008007f48                _vtd_driver_api_list_start = .
 *(SORT_BY_NAME(SORT_BY_ALIGNMENT(._vtd_driver_api.static.*)))
                0x0000000008007f48                _vtd_driver_api_list_end = .

renesas_elc_driver_api_area
                0x0000000008007f48        0x0
                0x0000000008007f48                _renesas_elc_driver_api_list_start = .
 *(SORT_BY_NAME(SORT_BY_ALIGNMENT(._renesas_elc_driver_api.static.*)))
                0x0000000008007f48                _renesas_elc_driver_api_list_end = .

tgpio_driver_api_area
                0x0000000008007f48        0x0
                0x0000000008007f48                _tgpio_driver_api_list_start = .
 *(SORT_BY_NAME(SORT_BY_ALIGNMENT(._tgpio_driver_api.static.*)))
                0x0000000008007f48                _tgpio_driver_api_list_end = .

pcie_ctrl_driver_api_area
                0x0000000008007f48        0x0
                0x0000000008007f48                _pcie_ctrl_driver_api_list_start = .
 *(SORT_BY_NAME(SORT_BY_ALIGNMENT(._pcie_ctrl_driver_api.static.*)))
                0x0000000008007f48                _pcie_ctrl_driver_api_list_end = .

pcie_ep_driver_api_area
                0x0000000008007f48        0x0
                0x0000000008007f48                _pcie_ep_driver_api_list_start = .
 *(SORT_BY_NAME(SORT_BY_ALIGNMENT(._pcie_ep_driver_api.static.*)))
                0x0000000008007f48                _pcie_ep_driver_api_list_end = .

psi5_driver_api_area
                0x0000000008007f48        0x0
                0x0000000008007f48                _psi5_driver_api_list_start = .
 *(SORT_BY_NAME(SORT_BY_ALIGNMENT(._psi5_driver_api.static.*)))
                0x0000000008007f48                _psi5_driver_api_list_end = .

sent_driver_api_area
                0x0000000008007f48        0x0
                0x0000000008007f48                _sent_driver_api_list_start = .
 *(SORT_BY_NAME(SORT_BY_ALIGNMENT(._sent_driver_api.static.*)))
                0x0000000008007f48                _sent_driver_api_list_end = .

svc_driver_api_area